******************************************************************************
                  TI ARM Linker PC v5.2.2                      
******************************************************************************
>> Linked Tue Jul 21 11:49:16 2015

OUTPUT FILE NAME:   <testbed_0.out>
ENTRY POINT SYMBOL: "_c_int00"  address: 00000bc9


MEMORY CONFIGURATION

         name            origin    length      used     unused   attr    fill
----------------------  --------  ---------  --------  --------  ----  --------
  FLASH                 00000000   00100000  0000127e  000fed82  R  X
  SRAM                  20000000   00040000  00000434  0003fbcc  RW X


SEGMENT ALLOCATION MAP

run origin  load origin   length   init length attrs members
----------  ----------- ---------- ----------- ----- -------
00000000    00000000    00001280   00001280    r-x
  00000000    00000000    00000200   00000200    r-- .intvecs
  00000200    00000200    00000d52   00000d52    r-x .text
  00000f54    00000f54    000002e4   000002e4    r-- .const
  00001238    00001238    00000048   00000048    r-- .cinit
20000000    20000000    00000434   00000000    rw-
  20000000    20000000    0000026c   00000000    rw- .vtable
  2000026c    2000026c    00000100   00000000    rw- .stack
  2000036c    2000036c    000000ac   00000000    rw- .bss
  20000418    20000418    0000001c   00000000    rw- .data


SECTION ALLOCATION MAP

 output                                  attributes/
section   page    origin      length       input sections
--------  ----  ----------  ----------   ----------------
.intvecs   0    00000000    00000200     
                  00000000    00000200     startup_ccs.obj (.intvecs)

.text      0    00000200    00000d52     
                  00000200    00000204     driverlib.lib : sysctl.obj (.text:SysCtlClockFreqSet)
                  00000404    000001ea     uartstdio.obj (.text:UARTvprintf)
                  000005ee    00000002     startup_ccs.obj (.text:FaultISR)
                  000005f0    0000011c     main.obj (.text:main)
                  0000070c    000000f8     main.obj (.text:ConfigureUART)
                  00000804    0000009c     rtsv7M4_T_le_v4SPD16_eabi.lib : memcpy_t2.obj (.text)
                  000008a0    00000088     main.obj (.text:Timer0IntHandler)
                  00000928    00000084     main.obj (.text:Timer1IntHandler)
                  000009ac    0000007a     rtsv7M4_T_le_v4SPD16_eabi.lib : memset_t2.obj (.text)
                  00000a26    00000002     startup_ccs.obj (.text:IntDefaultHandler)
                  00000a28    0000006c     rtsv7M4_T_le_v4SPD16_eabi.lib : autoinit.obj (.text)
                  00000a94    0000006a                                   : copy_decompress_rle.obj (.text)
                  00000afe    00000002     startup_ccs.obj (.text:NmiSR)
                  00000b00    00000068     driverlib.lib : interrupt.obj (.text:IntEnable)
                  00000b68    00000060     uartstdio.obj (.text:UARTStdioConfig)
                  00000bc8    00000050     rtsv7M4_T_le_v4SPD16_eabi.lib : boot.obj (.text)
                  00000c18    0000004c                                   : cpy_tbl.obj (.text)
                  00000c64    00000048     main.obj (.text:BTuart)
                  00000cac    00000048     uartstdio.obj (.text:UARTwrite)
                  00000cf4    00000048     driverlib.lib : sysctl.obj (.text:_SysCtlFrequencyGet)
                  00000d3c    00000044     rtsv7M4_T_le_v4SPD16_eabi.lib : exit.obj (.text)
                  00000d80    00000042                                   : u_divt2.obj (.text)
                  00000dc2    00000002     --HOLE-- [fill = 0]
                  00000dc4    00000040     driverlib.lib : uart.obj (.text:_UARTIntNumberGet)
                  00000e04    0000003c     main.obj (.text:Terminal)
                  00000e40    00000034     driverlib.lib : interrupt.obj (.text:IntRegister)
                  00000e74    0000001c                   : sysctl.obj (.text:_SysCtlMemTimingGet)
                  00000e90    0000001a     uartstdio.obj (.text:UARTprintf)
                  00000eaa    00000018     driverlib.lib : uart.obj (.text:UARTIntRegister)
                  00000ec2    00000002     --HOLE-- [fill = 0]
                  00000ec4    00000018     rtsv7M4_T_le_v4SPD16_eabi.lib : args_main.obj (.text)
                  00000edc    00000014                                   : _lock.obj (.text)
                  00000ef0    0000000e     driverlib.lib : uart.obj (.text:UARTCharGetNonBlocking)
                  00000efe    0000000e     rtsv7M4_T_le_v4SPD16_eabi.lib : copy_decompress_none.obj (.text:decompress:none)
                  00000f0c    0000000c     driverlib.lib : uart.obj (.text:UARTCharsAvail)
                  00000f18    0000000c     rtsv7M4_T_le_v4SPD16_eabi.lib : copy_zero_init.obj (.text:decompress:ZI)
                  00000f24    0000000a     driverlib.lib : uart.obj (.text:UARTCharPut)
                  00000f2e    0000000a                   : uart.obj (.text:UARTIntStatus)
                  00000f38    00000006                   : gpio.obj (.text:GPIOPinWrite)
                  00000f3e    00000006     startup_ccs.obj (.text:ResetISR)
                  00000f44    00000006     rtsv7M4_T_le_v4SPD16_eabi.lib : copy_decompress_rle.obj (.text:decompress:rle24)
                  00000f4a    00000004     driverlib.lib : uart.obj (.text:UARTIntClear)
                  00000f4e    00000004     rtsv7M4_T_le_v4SPD16_eabi.lib : pre_init.obj (.text)

.const     0    00000f54    000002e4     
                  00000f54    00000120     driverlib.lib : sysctl.obj (.const:g_pppui32XTALtoVCO)
                  00001074    00000070                   : interrupt.obj (.const)
                  000010e4    0000006c                   : sysctl.obj (.const:g_pui32Xtals)
                  00001150    00000040                   : uart.obj (.const:g_ppui32UARTIntMap)
                  00001190    00000040                   : uart.obj (.const:g_ppui32UARTIntMapSnowflake)
                  000011d0    00000030                   : sysctl.obj (.const:g_sXTALtoMEMTIM)
                  00001200    0000001c     uartstdio.obj (.const)
                  0000121c    00000012     uartstdio.obj (.const:.string)
                  0000122e    00000002     --HOLE-- [fill = 0]
                  00001230    00000008     driverlib.lib : sysctl.obj (.const)

.cinit     0    00001238    00000048     
                  00001238    0000000f     (.cinit..data.load) [load image, compression = rle]
                  00001247    00000001     --HOLE-- [fill = 0]
                  00001248    0000000c     (__TI_handler_table)
                  00001254    00000004     --HOLE-- [fill = 0]
                  00001258    00000008     (.cinit..bss.load) [load image, compression = zero_init]
                  00001260    00000008     (.cinit..vtable.load) [load image, compression = zero_init]
                  00001268    00000018     (__TI_cinit_table)

.init_array 
*          0    00000000    00000000     UNINITIALIZED

.vtable    0    20000000    0000026c     UNINITIALIZED
                  20000000    0000026c     driverlib.lib : interrupt.obj (.vtable)

.stack     0    2000026c    00000100     UNINITIALIZED
                  2000026c    00000100     --HOLE--

.bss       0    2000036c    000000ac     UNINITIALIZED
                  2000036c    000000a0     main.obj (.bss:BTRx)
                  2000040c    00000004     (.common:BTRxIndex)
                  20000410    00000004     (.common:g_ui32Flags)
                  20000414    00000004     (.common:g_ui32SysClock)

.TI.noinit 
*          0    2000036c    00000000     UNINITIALIZED

.data      0    20000418    0000001c     UNINITIALIZED
                  20000418    00000008     rtsv7M4_T_le_v4SPD16_eabi.lib : _lock.obj (.data)
                  20000420    00000008                                   : exit.obj (.data)
                  20000428    00000005     uartstdio.obj (.data)
                  2000042d    00000003     --HOLE--
                  20000430    00000004     rtsv7M4_T_le_v4SPD16_eabi.lib : stkdepth_vars.obj (.data)

.TI.persistent 
*          0    20000418    00000000     UNINITIALIZED


LINKER GENERATED COPY TABLES

__TI_cinit_table @ 00001268 records: 3, size/record: 8, table size: 24
	.data: load addr=00001238, load size=0000000f bytes, run addr=20000418, run size=0000001c bytes, compression=rle
	.bss: load addr=00001258, load size=00000008 bytes, run addr=2000036c, run size=000000ac bytes, compression=zero_init
	.vtable: load addr=00001260, load size=00000008 bytes, run addr=20000000, run size=0000026c bytes, compression=zero_init


LINKER GENERATED HANDLER TABLE

__TI_handler_table @ 00001248 records: 3, size/record: 4, table size: 12
	index: 0, handler: __TI_zero_init
	index: 1, handler: __TI_decompress_rle24
	index: 2, handler: __TI_decompress_none


GLOBAL SYMBOLS: SORTED ALPHABETICALLY BY Name 

address   name                    
-------   ----                    
2000036c  BTRx                    
2000040c  BTRxIndex               
00000c65  BTuart                  
00000d3d  C$$EXIT                 
0000070d  ConfigureUART           
00000f39  GPIOPinWrite            
00000b01  IntEnable               
00000e41  IntRegister             
00000f3f  ResetISR                
UNDEFED   SHT$$INIT_ARRAY$$Base   
UNDEFED   SHT$$INIT_ARRAY$$Limit  
00000201  SysCtlClockFreqSet      
00000e05  Terminal                
000008a1  Timer0IntHandler        
00000929  Timer1IntHandler        
00000ef1  UARTCharGetNonBlocking  
00000f25  UARTCharPut             
00000f0d  UARTCharsAvail          
00000f4b  UARTIntClear            
00000eab  UARTIntRegister         
00000f2f  UARTIntStatus           
00000b69  UARTStdioConfig         
00000e91  UARTprintf              
00000405  UARTvprintf             
00000cad  UARTwrite               
2000036c  __STACK_END             
00000100  __STACK_SIZE            
2000036c  __STACK_TOP             
00001268  __TI_CINIT_Base         
00001280  __TI_CINIT_Limit        
00001248  __TI_Handler_Table_Base 
00001254  __TI_Handler_Table_Limit
00000a29  __TI_auto_init          
20000420  __TI_cleanup_ptr        
00000eff  __TI_decompress_none    
00000f45  __TI_decompress_rle24   
20000424  __TI_dtors_ptr          
00000000  __TI_static_base__      
00000f19  __TI_zero_init          
000009ad  __aeabi_memclr          
000009ad  __aeabi_memclr4         
000009ad  __aeabi_memclr8         
00000805  __aeabi_memcpy          
00000805  __aeabi_memcpy4         
00000805  __aeabi_memcpy8         
000009af  __aeabi_memset          
000009af  __aeabi_memset4         
000009af  __aeabi_memset8         
00000d81  __aeabi_uidiv           
00000d81  __aeabi_uidivmod        
ffffffff  __binit__               
ffffffff  __c_args__              
2000026c  __stack                 
00000ec5  _args_main              
00000bc9  _c_int00                
20000418  _lock                   
00000eeb  _nop                    
00000ee3  _register_lock          
00000edd  _register_unlock        
00000f4f  _system_pre_init        
2000041c  _unlock                 
00000d41  abort                   
ffffffff  binit                   
00000c19  copy_in                 
00000d49  exit                    
20000000  g_pfnRAMVectors         
00000000  g_pfnVectors            
20000410  g_ui32Flags             
20000414  g_ui32SysClock          
000005f1  main                    
20000430  main_func_sp            
00000805  memcpy                  
000009b5  memset                  


GLOBAL SYMBOLS: SORTED BY Symbol Address 

address   name                    
-------   ----                    
00000000  __TI_static_base__      
00000000  g_pfnVectors            
00000100  __STACK_SIZE            
00000201  SysCtlClockFreqSet      
00000405  UARTvprintf             
000005f1  main                    
0000070d  ConfigureUART           
00000805  __aeabi_memcpy          
00000805  __aeabi_memcpy4         
00000805  __aeabi_memcpy8         
00000805  memcpy                  
000008a1  Timer0IntHandler        
00000929  Timer1IntHandler        
000009ad  __aeabi_memclr          
000009ad  __aeabi_memclr4         
000009ad  __aeabi_memclr8         
000009af  __aeabi_memset          
000009af  __aeabi_memset4         
000009af  __aeabi_memset8         
000009b5  memset                  
00000a29  __TI_auto_init          
00000b01  IntEnable               
00000b69  UARTStdioConfig         
00000bc9  _c_int00                
00000c19  copy_in                 
00000c65  BTuart                  
00000cad  UARTwrite               
00000d3d  C$$EXIT                 
00000d41  abort                   
00000d49  exit                    
00000d81  __aeabi_uidiv           
00000d81  __aeabi_uidivmod        
00000e05  Terminal                
00000e41  IntRegister             
00000e91  UARTprintf              
00000eab  UARTIntRegister         
00000ec5  _args_main              
00000edd  _register_unlock        
00000ee3  _register_lock          
00000eeb  _nop                    
00000ef1  UARTCharGetNonBlocking  
00000eff  __TI_decompress_none    
00000f0d  UARTCharsAvail          
00000f19  __TI_zero_init          
00000f25  UARTCharPut             
00000f2f  UARTIntStatus           
00000f39  GPIOPinWrite            
00000f3f  ResetISR                
00000f45  __TI_decompress_rle24   
00000f4b  UARTIntClear            
00000f4f  _system_pre_init        
00001248  __TI_Handler_Table_Base 
00001254  __TI_Handler_Table_Limit
00001268  __TI_CINIT_Base         
00001280  __TI_CINIT_Limit        
20000000  g_pfnRAMVectors         
2000026c  __stack                 
2000036c  BTRx                    
2000036c  __STACK_END             
2000036c  __STACK_TOP             
2000040c  BTRxIndex               
20000410  g_ui32Flags             
20000414  g_ui32SysClock          
20000418  _lock                   
2000041c  _unlock                 
20000420  __TI_cleanup_ptr        
20000424  __TI_dtors_ptr          
20000430  main_func_sp            
ffffffff  __binit__               
ffffffff  __c_args__              
ffffffff  binit                   
UNDEFED   SHT$$INIT_ARRAY$$Base   
UNDEFED   SHT$$INIT_ARRAY$$Limit  

[73 symbols]
