******************************************************************************
                  TI ARM Linker PC v5.2.2                      
******************************************************************************
>> Linked Fri Jun 05 13:49:17 2015

OUTPUT FILE NAME:   <enet_lwip.out>
ENTRY POINT SYMBOL: "_c_int00"  address: 000439dd


MEMORY CONFIGURATION

         name            origin    length      used     unused   attr    fill
----------------------  --------  ---------  --------  --------  ----  --------
  FLASH                 00000000   00100000  00045116  000baeea  R  X
  SRAM                  20000000   00040000  00018311  00027cef  RW X


SEGMENT ALLOCATION MAP

run origin  load origin   length   init length attrs members
----------  ----------- ---------- ----------- ----- -------
00000000    00000000    00045118   00045118    r-x
  00000000    00000000    00000200   00000200    r-- .intvecs
  00000200    00000200    0003d1e8   0003d1e8    r-- .const
  0003d3e8    0003d3e8    00007cce   00007cce    r-x .text
  000450b8    000450b8    00000060   00000060    r-- .cinit
20000000    20000000    00018314   00000000    rw-
  20000000    20000000    00017aa9   00000000    rw- .bss
  20017aac    20017aac    00000800   00000000    rw- .stack
  200182ac    200182ac    00000068   00000000    rw- .data


SECTION ALLOCATION MAP

 output                                  attributes/
section   page    origin      length       input sections
--------  ----  ----------  ----------   ----------------
.intvecs   0    00000000    00000200     
                  00000000    00000200     startup_ccs.obj (.intvecs)

.const     0    00000200    0003d1e8     
                  00000200    0002c026     enet_fs.obj (.const:.string:data_block_jpg)
                  0002c226    0000b650     enet_fs.obj (.const:.string:data_ek_tm4c1294xl_jpg)
                  00037876    00001bfc     enet_fs.obj (.const:.string:data_ti_jpg)
                  00039472    00000d33     enet_fs.obj (.const:.string:data_tm4c_jpg)
                  0003a1a5    0000073a     enet_fs.obj (.const:.string:data_index_htm)
                  0003a8df    000006da     enet_fs.obj (.const:.string:data_about_htm)
                  0003afb9    000006c3     enet_fs.obj (.const:.string:data_favicon_ico)
                  0003b67c    00000604     enet_fs.obj (.const:.string:data_styles_css)
                  0003bc80    000005c6     enet_fs.obj (.const:.string:data_overview_htm)
                  0003c246    00000479     enet_fs.obj (.const:.string:data_javascript_js)
                  0003c6bf    00000001     --HOLE-- [fill = 0]
                  0003c6c0    00000414     httpd.obj (.const:.string)
                  0003cad4    000001b5     enet_fs.obj (.const:.string:data_block_htm)
                  0003cc89    00000003     --HOLE-- [fill = 0]
                  0003cc8c    00000120     driverlib.lib : sysctl.obj (.const:g_pppui32XTALtoVCO)
                  0003cdac    000000f0     enet_fs.obj (.const)
                  0003ce9c    000000da     enet_fs.obj (.const:.string:data_404_htm)
                  0003cf76    00000002     --HOLE-- [fill = 0]
                  0003cf78    0000009c     driverlib.lib : interrupt.obj (.const:g_pui32Regs)
                  0003d014    00000090                   : gpio.obj (.const:g_pui32GPIOBaseAddrs)
                  0003d0a4    0000008a     lwiplib.obj (.const:.string)
                  0003d12e    00000002     --HOLE-- [fill = 0]
                  0003d130    00000088     httpd.obj (.const:g_psHTTPHeaders)
                  0003d1b8    00000070     driverlib.lib : interrupt.obj (.const)
                  0003d228    0000006c                   : sysctl.obj (.const:g_pui32Xtals)
                  0003d294    00000068     httpd.obj (.const:g_psHTTPHeaderStrings)
                  0003d2fc    00000044     lwiplib.obj (.const)
                  0003d340    00000030     driverlib.lib : sysctl.obj (.const:g_sXTALtoMEMTIM)
                  0003d370    00000028     httpd.obj (.const:g_psDefaultFilenames)
                  0003d398    0000001c     uartstdio.obj (.const)
                  0003d3b4    00000018     driverlib.lib : emac.obj (.const)
                  0003d3cc    00000012     uartstdio.obj (.const:.string)
                  0003d3de    00000002     --HOLE-- [fill = 0]
                  0003d3e0    00000008     driverlib.lib : sysctl.obj (.const)

.text      0    0003d3e8    00007cce     
                  0003d3e8    000007bc     lwiplib.obj (.text:tcp_receive)
                  0003dba4    000003b0     lwiplib.obj (.text:tcp_input)
                  0003df54    000003b0     lwiplib.obj (.text:tcp_process)
                  0003e304    00000304     ff.obj (.text:chk_mounted)
                  0003e608    000002ec     lwiplib.obj (.text:tcp_write)
                  0003e8f4    000002c8     lwiplib.obj (.text:tcp_slowtmr)
                  0003ebbc    0000024d     ustdlib.obj (.text:uvsnprintf)
                  0003ee09    00000001     --HOLE-- [fill = 0]
                  0003ee0a    00000002     startup_ccs.obj (.text:FaultISR)
                  0003ee0c    00000214     pinout.obj (.text:PinoutSet)
                  0003f020    00000204     driverlib.lib : sysctl.obj (.text:SysCtlClockFreqSet)
                  0003f224    000001ea     uartstdio.obj (.text:UARTvprintf)
                  0003f40e    00000002     startup_ccs.obj (.text:IntDefaultHandler)
                  0003f410    000001a8     lwiplib.obj (.text:ip_input)
                  0003f5b8    000001a0     httpd.obj (.text:http_send_data)
                  0003f758    00000194     lwiplib.obj (.text:udp_input)
                  0003f8ec    00000190     lwiplib.obj (.text:tcp_output)
                  0003fa7c    00000184     lwiplib.obj (.text:icmp_input)
                  0003fc00    00000164     enet_lwip.obj (.text:main)
                  0003fd64    0000015e     ff.obj (.text:f_read)
                  0003fec2    00000002     startup_ccs.obj (.text:NmiSR)
                  0003fec4    00000148     lwiplib.obj (.text:tcp_close_shutdown)
                  0004000c    00000144     ff.obj (.text:f_open)
                  00040150    00000140     mmc-ek-tm4c1294xl.obj (.text:disk_initialize)
                  00040290    00000140     lwiplib.obj (.text:tivaif_receive)
                  000403d0    00000136     lwiplib.obj (.text:pbuf_alloc)
                  00040506    00000130     driverlib.lib : gpio.obj (.text:GPIOPadConfigSet)
                  00040636    00000002     --HOLE-- [fill = 0]
                  00040638    00000124     lwiplib.obj (.text:etharp_arp_input)
                  0004075c    00000123     ff.obj (.text:create_name)
                  0004087f    00000001     --HOLE-- [fill = 0]
                  00040880    00000118     lwiplib.obj (.text:etharp_output)
                  00040998    00000114     lwiplib.obj (.text:etharp_query)
                  00040aac    00000114     lwiplib.obj (.text:tcp_listen_input)
                  00040bc0    00000100     lwiplib.obj (.text:tivaif_transmit)
                  00040cc0    000000fc     mmc-ek-tm4c1294xl.obj (.text:power_on)
                  00040dbc    000000f8     ff.obj (.text:dir_next)
                  00040eb4    000000f8     lwiplib.obj (.text:mem_malloc)
                  00040fac    000000f4     enet_lwip.obj (.text:lwIPHostTimerHandler)
                  000410a0    000000e8     lwiplib.obj (.text:mem_trim)
                  00041188    000000e4     lwiplib.obj (.text:lwIPInit)
                  0004126c    000000e2     ff.obj (.text:put_fat)
                  0004134e    00000002     --HOLE-- [fill = 0]
                  00041350    000000e0     lwiplib.obj (.text:etharp_find_entry)
                  00041430    000000e0     httpd.obj (.text:get_http_headers)
                  00041510    000000d0     lwiplib.obj (.text:tcp_alloc)
                  000415e0    000000cc     ff.obj (.text:get_fat)
                  000416ac    000000c8     lwiplib.obj (.text:udp_sendto_if)
                  00041774    000000c4     lwiplib.obj (.text:InitDMADescriptors)
                  00041838    000000c4     lwiplib.obj (.text:etharp_raw)
                  000418fc    000000c0     lwiplib.obj (.text:tcp_output_segment)
                  000419bc    000000bc     mmc-ek-tm4c1294xl.obj (.text:disk_write)
                  00041a78    000000bc     lwiplib.obj (.text:tcp_create_segment)
                  00041b34    000000bc     lwiplib.obj (.text:tivaif_hwinit)
                  00041bf0    000000a8     lwiplib.obj (.text:tcp_enqueue_flags)
                  00041c98    000000a4     lwiplib.obj (.text:ethernet_input)
                  00041d3c    000000a4     lwiplib.obj (.text:ip_output_if)
                  00041de0    0000009e     httpd.obj (.text:http_parse_request)
                  00041e7e    0000009c     rtsv7M4_T_le_v4SPD16_eabi.lib : memcpy_t2.obj (.text)
                  00041f1a    00000002     --HOLE-- [fill = 0]
                  00041f1c    0000009c     lwiplib.obj (.text:tcp_listen_with_backlog)
                  00041fb8    00000098     ff.obj (.text:create_chain)
                  00042050    00000092     lwiplib.obj (.text:pbuf_copy)
                  000420e2    00000002     --HOLE-- [fill = 0]
                  000420e4    00000090     mmc-ek-tm4c1294xl.obj (.text:disk_read)
                  00042174    00000090     lwiplib.obj (.text:tcp_abandon)
                  00042204    0000008c     enet_fs.obj (.text:fs_open)
                  00042290    0000008c     lwiplib.obj (.text:tcp_zero_window_probe)
                  0004231c    00000088     locator.obj (.text:LocatorReceive)
                  000423a4    00000084     lwiplib.obj (.text:tcp_timewait_input)
                  00042428    00000080     lwiplib.obj (.text:lwIPPrivateInit)
                  000424a8    00000080     lwiplib.obj (.text:tcp_parseopt)
                  00042528    0000007c     ff.obj (.text:dir_sdi)
                  000425a4    0000007c     lwiplib.obj (.text:tcp_bind)
                  00042620    0000007c     lwiplib.obj (.text:tcp_rst)
                  0004269c    0000007c     lwiplib.obj (.text:tivaif_process_phy_interrupt)
                  00042718    0000007a     rtsv7M4_T_le_v4SPD16_eabi.lib : memset_t2.obj (.text)
                  00042792    00000002     --HOLE-- [fill = 0]
                  00042794    00000078     driverlib.lib : emac.obj (.text:EMACInit)
                  0004280c    00000078     lwiplib.obj (.text:tcp_oos_insert_segment)
                  00042884    00000074     ff.obj (.text:check_fs)
                  000428f8    00000074     lwiplib.obj (.text:etharp_update_arp_entry)
                  0004296c    00000074     lwiplib.obj (.text:raw_input)
                  000429e0    00000070     lwiplib.obj (.text:tcp_fasttmr)
                  00042a50    0000006c     lwiplib.obj (.text:icmp_send_response)
                  00042abc    0000006c     lwiplib.obj (.text:memp_init)
                  00042b28    0000006c     rtsv7M4_T_le_v4SPD16_eabi.lib : autoinit.obj (.text)
                  00042b94    0000006a                                   : copy_decompress_rle.obj (.text)
                  00042bfe    00000002     --HOLE-- [fill = 0]
                  00042c00    00000068     driverlib.lib : interrupt.obj (.text:IntEnable)
                  00042c68    00000068     httpd.obj (.text:http_recv)
                  00042cd0    00000068     lwiplib.obj (.text:lwip_standard_chksum)
                  00042d38    00000068     lwiplib.obj (.text:pbuf_copy_partial)
                  00042da0    00000068     lwiplib.obj (.text:sys_timeout)
                  00042e08    00000068     lwiplib.obj (.text:tcp_output_alloc_header)
                  00042e70    00000068     lwiplib.obj (.text:tcp_process_refused_data)
                  00042ed8    00000068     lwiplib.obj (.text:udp_bind)
                  00042f40    00000066     mmc-ek-tm4c1294xl.obj (.text:send_cmd)
                  00042fa6    00000002     --HOLE-- [fill = 0]
                  00042fa8    00000065     httpd.obj (.text:http_init_file)
                  0004300d    00000001     --HOLE-- [fill = 0]
                  0004300e    00000064     ff.obj (.text:follow_path)
                  00043072    00000002     --HOLE-- [fill = 0]
                  00043074    00000064     httpd.obj (.text:http_find_file)
                  000430d8    00000064     lwiplib.obj (.text:mem_free)
                  0004313c    00000064     lwiplib.obj (.text:plug_holes)
                  000431a0    00000062     lwiplib.obj (.text:pbuf_header)
                  00043202    00000062     ff.obj (.text:remove_chain)
                  00043264    00000060     uartstdio.obj (.text:UARTStdioConfig)
                  000432c4    00000060     mmc-ek-tm4c1294xl.obj (.text:send_initial_clock_train)
                  00043324    0000005c     lwiplib.obj (.text:lwIPEthernetIntHandler)
                  00043380    0000005c     lwiplib.obj (.text:mem_init)
                  000433dc    0000005c     lwiplib.obj (.text:netif_set_ipaddr)
                  00043438    0000005c     lwiplib.obj (.text:tcp_pcb_remove)
                  00043494    0000005a     lwiplib.obj (.text:inet_chksum_pbuf)
                  000434ee    0000005a     lwiplib.obj (.text:pbuf_realloc)
                  00043548    00000058     driverlib.lib : emac.obj (.text:EMACPHYConfigSet)
                  000435a0    00000058     httpd.obj (.text:http_accept)
                  000435f8    00000058     lwiplib.obj (.text:memp_malloc)
                  00043650    00000056     ff.obj (.text:sync_window)
                  000436a6    00000056     lwiplib.obj (.text:tcp_rexmit)
                  000436fc    00000054     locator.obj (.text:LocatorInit)
                  00043750    00000054     lwiplib.obj (.text:tcp_new_port)
                  000437a4    00000052     lwiplib.obj (.text:tcp_pbuf_prealloc)
                  000437f6    00000052     lwiplib.obj (.text:tivaif_process_transmit)
                  00043848    00000052     mmc-ek-tm4c1294xl.obj (.text:xmit_datablock)
                  0004389a    00000002     --HOLE-- [fill = 0]
                  0004389c    00000050     driverlib.lib : sysctl.obj (.text:SysCtlPeripheralReset)
                  000438ec    00000050     httpd.obj (.text:http_close_conn)
                  0004393c    00000050     lwiplib.obj (.text:lwIPServiceTimers)
                  0004398c    00000050     lwiplib.obj (.text:netif_add)
                  000439dc    00000050     rtsv7M4_T_le_v4SPD16_eabi.lib : boot.obj (.text)
                  00043a2c    00000050     mmc-ek-tm4c1294xl.obj (.text:set_max_speed)
                  00043a7c    00000050     lwiplib.obj (.text:tcp_write_checks)
                  00043acc    0000004e     lwiplib.obj (.text:pbuf_free)
                  00043b1a    00000002     --HOLE-- [fill = 0]
                  00043b1c    0000004c     lwiplib.obj (.text:ip_route)
                  00043b68    0000004c     rtsv7M4_T_le_v4SPD16_eabi.lib : cpy_tbl.obj (.text)
                  00043bb4    0000004c     httpd.obj (.text:strnstr)
                  00043c00    0000004c     lwiplib.obj (.text:tivaif_interrupt)
                  00043c4c    0000004c     lwiplib.obj (.text:udp_new_port)
                  00043c98    0000004b     httpd.obj (.text:http_get_404_file)
                  00043ce3    00000001     --HOLE-- [fill = 0]
                  00043ce4    00000048     driverlib.lib : gpio.obj (.text:GPIOPinConfigure)
                  00043d2c    00000048     uartstdio.obj (.text:UARTwrite)
                  00043d74    00000048     driverlib.lib : sysctl.obj (.text:_SysCtlFrequencyGet)
                  00043dbc    00000048     ff.obj (.text:dir_find)
                  00043e04    00000048     lwiplib.obj (.text:etharp_output_to_arp_index)
                  00043e4c    00000048     httpd.obj (.text:http_write)
                  00043e94    00000048     lwiplib.obj (.text:ip_output)
                  00043edc    00000048     mmc-ek-tm4c1294xl.obj (.text:rcvr_datablock)
                  00043f24    00000048     lwiplib.obj (.text:tcp_kill_prio)
                  00043f6c    00000048     lwiplib.obj (.text:tcp_rexmit_fast)
                  00043fb4    00000048     lwiplib.obj (.text:tivaif_check_pbuf)
                  00043ffc    00000046     enet_fs.obj (.text:fs_read)
                  00044042    00000046     lwiplib.obj (.text:tcp_send_empty_ack)
                  00044088    00000046     lwiplib.obj (.text:tcp_send_fin)
                  000440ce    00000002     --HOLE-- [fill = 0]
                  000440d0    00000044     rtsv7M4_T_le_v4SPD16_eabi.lib : exit.obj (.text)
                  00044114    00000044     lwiplib.obj (.text:tcp_keepalive)
                  00044158    00000042     rtsv7M4_T_le_v4SPD16_eabi.lib : u_divt2.obj (.text)
                  0004419a    00000042     lwiplib.obj (.text:tcp_pcb_purge)
                  000441dc    00000040     lwiplib.obj (.text:etharp_tmr)
                  0004421c    0000003e     ff.obj (.text:dir_alloc)
                  0004425a    0000003a     driverlib.lib : emac.obj (.text:EMACIntEnable)
                  00044294    00000038     enet_lwip.obj (.text:DisplayIPAddress)
                  000442cc    00000038     driverlib.lib : emac.obj (.text:EMACConfigGet)
                  00044304    00000038     locator.obj (.text:LocatorAppTitleSet)
                  0004433c    00000038     driverlib.lib : sysctl.obj (.text:SysCtlPeripheralReady)
                  00044374    00000038     ff.obj (.text:dir_register)
                  000443ac    00000038     httpd.obj (.text:httpd_init_addr)
                  000443e4    00000038     lwiplib.obj (.text:memp_free)
                  0004441c    00000038     lwiplib.obj (.text:tcpip_tcp_timer)
                  00044454    00000038     lwiplib.obj (.text:udp_sendto)
                  0004448c    00000036     ustdlib.obj (.text:ustrncmp)
                  000444c2    00000002     --HOLE-- [fill = 0]
                  000444c4    00000034     driverlib.lib : emac.obj (.text:EMACConfigSet)
                  000444f8    00000034                   : emac.obj (.text:EMACIntClear)
                  0004452c    00000034     httpd.obj (.text:http_poll)
                  00044560    00000034     rtsv7M4_T_le_v4SPD16_eabi.lib : strstr.obj (.text)
                  00044594    00000034     lwiplib.obj (.text:tcp_kill_timewait)
                  000445c8    00000034     lwiplib.obj (.text:tcp_timer_needed)
                  000445fc    00000034     lwiplib.obj (.text:tivaif_init)
                  00044630    00000032     lwiplib.obj (.text:ip4_addr_isbroadcast)
                  00044662    00000032     mmc-ek-tm4c1294xl.obj (.text:send_cmd12)
                  00044694    00000032     lwiplib.obj (.text:tcp_recved)
                  000446c6    00000030     lwiplib.obj (.text:tcp_update_rcv_ann_wnd)
                  000446f6    0000002e     ff.obj (.text:move_window)
                  00044724    0000002e     lwiplib.obj (.text:tcp_rexmit_rto)
                  00044752    0000002c     driverlib.lib : emac.obj (.text:EMACIntStatus)
                  0004477e    00000002     --HOLE-- [fill = 0]
                  00044780    0000002c     lwiplib.obj (.text:etharp_request)
                  000447ac    0000002c     mmc-ek-tm4c1294xl.obj (.text:rcvr_spi)
                  000447d8    0000002a     driverlib.lib : gpio.obj (.text:GPIODirModeSet)
                  00044802    0000002a     ustdlib.obj (.text:ustrncpy)
                  0004482c    00000028     lwiplib.obj (.text:pbuf_cat)
                  00044854    00000028     ff.obj (.text:validate)
                  0004487c    00000026     driverlib.lib : emac.obj (.text:EMACPHYRead)
                  000448a2    00000026                   : emac.obj (.text:EMACPHYWrite)
                  000448c8    00000026     httpd.obj (.text:http_state_free)
                  000448ee    00000026     rtsv7M4_T_le_v4SPD16_eabi.lib : strncmp.obj (.text)
                  00044914    00000026     lwiplib.obj (.text:tcp_recv_null)
                  0004493a    00000002     --HOLE-- [fill = 0]
                  0004493c    00000024     driverlib.lib : interrupt.obj (.text:IntPrioritySet)
                  00044960    00000024     lwiplib.obj (.text:etharp_free_entry)
                  00044984    00000024     lwiplib.obj (.text:netif_set_link_up)
                  000449a8    00000024     lwiplib.obj (.text:netif_set_up)
                  000449cc    00000024     lwiplib.obj (.text:tcp_seg_copy)
                  000449f0    00000024     mmc-ek-tm4c1294xl.obj (.text:xmit_spi)
                  00044a14    00000022     rtsv7M4_T_le_v4SPD16_eabi.lib : memcmp.obj (.text)
                  00044a36    00000002     --HOLE-- [fill = 0]
                  00044a38    00000020     locator.obj (.text:LocatorMACAddrSet)
                  00044a58    00000020     lwiplib.obj (.text:etharp_send_ip)
                  00044a78    00000020     lwiplib.obj (.text:lwIPTimer)
                  00044a98    00000020     lwiplib.obj (.text:sys_timeouts_init)
                  00044ab8    00000020     lwiplib.obj (.text:tcp_eff_send_mss)
                  00044ad8    00000020     lwiplib.obj (.text:tcp_tmr)
                  00044af8    00000020     ustdlib.obj (.text:usprintf)
                  00044b18    00000020     mmc-ek-tm4c1294xl.obj (.text:wait_ready)
                  00044b38    0000001e     driverlib.lib : emac.obj (.text:EMACAddrGet)
                  00044b56    0000001e     ff.obj (.text:ld_clust)
                  00044b74    0000001c     mmc-ek-tm4c1294xl.obj (.text:DESELECT)
                  00044b90    0000001c     mmc-ek-tm4c1294xl.obj (.text:SELECT)
                  00044bac    0000001c     driverlib.lib : sysctl.obj (.text:_SysCtlMemTimingGet)
                  00044bc8    0000001c     httpd.obj (.text:http_state_alloc)
                  00044be4    0000001c     ff.obj (.text:mem_cmp)
                  00044c00    0000001c     lwiplib.obj (.text:netif_set_addr)
                  00044c1c    0000001c     lwiplib.obj (.text:udp_new)
                  00044c38    0000001a     uartstdio.obj (.text:UARTprintf)
                  00044c52    0000001a     lwiplib.obj (.text:lwip_htonl)
                  00044c6c    00000018     driverlib.lib : gpio.obj (.text:GPIOPinTypeGPIOOutput)
                  00044c84    00000018     lwiplib.obj (.text:arp_timer)
                  00044c9c    00000018     ff.obj (.text:clust2sect)
                  00044cb4    00000018     lwiplib.obj (.text:pbuf_pool_is_empty)
                  00044ccc    00000018     rtsv7M4_T_le_v4SPD16_eabi.lib : args_main.obj (.text)
                  00044ce4    00000018                                   : strcmp.obj (.text)
                  00044cfc    00000018     lwiplib.obj (.text:tcp_next_iss)
                  00044d14    00000018     lwiplib.obj (.text:tcp_seg_free)
                  00044d2c    00000016     driverlib.lib : emac.obj (.text:EMACReset)
                  00044d42    00000016                   : emac.obj (.text:EMACRxEnable)
                  00044d58    00000016                   : emac.obj (.text:EMACTxEnable)
                  00044d6e    00000016     enet_fs.obj (.text:fs_bytes_left)
                  00044d84    00000016     httpd.obj (.text:http_sent)
                  00044d9a    00000016     ff.obj (.text:mem_cpy)
                  00044db0    00000016     lwiplib.obj (.text:pbuf_ref)
                  00044dc6    00000016     rtsv7M4_T_le_v4SPD16_eabi.lib : strchr.obj (.text)
                  00044ddc    00000014     driverlib.lib : flash.obj (.text:FlashUserGet)
                  00044df0    00000014                   : systick.obj (.text:SysTickEnable)
                  00044e04    00000014                   : systick.obj (.text:SysTickIntEnable)
                  00044e18    00000014     enet_fs.obj (.text:fs_close)
                  00044e2c    00000014     ff.obj (.text:mem_set)
                  00044e40    00000014     rtsv7M4_T_le_v4SPD16_eabi.lib : _lock.obj (.text)
                  00044e54    00000014                                   : strlen.obj (.text)
                  00044e68    00000014     lwiplib.obj (.text:sys_arch_unprotect)
                  00044e7c    00000014     lwiplib.obj (.text:tcp_close)
                  00044e90    00000012     driverlib.lib : gpio.obj (.text:GPIOPinTypeEthernetLED)
                  00044ea2    00000012     ff.obj (.text:chk_chr)
                  00044eb4    00000012     lwiplib.obj (.text:netif_set_link_down)
                  00044ec6    00000012     lwiplib.obj (.text:pbuf_clen)
                  00044ed8    00000012     lwiplib.obj (.text:tcp_segs_free)
                  00044eea    00000002     --HOLE-- [fill = 0]
                  00044eec    00000010     driverlib.lib : emac.obj (.text:EMACFrameFilterSet)
                  00044efc    00000010                   : interrupt.obj (.text:IntMasterEnable)
                  00044f0c    00000010                   : systick.obj (.text:SysTickPeriodSet)
                  00044f1c    00000010     mmc-ek-tm4c1294xl.obj (.text:disk_status)
                  00044f2c    00000010     lwiplib.obj (.text:inet_chksum)
                  00044f3c    00000010     lwiplib.obj (.text:lwip_init)
                  00044f4c    00000010     lwiplib.obj (.text:pbuf_chain)
                  00044f5c    00000010     ff.obj (.text:st_clust)
                  00044f6c    00000010     lwiplib.obj (.text:sys_arch_protect)
                  00044f7c    0000000e     rtsv7M4_T_le_v4SPD16_eabi.lib : copy_decompress_none.obj (.text:decompress:none)
                  00044f8a    0000000c     driverlib.lib : cpu.obj (.text:CPUcpsie)
                  00044f96    00000002     --HOLE-- [fill = 0]
                  00044f98    0000000c                   : sysctl.obj (.text:SysCtlMOSCConfigSet)
                  00044fa4    0000000c     rtsv7M4_T_le_v4SPD16_eabi.lib : copy_zero_init.obj (.text:decompress:ZI)
                  00044fb0    0000000c     httpd.obj (.text:httpd_init)
                  00044fbc    0000000c     lwiplib.obj (.text:lwIPLocalIPAddrGet)
                  00044fc8    0000000c     lwiplib.obj (.text:lwip_htons)
                  00044fd4    0000000c     lwiplib.obj (.text:netif_set_default)
                  00044fe0    0000000c     lwiplib.obj (.text:netif_set_gw)
                  00044fec    0000000c     lwiplib.obj (.text:netif_set_netmask)
                  00044ff8    0000000c     mmc-ek-tm4c1294xl.obj (.text:power_off)
                  00045004    0000000c     mmc-ek-tm4c1294xl.obj (.text:rcvr_spi_m)
                  00045010    0000000c     lwiplib.obj (.text:sys_now)
                  0004501c    0000000a     lwiplib.obj (.text:tcp_poll)
                  00045026    00000008     driverlib.lib : emac.obj (.text:EMACTxDMAPollDemand)
                  0004502e    00000002     --HOLE-- [fill = 0]
                  00045030    00000008     mmc-ek-tm4c1294xl.obj (.text:get_fattime)
                  00045038    00000008     httpd.obj (.text:http_err)
                  00045040    00000008     lwiplib.obj (.text:icmp_dest_unreach)
                  00045048    00000006     driverlib.lib : emac.obj (.text:EMACRxDMADescriptorListSet)
                  0004504e    00000006                   : emac.obj (.text:EMACTimestampIntStatus)
                  00045054    00000006                   : emac.obj (.text:EMACTxDMADescriptorListSet)
                  0004505a    00000006                   : gpio.obj (.text:GPIOPinRead)
                  00045060    00000006                   : gpio.obj (.text:GPIOPinWrite)
                  00045066    00000006     startup_ccs.obj (.text:ResetISR)
                  0004506c    00000006     driverlib.lib : sysctl.obj (.text:SysCtlDelay)
                  00045072    00000006     enet_lwip.obj (.text:SysTickIntHandler)
                  00045078    00000006     rtsv7M4_T_le_v4SPD16_eabi.lib : copy_decompress_rle.obj (.text:decompress:rle24)
                  0004507e    00000006     lwiplib.obj (.text:tcp_abort)
                  00045084    00000006     lwiplib.obj (.text:tcp_accept_null)
                  0004508a    00000006     lwiplib.obj (.text:tcp_err)
                  00045090    00000006     lwiplib.obj (.text:tcp_new)
                  00045096    00000006     lwiplib.obj (.text:tcp_recv)
                  0004509c    00000006     lwiplib.obj (.text:udp_recv)
                  000450a2    00000004     rtsv7M4_T_le_v4SPD16_eabi.lib : pre_init.obj (.text)
                  000450a6    00000004     lwiplib.obj (.text:tcp_accept)
                  000450aa    00000004     lwiplib.obj (.text:tcp_arg)
                  000450ae    00000004     lwiplib.obj (.text:tcp_sent)
                  000450b2    00000004     lwiplib.obj (.text:tcp_setprio)

.cinit     0    000450b8    00000060     
                  000450b8    00000038     (.cinit..data.load) [load image, compression = rle]
                  000450f0    0000000c     (__TI_handler_table)
                  000450fc    00000004     --HOLE-- [fill = 0]
                  00045100    00000008     (.cinit..bss.load) [load image, compression = zero_init]
                  00045108    00000010     (__TI_cinit_table)

.init_array 
*          0    00000000    00000000     UNINITIALIZED

.bss       0    20000000    00017aa9     UNINITIALIZED
                  20000000    0001001c     lwiplib.obj (.bss:ram_heap)
                  2001001c    000072d4     lwiplib.obj (.bss:memp_memory)
                  200172f0    00000360     lwiplib.obj (.bss:g_pTxDescriptors)
                  20017650    00000120     lwiplib.obj (.bss:g_pRxDescriptors)
                  20017770    00000120     lwiplib.obj (.bss:lwip_stats)
                  20017890    000000c8     lwiplib.obj (.bss:arp_table)
                  20017958    00000054     locator.obj (.bss:g_pui8LocatorData)
                  200179ac    00000030     lwiplib.obj (.bss:g_sNetIF)
                  200179dc    00000020     (.common:memp_tab)
                  200179fc    00000010     (.common:inseg)
                  20017a0c    00000004     (.common:FatFs)
                  20017a10    00000004     (.common:ackno)
                  20017a14    00000004     (.common:current_header)
                  20017a18    00000004     (.common:current_iphdr_dest)
                  20017a1c    00000004     (.common:current_iphdr_src)
                  20017a20    00000004     (.common:current_netif)
                  20017a24    00000004     (.common:g_pfnTimerHandler)
                  20017a28    00000004     (.common:g_ui32AbnormalInts)
                  20017a2c    00000004     (.common:g_ui32GWAddr)
                  20017a30    00000004     (.common:g_ui32IPAddr)
                  20017a34    00000004     (.common:g_ui32IPAddress)
                  20017a38    00000004     (.common:g_ui32NetMask)
                  20017a3c    00000004     (.common:g_ui32NormalInts)
                  20017a40    00000004     (.common:g_ui32SysClock)
                  20017a44    00000004     (.common:iphdr)
                  20017a48    00000004     (.common:lfree)
                  20017a4c    00000004     (.common:netif_default)
                  20017a50    00000004     (.common:netif_list)
                  20017a54    00000004     (.common:next_timeout)
                  20017a58    00000004     (.common:ram)
                  20017a5c    00000004     (.common:ram_end)
                  20017a60    00000004     (.common:raw_pcbs)
                  20017a64    00000004     (.common:recv_data)
                  20017a68    00000004     (.common:seqno)
                  20017a6c    00000004     (.common:tcp_active_pcbs)
                  20017a70    00000004     (.common:tcp_bound_pcbs)
                  20017a74    00000004     (.common:tcp_input_pcb)
                  20017a78    00000004     (.common:tcp_listen_pcbs)
                  20017a7c    00000004     (.common:tcp_ticks)
                  20017a80    00000004     (.common:tcp_tmp_pcb)
                  20017a84    00000004     (.common:tcp_tw_pcbs)
                  20017a88    00000004     (.common:tcphdr)
                  20017a8c    00000004     (.common:tcpip_tcp_timer_active)
                  20017a90    00000004     (.common:timeouts_last_time)
                  20017a94    00000004     (.common:udp_pcbs)
                  20017a98    00000002     (.common:Fsid)
                  20017a9a    00000002     (.common:ip_id)
                  20017a9c    00000002     (.common:tcplen)
                  20017a9e    00000001     (.common:CardType)
                  20017a9f    00000001     (.common:Timer1)
                  20017aa0    00000001     (.common:Timer2)
                  20017aa1    00000001     (.common:etharp_cached_entry)
                  20017aa2    00000001     (.common:flags)
                  20017aa3    00000001     (.common:netif_num)
                  20017aa4    00000001     (.common:pbuf_free_ooseq_pending)
                  20017aa5    00000001     (.common:recv_flags)
                  20017aa6    00000001     (.common:tcp_active_pcbs_changed)
                  20017aa7    00000001     (.common:tcp_timer)
                  20017aa8    00000001     (.common:tcp_timer_ctr)

.TI.noinit 
*          0    20000000    00000000     UNINITIALIZED

.stack     0    20017aac    00000800     UNINITIALIZED
                  20017aac    00000800     --HOLE--

.data      0    200182ac    00000068     UNINITIALIZED
                  200182ac    0000004c     lwiplib.obj (.data)
                  200182f8    00000008     rtsv7M4_T_le_v4SPD16_eabi.lib : _lock.obj (.data)
                  20018300    00000008                                   : exit.obj (.data)
                  20018308    00000005     uartstdio.obj (.data)
                  2001830d    00000002     mmc-ek-tm4c1294xl.obj (.data)
                  2001830f    00000001     --HOLE--
                  20018310    00000004     rtsv7M4_T_le_v4SPD16_eabi.lib : stkdepth_vars.obj (.data)

.TI.persistent 
*          0    200182ac    00000000     UNINITIALIZED


LINKER GENERATED COPY TABLES

__TI_cinit_table @ 00045108 records: 2, size/record: 8, table size: 16
	.data: load addr=000450b8, load size=00000038 bytes, run addr=200182ac, run size=00000068 bytes, compression=rle
	.bss: load addr=00045100, load size=00000008 bytes, run addr=20000000, run size=00017aa9 bytes, compression=zero_init


LINKER GENERATED HANDLER TABLE

__TI_handler_table @ 000450f0 records: 3, size/record: 4, table size: 12
	index: 0, handler: __TI_decompress_rle24
	index: 1, handler: __TI_decompress_none
	index: 2, handler: __TI_zero_init


GLOBAL SYMBOLS: SORTED ALPHABETICALLY BY Name 

address   name                        
-------   ----                        
000440d1  C$$EXIT                     
00044f8b  CPUcpsie                    
00044295  DisplayIPAddress            
00044b39  EMACAddrGet                 
000442cd  EMACConfigGet               
000444c5  EMACConfigSet               
00044eed  EMACFrameFilterSet          
00042795  EMACInit                    
000444f9  EMACIntClear                
0004425b  EMACIntEnable               
00044753  EMACIntStatus               
00043549  EMACPHYConfigSet            
0004487d  EMACPHYRead                 
000448a3  EMACPHYWrite                
00044d2d  EMACReset                   
00045049  EMACRxDMADescriptorListSet  
00044d43  EMACRxEnable                
0004504f  EMACTimestampIntStatus      
00045055  EMACTxDMADescriptorListSet  
00045027  EMACTxDMAPollDemand         
00044d59  EMACTxEnable                
00044ddd  FlashUserGet                
000447d9  GPIODirModeSet              
00040507  GPIOPadConfigSet            
00043ce5  GPIOPinConfigure            
0004505b  GPIOPinRead                 
00044e91  GPIOPinTypeEthernetLED      
00044c6d  GPIOPinTypeGPIOOutput       
00045061  GPIOPinWrite                
00041775  InitDMADescriptors          
00042c01  IntEnable                   
00044efd  IntMasterEnable             
0004493d  IntPrioritySet              
00044305  LocatorAppTitleSet          
000436fd  LocatorInit                 
00044a39  LocatorMACAddrSet           
0003ee0d  PinoutSet                   
00045067  ResetISR                    
UNDEFED   SHT$$INIT_ARRAY$$Base       
UNDEFED   SHT$$INIT_ARRAY$$Limit      
0003f021  SysCtlClockFreqSet          
0004506d  SysCtlDelay                 
00044f99  SysCtlMOSCConfigSet         
0004433d  SysCtlPeripheralReady       
0004389d  SysCtlPeripheralReset       
00044df1  SysTickEnable               
00044e05  SysTickIntEnable            
00045073  SysTickIntHandler           
00044f0d  SysTickPeriodSet            
00043265  UARTStdioConfig             
00044c39  UARTprintf                  
0003f225  UARTvprintf                 
00043d2d  UARTwrite                   
200182ac  __STACK_END                 
00000800  __STACK_SIZE                
200182ac  __STACK_TOP                 
00045108  __TI_CINIT_Base             
00045118  __TI_CINIT_Limit            
000450f0  __TI_Handler_Table_Base     
000450fc  __TI_Handler_Table_Limit    
00042b29  __TI_auto_init              
20018300  __TI_cleanup_ptr            
00044f7d  __TI_decompress_none        
00045079  __TI_decompress_rle24       
20018304  __TI_dtors_ptr              
00000000  __TI_static_base__          
00044fa5  __TI_zero_init              
00042719  __aeabi_memclr              
00042719  __aeabi_memclr4             
00042719  __aeabi_memclr8             
00041e7f  __aeabi_memcpy              
00041e7f  __aeabi_memcpy4             
00041e7f  __aeabi_memcpy8             
0004271b  __aeabi_memset              
0004271b  __aeabi_memset4             
0004271b  __aeabi_memset8             
00044159  __aeabi_uidiv               
00044159  __aeabi_uidivmod            
ffffffff  __binit__                   
ffffffff  __c_args__                  
20017aac  __stack                     
00044ccd  _args_main                  
000439dd  _c_int00                    
200182f8  _lock                       
00044e4f  _nop                        
00044e47  _register_lock              
00044e41  _register_unlock            
000450a3  _system_pre_init            
200182fc  _unlock                     
000440d5  abort                       
ffffffff  binit                       
00044c9d  clust2sect                  
00043b69  copy_in                     
20017a14  current_header              
20017a18  current_iphdr_dest          
20017a1c  current_iphdr_src           
20017a20  current_netif               
00040151  disk_initialize             
000420e5  disk_read                   
00044f1d  disk_status                 
000419bd  disk_write                  
00040881  etharp_output               
00040999  etharp_query                
00044781  etharp_request              
000441dd  etharp_tmr                  
0003d334  ethbroadcast                
00041c99  ethernet_input              
0003d33a  ethzero                     
000440dd  exit                        
0004000d  f_open                      
0003fd65  f_read                      
0003ce88  file_404_htm                
0003ce74  file_about_htm              
0003ce60  file_block_htm              
0003ce4c  file_block_jpg              
0003ce38  file_ek_tm4c1294xl_jpg      
0003ce24  file_favicon_ico            
0003ce10  file_index_htm              
0003cdfc  file_javascript_js          
0003cde8  file_overview_htm           
0003cdd4  file_styles_css             
0003cdc0  file_ti_jpg                 
0003cdac  file_tm4c_jpg               
00044d6f  fs_bytes_left               
00044e19  fs_close                    
00042205  fs_open                     
00043ffd  fs_read                     
200182c0  g_RxDescList                
200182b0  g_TxDescList                
20017650  g_pRxDescriptors            
200172f0  g_pTxDescriptors            
20017a24  g_pfnTimerHandler           
00000000  g_pfnVectors                
0003d370  g_psDefaultFilenames        
20017a28  g_ui32AbnormalInts          
20017a34  g_ui32IPAddress             
200182dc  g_ui32LocalTimer            
20017a3c  g_ui32NormalInts            
20017a40  g_ui32SysClock              
000415e1  get_fat                     
00045031  get_fattime                 
00044fb1  httpd_init                  
00045041  icmp_dest_unreach           
0003fa7d  icmp_input                  
00044f2d  inet_chksum                 
00043495  inet_chksum_pbuf            
00044631  ip4_addr_isbroadcast        
0003d32c  ip_addr_any                 
0003d330  ip_addr_broadcast           
0003f411  ip_input                    
00043e95  ip_output                   
00041d3d  ip_output_if                
00043b1d  ip_route                    
00043325  lwIPEthernetIntHandler      
00040fad  lwIPHostTimerHandler        
00041189  lwIPInit                    
00044fbd  lwIPLocalIPAddrGet          
00044a79  lwIPTimer                   
00044c53  lwip_htonl                  
00044fc9  lwip_htons                  
00044f3d  lwip_init                   
00044c53  lwip_ntohl                  
00044fc9  lwip_ntohs                  
20017770  lwip_stats                  
0003fc01  main                        
20018310  main_func_sp                
000430d9  mem_free                    
00043381  mem_init                    
00040eb5  mem_malloc                  
000410a1  mem_trim                    
00044a15  memcmp                      
00041e7f  memcpy                      
000443e5  memp_free                   
00042abd  memp_init                   
000435f9  memp_malloc                 
00042721  memset                      
0004398d  netif_add                   
20017a4c  netif_default               
20017a50  netif_list                  
00044c01  netif_set_addr              
00044fd5  netif_set_default           
00044fe1  netif_set_gw                
000433dd  netif_set_ipaddr            
00044eb5  netif_set_link_down         
00044985  netif_set_link_up           
00044fed  netif_set_netmask           
000449a9  netif_set_up                
000403d1  pbuf_alloc                  
0004482d  pbuf_cat                    
00044f4d  pbuf_chain                  
00044ec7  pbuf_clen                   
00042051  pbuf_copy                   
00042d39  pbuf_copy_partial           
00043acd  pbuf_free                   
20017aa4  pbuf_free_ooseq_pending     
000431a1  pbuf_header                 
000434ef  pbuf_realloc                
00044db1  pbuf_ref                    
0004126d  put_fat                     
20000000  ram_heap                    
0004296d  raw_input                   
00044dc7  strchr                      
00044ce5  strcmp                      
00044e55  strlen                      
000448ef  strncmp                     
00044561  strstr                      
00044f6d  sys_arch_protect            
00044e69  sys_arch_unprotect          
00045011  sys_now                     
00042da1  sys_timeout                 
00044a99  sys_timeouts_init           
00042175  tcp_abandon                 
0004507f  tcp_abort                   
000450a7  tcp_accept                  
20017a6c  tcp_active_pcbs             
20017aa6  tcp_active_pcbs_changed     
00041511  tcp_alloc                   
000450ab  tcp_arg                     
0003d0a4  tcp_backoff                 
000425a5  tcp_bind                    
20017a70  tcp_bound_pcbs              
00044e7d  tcp_close                   
00044ab9  tcp_eff_send_mss            
00041bf1  tcp_enqueue_flags           
0004508b  tcp_err                     
000429e1  tcp_fasttmr                 
0003dba5  tcp_input                   
20017a74  tcp_input_pcb               
00044115  tcp_keepalive               
20017a78  tcp_listen_pcbs             
00041f1d  tcp_listen_with_backlog     
00045091  tcp_new                     
00044cfd  tcp_next_iss                
0003f8ed  tcp_output                  
0003d31c  tcp_pcb_lists               
0004419b  tcp_pcb_purge               
00043439  tcp_pcb_remove              
0003d0b1  tcp_persist_backoff         
0004501d  tcp_poll                    
00042e71  tcp_process_refused_data    
00045097  tcp_recv                    
00044915  tcp_recv_null               
00044695  tcp_recved                  
000436a7  tcp_rexmit                  
00043f6d  tcp_rexmit_fast             
00044725  tcp_rexmit_rto              
00042621  tcp_rst                     
000449cd  tcp_seg_copy                
00044d15  tcp_seg_free                
00044ed9  tcp_segs_free               
00044043  tcp_send_empty_ack          
00044089  tcp_send_fin                
000450af  tcp_sent                    
000450b3  tcp_setprio                 
0003e8f5  tcp_slowtmr                 
20017a7c  tcp_ticks                   
000445c9  tcp_timer_needed            
20017a80  tcp_tmp_pcb                 
00044ad9  tcp_tmr                     
20017a84  tcp_tw_pcbs                 
000446c7  tcp_update_rcv_ann_wnd      
0003e609  tcp_write                   
00042291  tcp_zero_window_probe       
000445fd  tivaif_init                 
00043c01  tivaif_interrupt            
0004269d  tivaif_process_phy_interrupt
00042ed9  udp_bind                    
0003f759  udp_input                   
00044c1d  udp_new                     
20017a94  udp_pcbs                    
0004509d  udp_recv                    
00044455  udp_sendto                  
000416ad  udp_sendto_if               
00044af9  usprintf                    
0004448d  ustrncmp                    
00044803  ustrncpy                    
0003ebbd  uvsnprintf                  


GLOBAL SYMBOLS: SORTED BY Symbol Address 

address   name                        
-------   ----                        
00000000  __TI_static_base__          
00000000  g_pfnVectors                
00000800  __STACK_SIZE                
0003cdac  file_tm4c_jpg               
0003cdc0  file_ti_jpg                 
0003cdd4  file_styles_css             
0003cde8  file_overview_htm           
0003cdfc  file_javascript_js          
0003ce10  file_index_htm              
0003ce24  file_favicon_ico            
0003ce38  file_ek_tm4c1294xl_jpg      
0003ce4c  file_block_jpg              
0003ce60  file_block_htm              
0003ce74  file_about_htm              
0003ce88  file_404_htm                
0003d0a4  tcp_backoff                 
0003d0b1  tcp_persist_backoff         
0003d31c  tcp_pcb_lists               
0003d32c  ip_addr_any                 
0003d330  ip_addr_broadcast           
0003d334  ethbroadcast                
0003d33a  ethzero                     
0003d370  g_psDefaultFilenames        
0003dba5  tcp_input                   
0003e609  tcp_write                   
0003e8f5  tcp_slowtmr                 
0003ebbd  uvsnprintf                  
0003ee0d  PinoutSet                   
0003f021  SysCtlClockFreqSet          
0003f225  UARTvprintf                 
0003f411  ip_input                    
0003f759  udp_input                   
0003f8ed  tcp_output                  
0003fa7d  icmp_input                  
0003fc01  main                        
0003fd65  f_read                      
0004000d  f_open                      
00040151  disk_initialize             
000403d1  pbuf_alloc                  
00040507  GPIOPadConfigSet            
00040881  etharp_output               
00040999  etharp_query                
00040eb5  mem_malloc                  
00040fad  lwIPHostTimerHandler        
000410a1  mem_trim                    
00041189  lwIPInit                    
0004126d  put_fat                     
00041511  tcp_alloc                   
000415e1  get_fat                     
000416ad  udp_sendto_if               
00041775  InitDMADescriptors          
000419bd  disk_write                  
00041bf1  tcp_enqueue_flags           
00041c99  ethernet_input              
00041d3d  ip_output_if                
00041e7f  __aeabi_memcpy              
00041e7f  __aeabi_memcpy4             
00041e7f  __aeabi_memcpy8             
00041e7f  memcpy                      
00041f1d  tcp_listen_with_backlog     
00042051  pbuf_copy                   
000420e5  disk_read                   
00042175  tcp_abandon                 
00042205  fs_open                     
00042291  tcp_zero_window_probe       
000425a5  tcp_bind                    
00042621  tcp_rst                     
0004269d  tivaif_process_phy_interrupt
00042719  __aeabi_memclr              
00042719  __aeabi_memclr4             
00042719  __aeabi_memclr8             
0004271b  __aeabi_memset              
0004271b  __aeabi_memset4             
0004271b  __aeabi_memset8             
00042721  memset                      
00042795  EMACInit                    
0004296d  raw_input                   
000429e1  tcp_fasttmr                 
00042abd  memp_init                   
00042b29  __TI_auto_init              
00042c01  IntEnable                   
00042d39  pbuf_copy_partial           
00042da1  sys_timeout                 
00042e71  tcp_process_refused_data    
00042ed9  udp_bind                    
000430d9  mem_free                    
000431a1  pbuf_header                 
00043265  UARTStdioConfig             
00043325  lwIPEthernetIntHandler      
00043381  mem_init                    
000433dd  netif_set_ipaddr            
00043439  tcp_pcb_remove              
00043495  inet_chksum_pbuf            
000434ef  pbuf_realloc                
00043549  EMACPHYConfigSet            
000435f9  memp_malloc                 
000436a7  tcp_rexmit                  
000436fd  LocatorInit                 
0004389d  SysCtlPeripheralReset       
0004398d  netif_add                   
000439dd  _c_int00                    
00043acd  pbuf_free                   
00043b1d  ip_route                    
00043b69  copy_in                     
00043c01  tivaif_interrupt            
00043ce5  GPIOPinConfigure            
00043d2d  UARTwrite                   
00043e95  ip_output                   
00043f6d  tcp_rexmit_fast             
00043ffd  fs_read                     
00044043  tcp_send_empty_ack          
00044089  tcp_send_fin                
000440d1  C$$EXIT                     
000440d5  abort                       
000440dd  exit                        
00044115  tcp_keepalive               
00044159  __aeabi_uidiv               
00044159  __aeabi_uidivmod            
0004419b  tcp_pcb_purge               
000441dd  etharp_tmr                  
0004425b  EMACIntEnable               
00044295  DisplayIPAddress            
000442cd  EMACConfigGet               
00044305  LocatorAppTitleSet          
0004433d  SysCtlPeripheralReady       
000443e5  memp_free                   
00044455  udp_sendto                  
0004448d  ustrncmp                    
000444c5  EMACConfigSet               
000444f9  EMACIntClear                
00044561  strstr                      
000445c9  tcp_timer_needed            
000445fd  tivaif_init                 
00044631  ip4_addr_isbroadcast        
00044695  tcp_recved                  
000446c7  tcp_update_rcv_ann_wnd      
00044725  tcp_rexmit_rto              
00044753  EMACIntStatus               
00044781  etharp_request              
000447d9  GPIODirModeSet              
00044803  ustrncpy                    
0004482d  pbuf_cat                    
0004487d  EMACPHYRead                 
000448a3  EMACPHYWrite                
000448ef  strncmp                     
00044915  tcp_recv_null               
0004493d  IntPrioritySet              
00044985  netif_set_link_up           
000449a9  netif_set_up                
000449cd  tcp_seg_copy                
00044a15  memcmp                      
00044a39  LocatorMACAddrSet           
00044a79  lwIPTimer                   
00044a99  sys_timeouts_init           
00044ab9  tcp_eff_send_mss            
00044ad9  tcp_tmr                     
00044af9  usprintf                    
00044b39  EMACAddrGet                 
00044c01  netif_set_addr              
00044c1d  udp_new                     
00044c39  UARTprintf                  
00044c53  lwip_htonl                  
00044c53  lwip_ntohl                  
00044c6d  GPIOPinTypeGPIOOutput       
00044c9d  clust2sect                  
00044ccd  _args_main                  
00044ce5  strcmp                      
00044cfd  tcp_next_iss                
00044d15  tcp_seg_free                
00044d2d  EMACReset                   
00044d43  EMACRxEnable                
00044d59  EMACTxEnable                
00044d6f  fs_bytes_left               
00044db1  pbuf_ref                    
00044dc7  strchr                      
00044ddd  FlashUserGet                
00044df1  SysTickEnable               
00044e05  SysTickIntEnable            
00044e19  fs_close                    
00044e41  _register_unlock            
00044e47  _register_lock              
00044e4f  _nop                        
00044e55  strlen                      
00044e69  sys_arch_unprotect          
00044e7d  tcp_close                   
00044e91  GPIOPinTypeEthernetLED      
00044eb5  netif_set_link_down         
00044ec7  pbuf_clen                   
00044ed9  tcp_segs_free               
00044eed  EMACFrameFilterSet          
00044efd  IntMasterEnable             
00044f0d  SysTickPeriodSet            
00044f1d  disk_status                 
00044f2d  inet_chksum                 
00044f3d  lwip_init                   
00044f4d  pbuf_chain                  
00044f6d  sys_arch_protect            
00044f7d  __TI_decompress_none        
00044f8b  CPUcpsie                    
00044f99  SysCtlMOSCConfigSet         
00044fa5  __TI_zero_init              
00044fb1  httpd_init                  
00044fbd  lwIPLocalIPAddrGet          
00044fc9  lwip_htons                  
00044fc9  lwip_ntohs                  
00044fd5  netif_set_default           
00044fe1  netif_set_gw                
00044fed  netif_set_netmask           
00045011  sys_now                     
0004501d  tcp_poll                    
00045027  EMACTxDMAPollDemand         
00045031  get_fattime                 
00045041  icmp_dest_unreach           
00045049  EMACRxDMADescriptorListSet  
0004504f  EMACTimestampIntStatus      
00045055  EMACTxDMADescriptorListSet  
0004505b  GPIOPinRead                 
00045061  GPIOPinWrite                
00045067  ResetISR                    
0004506d  SysCtlDelay                 
00045073  SysTickIntHandler           
00045079  __TI_decompress_rle24       
0004507f  tcp_abort                   
0004508b  tcp_err                     
00045091  tcp_new                     
00045097  tcp_recv                    
0004509d  udp_recv                    
000450a3  _system_pre_init            
000450a7  tcp_accept                  
000450ab  tcp_arg                     
000450af  tcp_sent                    
000450b3  tcp_setprio                 
000450f0  __TI_Handler_Table_Base     
000450fc  __TI_Handler_Table_Limit    
00045108  __TI_CINIT_Base             
00045118  __TI_CINIT_Limit            
20000000  ram_heap                    
200172f0  g_pTxDescriptors            
20017650  g_pRxDescriptors            
20017770  lwip_stats                  
20017a14  current_header              
20017a18  current_iphdr_dest          
20017a1c  current_iphdr_src           
20017a20  current_netif               
20017a24  g_pfnTimerHandler           
20017a28  g_ui32AbnormalInts          
20017a34  g_ui32IPAddress             
20017a3c  g_ui32NormalInts            
20017a40  g_ui32SysClock              
20017a4c  netif_default               
20017a50  netif_list                  
20017a6c  tcp_active_pcbs             
20017a70  tcp_bound_pcbs              
20017a74  tcp_input_pcb               
20017a78  tcp_listen_pcbs             
20017a7c  tcp_ticks                   
20017a80  tcp_tmp_pcb                 
20017a84  tcp_tw_pcbs                 
20017a94  udp_pcbs                    
20017aa4  pbuf_free_ooseq_pending     
20017aa6  tcp_active_pcbs_changed     
20017aac  __stack                     
200182ac  __STACK_END                 
200182ac  __STACK_TOP                 
200182b0  g_TxDescList                
200182c0  g_RxDescList                
200182dc  g_ui32LocalTimer            
200182f8  _lock                       
200182fc  _unlock                     
20018300  __TI_cleanup_ptr            
20018304  __TI_dtors_ptr              
20018310  main_func_sp                
ffffffff  __binit__                   
ffffffff  __c_args__                  
ffffffff  binit                       
UNDEFED   SHT$$INIT_ARRAY$$Base       
UNDEFED   SHT$$INIT_ARRAY$$Limit      

[277 symbols]
