<?xml version="1.0"?>
<link_info>
   <banner>TI ARM Linker PC v5.2.2</banner>
   <copyright>Copyright (c) 1996-2015 Texas Instruments Incorporated</copyright>
   <link_time>0x5571d327</link_time>
   <link_errors>0x0</link_errors>
   <output_file>enet_weather.out</output_file>
   <entry_point>
      <name>_c_int00</name>
      <address>0x8039</address>
   </entry_point>
   <input_file_list>
      <input_file id="fl-2">
         <path>.\</path>
         <kind>object</kind>
         <file>commands.obj</file>
         <name>commands.obj</name>
      </input_file>
      <input_file id="fl-3">
         <path>.\</path>
         <kind>object</kind>
         <file>enet_weather.obj</file>
         <name>enet_weather.obj</name>
      </input_file>
      <input_file id="fl-4">
         <path>.\</path>
         <kind>object</kind>
         <file>eth_client.obj</file>
         <name>eth_client.obj</name>
      </input_file>
      <input_file id="fl-5">
         <path>.\</path>
         <kind>object</kind>
         <file>images.obj</file>
         <name>images.obj</name>
      </input_file>
      <input_file id="fl-6">
         <path>.\</path>
         <kind>object</kind>
         <file>json.obj</file>
         <name>json.obj</name>
      </input_file>
      <input_file id="fl-7">
         <path>.\</path>
         <kind>object</kind>
         <file>startup_ccs.obj</file>
         <name>startup_ccs.obj</name>
      </input_file>
      <input_file id="fl-8">
         <path>.\utils\</path>
         <kind>object</kind>
         <file>cmdline.obj</file>
         <name>cmdline.obj</name>
      </input_file>
      <input_file id="fl-9">
         <path>.\utils\</path>
         <kind>object</kind>
         <file>flash_pb.obj</file>
         <name>flash_pb.obj</name>
      </input_file>
      <input_file id="fl-a">
         <path>.\utils\</path>
         <kind>object</kind>
         <file>locator.obj</file>
         <name>locator.obj</name>
      </input_file>
      <input_file id="fl-b">
         <path>.\utils\</path>
         <kind>object</kind>
         <file>lwiplib.obj</file>
         <name>lwiplib.obj</name>
      </input_file>
      <input_file id="fl-c">
         <path>.\utils\</path>
         <kind>object</kind>
         <file>uartstdio.obj</file>
         <name>uartstdio.obj</name>
      </input_file>
      <input_file id="fl-d">
         <path>.\utils\</path>
         <kind>object</kind>
         <file>ustdlib.obj</file>
         <name>ustdlib.obj</name>
      </input_file>
      <input_file id="fl-e">
         <path>.\drivers\</path>
         <kind>object</kind>
         <file>http.obj</file>
         <name>http.obj</name>
      </input_file>
      <input_file id="fl-f">
         <path>.\drivers\</path>
         <kind>object</kind>
         <file>pinout.obj</file>
         <name>pinout.obj</name>
      </input_file>
      <input_file id="fl-136">
         <path>F:\ti\ccsv6\tools\compiler\ti-cgt-arm_5.2.2\lib\</path>
         <kind>archive</kind>
         <file>rtsv7M4_T_le_v4SPD16_eabi.lib</file>
         <name>boot.obj</name>
      </input_file>
      <input_file id="fl-137">
         <path>F:\ti\ccsv6\tools\compiler\ti-cgt-arm_5.2.2\lib\</path>
         <kind>archive</kind>
         <file>rtsv7M4_T_le_v4SPD16_eabi.lib</file>
         <name>copy_decompress_none.obj</name>
      </input_file>
      <input_file id="fl-138">
         <path>F:\ti\ccsv6\tools\compiler\ti-cgt-arm_5.2.2\lib\</path>
         <kind>archive</kind>
         <file>rtsv7M4_T_le_v4SPD16_eabi.lib</file>
         <name>copy_decompress_rle.obj</name>
      </input_file>
      <input_file id="fl-139">
         <path>F:\ti\ccsv6\tools\compiler\ti-cgt-arm_5.2.2\lib\</path>
         <kind>archive</kind>
         <file>rtsv7M4_T_le_v4SPD16_eabi.lib</file>
         <name>copy_zero_init.obj</name>
      </input_file>
      <input_file id="fl-13a">
         <path>F:\ti\ccsv6\tools\compiler\ti-cgt-arm_5.2.2\lib\</path>
         <kind>archive</kind>
         <file>rtsv7M4_T_le_v4SPD16_eabi.lib</file>
         <name>exit.obj</name>
      </input_file>
      <input_file id="fl-13b">
         <path>F:\ti\ccsv6\tools\compiler\ti-cgt-arm_5.2.2\lib\</path>
         <kind>archive</kind>
         <file>rtsv7M4_T_le_v4SPD16_eabi.lib</file>
         <name>memcmp.obj</name>
      </input_file>
      <input_file id="fl-13c">
         <path>F:\ti\ccsv6\tools\compiler\ti-cgt-arm_5.2.2\lib\</path>
         <kind>archive</kind>
         <file>rtsv7M4_T_le_v4SPD16_eabi.lib</file>
         <name>memcpy_t2.obj</name>
      </input_file>
      <input_file id="fl-13d">
         <path>F:\ti\ccsv6\tools\compiler\ti-cgt-arm_5.2.2\lib\</path>
         <kind>archive</kind>
         <file>rtsv7M4_T_le_v4SPD16_eabi.lib</file>
         <name>memset_t2.obj</name>
      </input_file>
      <input_file id="fl-13e">
         <path>F:\ti\ccsv6\tools\compiler\ti-cgt-arm_5.2.2\lib\</path>
         <kind>archive</kind>
         <file>rtsv7M4_T_le_v4SPD16_eabi.lib</file>
         <name>pre_init.obj</name>
      </input_file>
      <input_file id="fl-13f">
         <path>F:\ti\ccsv6\tools\compiler\ti-cgt-arm_5.2.2\lib\</path>
         <kind>archive</kind>
         <file>rtsv7M4_T_le_v4SPD16_eabi.lib</file>
         <name>stkdepth_vars.obj</name>
      </input_file>
      <input_file id="fl-140">
         <path>F:\ti\ccsv6\tools\compiler\ti-cgt-arm_5.2.2\lib\</path>
         <kind>archive</kind>
         <file>rtsv7M4_T_le_v4SPD16_eabi.lib</file>
         <name>strcat.obj</name>
      </input_file>
      <input_file id="fl-141">
         <path>F:\ti\ccsv6\tools\compiler\ti-cgt-arm_5.2.2\lib\</path>
         <kind>archive</kind>
         <file>rtsv7M4_T_le_v4SPD16_eabi.lib</file>
         <name>strcmp.obj</name>
      </input_file>
      <input_file id="fl-142">
         <path>F:\ti\ccsv6\tools\compiler\ti-cgt-arm_5.2.2\lib\</path>
         <kind>archive</kind>
         <file>rtsv7M4_T_le_v4SPD16_eabi.lib</file>
         <name>strlen.obj</name>
      </input_file>
      <input_file id="fl-143">
         <path>F:\ti\ccsv6\tools\compiler\ti-cgt-arm_5.2.2\lib\</path>
         <kind>archive</kind>
         <file>rtsv7M4_T_le_v4SPD16_eabi.lib</file>
         <name>u_divt2.obj</name>
      </input_file>
      <input_file id="fl-144">
         <path>F:\ti\ccsv6\tools\compiler\ti-cgt-arm_5.2.2\lib\</path>
         <kind>archive</kind>
         <file>rtsv7M4_T_le_v4SPD16_eabi.lib</file>
         <name>_lock.obj</name>
      </input_file>
      <input_file id="fl-145">
         <path>F:\ti\ccsv6\tools\compiler\ti-cgt-arm_5.2.2\lib\</path>
         <kind>archive</kind>
         <file>rtsv7M4_T_le_v4SPD16_eabi.lib</file>
         <name>args_main.obj</name>
      </input_file>
      <input_file id="fl-146">
         <path>F:\ti\ccsv6\tools\compiler\ti-cgt-arm_5.2.2\lib\</path>
         <kind>archive</kind>
         <file>rtsv7M4_T_le_v4SPD16_eabi.lib</file>
         <name>autoinit.obj</name>
      </input_file>
      <input_file id="fl-147">
         <path>F:\ti\ccsv6\tools\compiler\ti-cgt-arm_5.2.2\lib\</path>
         <kind>archive</kind>
         <file>rtsv7M4_T_le_v4SPD16_eabi.lib</file>
         <name>cpy_tbl.obj</name>
      </input_file>
      <input_file id="fl-148">
         <path>F:\ti\TivaWare_C_Series-2.1.1.71\examples\boards\ek-tm4c1294xl\enet_weather\ccs\..\..\..\..\..\driverlib\ccs\Debug\</path>
         <kind>archive</kind>
         <file>driverlib.lib</file>
         <name>emac.obj</name>
      </input_file>
      <input_file id="fl-149">
         <path>F:\ti\TivaWare_C_Series-2.1.1.71\examples\boards\ek-tm4c1294xl\enet_weather\ccs\..\..\..\..\..\driverlib\ccs\Debug\</path>
         <kind>archive</kind>
         <file>driverlib.lib</file>
         <name>flash.obj</name>
      </input_file>
      <input_file id="fl-14a">
         <path>F:\ti\TivaWare_C_Series-2.1.1.71\examples\boards\ek-tm4c1294xl\enet_weather\ccs\..\..\..\..\..\driverlib\ccs\Debug\</path>
         <kind>archive</kind>
         <file>driverlib.lib</file>
         <name>gpio.obj</name>
      </input_file>
      <input_file id="fl-14b">
         <path>F:\ti\TivaWare_C_Series-2.1.1.71\examples\boards\ek-tm4c1294xl\enet_weather\ccs\..\..\..\..\..\driverlib\ccs\Debug\</path>
         <kind>archive</kind>
         <file>driverlib.lib</file>
         <name>interrupt.obj</name>
      </input_file>
      <input_file id="fl-14c">
         <path>F:\ti\TivaWare_C_Series-2.1.1.71\examples\boards\ek-tm4c1294xl\enet_weather\ccs\..\..\..\..\..\driverlib\ccs\Debug\</path>
         <kind>archive</kind>
         <file>driverlib.lib</file>
         <name>sw_crc.obj</name>
      </input_file>
      <input_file id="fl-14d">
         <path>F:\ti\TivaWare_C_Series-2.1.1.71\examples\boards\ek-tm4c1294xl\enet_weather\ccs\..\..\..\..\..\driverlib\ccs\Debug\</path>
         <kind>archive</kind>
         <file>driverlib.lib</file>
         <name>sysctl.obj</name>
      </input_file>
      <input_file id="fl-14e">
         <path>F:\ti\TivaWare_C_Series-2.1.1.71\examples\boards\ek-tm4c1294xl\enet_weather\ccs\..\..\..\..\..\driverlib\ccs\Debug\</path>
         <kind>archive</kind>
         <file>driverlib.lib</file>
         <name>systick.obj</name>
      </input_file>
      <input_file id="fl-14f">
         <path>F:\ti\TivaWare_C_Series-2.1.1.71\examples\boards\ek-tm4c1294xl\enet_weather\ccs\..\..\..\..\..\driverlib\ccs\Debug\</path>
         <kind>archive</kind>
         <file>driverlib.lib</file>
         <name>cpu.obj</name>
      </input_file>
   </input_file_list>
   <object_component_list>
      <object_component id="oc-f">
         <name>.intvecs</name>
         <load_address>0x0</load_address>
         <run_address>0x0</run_address>
         <size>0x200</size>
         <input_file_ref idref="fl-7"/>
      </object_component>
      <object_component id="oc-a63">
         <name>.text:tcp_receive</name>
         <load_address>0x200</load_address>
         <run_address>0x200</run_address>
         <size>0x7bc</size>
         <input_file_ref idref="fl-b"/>
      </object_component>
      <object_component id="oc-814">
         <name>.text:tcp_input</name>
         <load_address>0x9bc</load_address>
         <run_address>0x9bc</run_address>
         <size>0x3d0</size>
         <input_file_ref idref="fl-b"/>
      </object_component>
      <object_component id="oc-992">
         <name>.text:tcp_process</name>
         <load_address>0xd8c</load_address>
         <run_address>0xd8c</run_address>
         <size>0x3b0</size>
         <input_file_ref idref="fl-b"/>
      </object_component>
      <object_component id="oc-33b">
         <name>.text:tcp_write</name>
         <load_address>0x113c</load_address>
         <run_address>0x113c</run_address>
         <size>0x2ec</size>
         <input_file_ref idref="fl-b"/>
      </object_component>
      <object_component id="oc-32b">
         <name>.text:tcp_slowtmr</name>
         <load_address>0x1428</load_address>
         <run_address>0x1428</run_address>
         <size>0x2c8</size>
         <input_file_ref idref="fl-b"/>
      </object_component>
      <object_component id="oc-10e">
         <name>.text:main</name>
         <load_address>0x16f0</load_address>
         <run_address>0x16f0</run_address>
         <size>0x254</size>
         <input_file_ref idref="fl-3"/>
      </object_component>
      <object_component id="oc-6eb">
         <name>.text:uvsnprintf</name>
         <load_address>0x1944</load_address>
         <run_address>0x1944</run_address>
         <size>0x24d</size>
         <input_file_ref idref="fl-d"/>
      </object_component>
      <object_component id="oc-36">
         <name>.text:FaultISR</name>
         <load_address>0x1b92</load_address>
         <run_address>0x1b92</run_address>
         <size>0x2</size>
         <input_file_ref idref="fl-7"/>
      </object_component>
      <object_component id="oc-884">
         <name>.text:dhcp_parse_reply</name>
         <load_address>0x1b94</load_address>
         <run_address>0x1b94</run_address>
         <size>0x228</size>
         <input_file_ref idref="fl-b"/>
      </object_component>
      <object_component id="oc-26a">
         <name>.text:PinoutSet</name>
         <load_address>0x1dbc</load_address>
         <run_address>0x1dbc</run_address>
         <size>0x214</size>
         <input_file_ref idref="fl-f"/>
      </object_component>
      <object_component id="oc-2c4">
         <name>.text:UpdateUART</name>
         <load_address>0x1fd0</load_address>
         <run_address>0x1fd0</run_address>
         <size>0x20c</size>
         <input_file_ref idref="fl-3"/>
      </object_component>
      <object_component id="oc-264">
         <name>.text:SysCtlClockFreqSet</name>
         <load_address>0x21dc</load_address>
         <run_address>0x21dc</run_address>
         <size>0x204</size>
         <input_file_ref idref="fl-14d"/>
      </object_component>
      <object_component id="oc-a3b">
         <name>.text:JSONParseCurrent</name>
         <load_address>0x23e0</load_address>
         <run_address>0x23e0</run_address>
         <size>0x1f9</size>
         <input_file_ref idref="fl-6"/>
      </object_component>
      <object_component id="oc-3c">
         <name>.text:IntDefaultHandler</name>
         <load_address>0x25da</load_address>
         <run_address>0x25da</run_address>
         <size>0x2</size>
         <input_file_ref idref="fl-7"/>
      </object_component>
      <object_component id="oc-606">
         <name>.text:ip_input</name>
         <load_address>0x25dc</load_address>
         <run_address>0x25dc</run_address>
         <size>0x1f0</size>
         <input_file_ref idref="fl-b"/>
      </object_component>
      <object_component id="oc-80e">
         <name>.text:udp_input</name>
         <load_address>0x27cc</load_address>
         <run_address>0x27cc</run_address>
         <size>0x1f0</size>
         <input_file_ref idref="fl-b"/>
      </object_component>
      <object_component id="oc-4fd">
         <name>.text:UARTvprintf</name>
         <load_address>0x29bc</load_address>
         <run_address>0x29bc</run_address>
         <size>0x1ea</size>
         <input_file_ref idref="fl-c"/>
      </object_component>
      <object_component id="oc-30">
         <name>.text:NmiSR</name>
         <load_address>0x2ba6</load_address>
         <run_address>0x2ba6</run_address>
         <size>0x2</size>
         <input_file_ref idref="fl-7"/>
      </object_component>
      <object_component id="oc-a1c">
         <name>.text:Cmd_setproxy</name>
         <load_address>0x2ba8</load_address>
         <run_address>0x2ba8</run_address>
         <size>0x1c8</size>
         <input_file_ref idref="fl-2"/>
      </object_component>
      <object_component id="oc-a35">
         <name>.text:JSONParseForecast</name>
         <load_address>0x2d70</load_address>
         <run_address>0x2d70</run_address>
         <size>0x1b7</size>
         <input_file_ref idref="fl-6"/>
      </object_component>
      <object_component id="oc-2d0">
         <name>.text:UpdateCity</name>
         <load_address>0x2f28</load_address>
         <run_address>0x2f28</run_address>
         <size>0x1b4</size>
         <input_file_ref idref="fl-3"/>
      </object_component>
      <object_component id="oc-81a">
         <name>.text:icmp_input</name>
         <load_address>0x30dc</load_address>
         <run_address>0x30dc</run_address>
         <size>0x1a4</size>
         <input_file_ref idref="fl-b"/>
      </object_component>
      <object_component id="oc-341">
         <name>.text:tcp_output</name>
         <load_address>0x3280</load_address>
         <run_address>0x3280</run_address>
         <size>0x190</size>
         <input_file_ref idref="fl-b"/>
      </object_component>
      <object_component id="oc-48">
         <name>.text:UARTStdioIntHandler</name>
         <load_address>0x3410</load_address>
         <run_address>0x3410</run_address>
         <size>0x160</size>
         <input_file_ref idref="fl-c"/>
      </object_component>
      <object_component id="oc-5fa">
         <name>.text:etharp_arp_input</name>
         <load_address>0x3570</load_address>
         <run_address>0x3570</run_address>
         <size>0x150</size>
         <input_file_ref idref="fl-b"/>
      </object_component>
      <object_component id="oc-5bb">
         <name>.text:tcp_close_shutdown</name>
         <load_address>0x36c0</load_address>
         <run_address>0x36c0</run_address>
         <size>0x148</size>
         <input_file_ref idref="fl-b"/>
      </object_component>
      <object_component id="oc-1c5">
         <name>.text:tivaif_receive</name>
         <load_address>0x3808</load_address>
         <run_address>0x3808</run_address>
         <size>0x140</size>
         <input_file_ref idref="fl-b"/>
      </object_component>
      <object_component id="oc-3b8">
         <name>.text:pbuf_alloc</name>
         <load_address>0x3948</load_address>
         <run_address>0x3948</run_address>
         <size>0x138</size>
         <input_file_ref idref="fl-b"/>
      </object_component>
      <object_component id="oc-a82">
         <name>.text:dns_recv</name>
         <load_address>0x3a80</load_address>
         <run_address>0x3a80</run_address>
         <size>0x134</size>
         <input_file_ref idref="fl-b"/>
      </object_component>
      <object_component id="oc-43f">
         <name>.text:GPIOPadConfigSet</name>
         <load_address>0x3bb4</load_address>
         <run_address>0x3bb4</run_address>
         <size>0x130</size>
         <input_file_ref idref="fl-14a"/>
      </object_component>
      <object_component id="oc-9c">
         <name>.text:EthClientTick</name>
         <load_address>0x3ce4</load_address>
         <run_address>0x3ce4</run_address>
         <size>0x124</size>
         <input_file_ref idref="fl-4"/>
      </object_component>
      <object_component id="oc-836">
         <name>.text:dhcp_create_msg</name>
         <load_address>0x3e08</load_address>
         <run_address>0x3e08</run_address>
         <size>0x124</size>
         <input_file_ref idref="fl-b"/>
      </object_component>
      <object_component id="oc-a00">
         <name>.text:etharp_output</name>
         <load_address>0x3f2c</load_address>
         <run_address>0x3f2c</run_address>
         <size>0x11c</size>
         <input_file_ref idref="fl-b"/>
      </object_component>
      <object_component id="oc-860">
         <name>.text:etharp_query</name>
         <load_address>0x4048</load_address>
         <run_address>0x4048</run_address>
         <size>0x114</size>
         <input_file_ref idref="fl-b"/>
      </object_component>
      <object_component id="oc-986">
         <name>.text:tcp_listen_input</name>
         <load_address>0x415c</load_address>
         <run_address>0x415c</run_address>
         <size>0x114</size>
         <input_file_ref idref="fl-b"/>
      </object_component>
      <object_component id="oc-7a5">
         <name>.text:ipaddr_aton</name>
         <load_address>0x4270</load_address>
         <run_address>0x4270</run_address>
         <size>0x110</size>
         <input_file_ref idref="fl-b"/>
      </object_component>
      <object_component id="oc-61c">
         <name>.text:mem_malloc</name>
         <load_address>0x4380</load_address>
         <run_address>0x4380</run_address>
         <size>0x10c</size>
         <input_file_ref idref="fl-b"/>
      </object_component>
      <object_component id="oc-974">
         <name>.text:mem_trim</name>
         <load_address>0x448c</load_address>
         <run_address>0x448c</run_address>
         <size>0x100</size>
         <input_file_ref idref="fl-b"/>
      </object_component>
      <object_component id="oc-a06">
         <name>.text:tivaif_transmit</name>
         <load_address>0x458c</load_address>
         <run_address>0x458c</run_address>
         <size>0x100</size>
         <input_file_ref idref="fl-b"/>
      </object_component>
      <object_component id="oc-930">
         <name>.text:ip_output_if</name>
         <load_address>0x468c</load_address>
         <run_address>0x468c</run_address>
         <size>0xf8</size>
         <input_file_ref idref="fl-b"/>
      </object_component>
      <object_component id="oc-73c">
         <name>.text:tcp_connect</name>
         <load_address>0x4784</load_address>
         <run_address>0x4784</run_address>
         <size>0xf8</size>
         <input_file_ref idref="fl-b"/>
      </object_component>
      <object_component id="oc-55b">
         <name>.text:lwIPPrivateNetworkConfigChange</name>
         <load_address>0x487c</load_address>
         <run_address>0x487c</run_address>
         <size>0xf4</size>
         <input_file_ref idref="fl-b"/>
      </object_component>
      <object_component id="oc-84a">
         <name>.text:udp_sendto_if</name>
         <load_address>0x4970</load_address>
         <run_address>0x4970</run_address>
         <size>0xec</size>
         <input_file_ref idref="fl-b"/>
      </object_component>
      <object_component id="oc-497">
         <name>.text:lwIPInit</name>
         <load_address>0x4a5c</load_address>
         <run_address>0x4a5c</run_address>
         <size>0xe8</size>
         <input_file_ref idref="fl-b"/>
      </object_component>
      <object_component id="oc-95f">
         <name>.text:etharp_find_entry</name>
         <load_address>0x4b44</load_address>
         <run_address>0x4b44</run_address>
         <size>0xe0</size>
         <input_file_ref idref="fl-b"/>
      </object_component>
      <object_component id="oc-641">
         <name>.text:etharp_raw</name>
         <load_address>0x4c24</load_address>
         <run_address>0x4c24</run_address>
         <size>0xdc</size>
         <input_file_ref idref="fl-b"/>
      </object_component>
      <object_component id="oc-590">
         <name>.text:tcp_output_segment</name>
         <load_address>0x4d00</load_address>
         <run_address>0x4d00</run_address>
         <size>0xd8</size>
         <input_file_ref idref="fl-b"/>
      </object_component>
      <object_component id="oc-1da">
         <name>.text:autoip_tmr</name>
         <load_address>0x4dd8</load_address>
         <run_address>0x4dd8</run_address>
         <size>0xd4</size>
         <input_file_ref idref="fl-b"/>
      </object_component>
      <object_component id="oc-8ed">
         <name>.text:tcp_alloc</name>
         <load_address>0x4eac</load_address>
         <run_address>0x4eac</run_address>
         <size>0xd0</size>
         <input_file_ref idref="fl-b"/>
      </object_component>
      <object_component id="oc-6a9">
         <name>.text:dhcp_recv</name>
         <load_address>0x4f7c</load_address>
         <run_address>0x4f7c</run_address>
         <size>0xcc</size>
         <input_file_ref idref="fl-b"/>
      </object_component>
      <object_component id="oc-66f">
         <name>.text:dhcp_select</name>
         <load_address>0x5048</load_address>
         <run_address>0x5048</run_address>
         <size>0xcc</size>
         <input_file_ref idref="fl-b"/>
      </object_component>
      <object_component id="oc-de">
         <name>.text:lwIPServiceTimers</name>
         <load_address>0x5114</load_address>
         <run_address>0x5114</run_address>
         <size>0xcc</size>
         <input_file_ref idref="fl-b"/>
      </object_component>
      <object_component id="oc-a16">
         <name>.text:Cmd_cityscroll</name>
         <load_address>0x51e0</load_address>
         <run_address>0x51e0</run_address>
         <size>0xc8</size>
         <input_file_ref idref="fl-2"/>
      </object_component>
      <object_component id="oc-65d">
         <name>.text:dhcp_bind</name>
         <load_address>0x52a8</load_address>
         <run_address>0x52a8</run_address>
         <size>0xc8</size>
         <input_file_ref idref="fl-b"/>
      </object_component>
      <object_component id="oc-ab5">
         <name>.text:InitDMADescriptors</name>
         <load_address>0x5370</load_address>
         <run_address>0x5370</run_address>
         <size>0xc4</size>
         <input_file_ref idref="fl-b"/>
      </object_component>
      <object_component id="oc-675">
         <name>.text:dhcp_discover</name>
         <load_address>0x5434</load_address>
         <run_address>0x5434</run_address>
         <size>0xbc</size>
         <input_file_ref idref="fl-b"/>
      </object_component>
      <object_component id="oc-577">
         <name>.text:tcp_create_segment</name>
         <load_address>0x54f0</load_address>
         <run_address>0x54f0</run_address>
         <size>0xbc</size>
         <input_file_ref idref="fl-b"/>
      </object_component>
      <object_component id="oc-9fa">
         <name>.text:tivaif_hwinit</name>
         <load_address>0x55ac</load_address>
         <run_address>0x55ac</run_address>
         <size>0xbc</size>
         <input_file_ref idref="fl-b"/>
      </object_component>
      <object_component id="oc-759">
         <name>.text:dns_send</name>
         <load_address>0x5668</load_address>
         <run_address>0x5668</run_address>
         <size>0xb8</size>
         <input_file_ref idref="fl-b"/>
      </object_component>
      <object_component id="oc-903">
         <name>.text:TCPReceive</name>
         <load_address>0x5720</load_address>
         <run_address>0x5720</run_address>
         <size>0xb4</size>
         <input_file_ref idref="fl-4"/>
      </object_component>
      <object_component id="oc-270">
         <name>.text:UARTStdioConfig</name>
         <load_address>0x57d4</load_address>
         <run_address>0x57d4</run_address>
         <size>0xb0</size>
         <input_file_ref idref="fl-c"/>
      </object_component>
      <object_component id="oc-b17">
         <name>.text:GetField</name>
         <load_address>0x5884</load_address>
         <run_address>0x5884</run_address>
         <size>0xae</size>
         <input_file_ref idref="fl-6"/>
      </object_component>
      <object_component id="oc-909">
         <name>.text:TCPError</name>
         <load_address>0x5932</load_address>
         <run_address>0x5932</run_address>
         <size>0x2</size>
         <input_file_ref idref="fl-4"/>
      </object_component>
      <object_component id="oc-5b0">
         <name>.text:dns_enqueue</name>
         <load_address>0x5934</load_address>
         <run_address>0x5934</run_address>
         <size>0xac</size>
         <input_file_ref idref="fl-b"/>
      </object_component>
      <object_component id="oc-778">
         <name>.text:inet_chksum_pseudo</name>
         <load_address>0x59e0</load_address>
         <run_address>0x59e0</run_address>
         <size>0xac</size>
         <input_file_ref idref="fl-b"/>
      </object_component>
      <object_component id="oc-531">
         <name>.text:tcp_zero_window_probe</name>
         <load_address>0x5a8c</load_address>
         <run_address>0x5a8c</run_address>
         <size>0xac</size>
         <input_file_ref idref="fl-b"/>
      </object_component>
      <object_component id="oc-b2">
         <name>.text:UARTwrite</name>
         <load_address>0x5b38</load_address>
         <run_address>0x5b38</run_address>
         <size>0xa8</size>
         <input_file_ref idref="fl-c"/>
      </object_component>
      <object_component id="oc-2e2">
         <name>.text:WeatherForecast</name>
         <load_address>0x5be0</load_address>
         <run_address>0x5be0</run_address>
         <size>0xa8</size>
         <input_file_ref idref="fl-4"/>
      </object_component>
      <object_component id="oc-407">
         <name>.text:dhcp_start</name>
         <load_address>0x5c88</load_address>
         <run_address>0x5c88</run_address>
         <size>0xa8</size>
         <input_file_ref idref="fl-b"/>
      </object_component>
      <object_component id="oc-8fc">
         <name>.text:tcp_enqueue_flags</name>
         <load_address>0x5d30</load_address>
         <run_address>0x5d30</run_address>
         <size>0xa8</size>
         <input_file_ref idref="fl-b"/>
      </object_component>
      <object_component id="oc-4ba">
         <name>.text:CheckForUserCommands</name>
         <load_address>0x5dd8</load_address>
         <run_address>0x5dd8</run_address>
         <size>0xa4</size>
         <input_file_ref idref="fl-3"/>
      </object_component>
      <object_component id="oc-669">
         <name>.text:dhcp_release</name>
         <load_address>0x5e7c</load_address>
         <run_address>0x5e7c</run_address>
         <size>0xa4</size>
         <input_file_ref idref="fl-b"/>
      </object_component>
      <object_component id="oc-51a">
         <name>.text:dns_check_entry</name>
         <load_address>0x5f20</load_address>
         <run_address>0x5f20</run_address>
         <size>0xa4</size>
         <input_file_ref idref="fl-b"/>
      </object_component>
      <object_component id="oc-3b2">
         <name>.text:ethernet_input</name>
         <load_address>0x5fc4</load_address>
         <run_address>0x5fc4</run_address>
         <size>0xa4</size>
         <input_file_ref idref="fl-b"/>
      </object_component>
      <object_component id="oc-896">
         <name>.text:dhcp_handle_ack</name>
         <load_address>0x6068</load_address>
         <run_address>0x6068</run_address>
         <size>0xa0</size>
         <input_file_ref idref="fl-b"/>
      </object_component>
      <object_component id="oc-57">
         <name>.text</name>
         <load_address>0x6108</load_address>
         <run_address>0x6108</run_address>
         <size>0x9c</size>
         <input_file_ref idref="fl-13c"/>
      </object_component>
      <object_component id="oc-ba1">
         <name>.text:ustrtoul</name>
         <load_address>0x61a4</load_address>
         <run_address>0x61a4</run_address>
         <size>0x9c</size>
         <input_file_ref idref="fl-d"/>
      </object_component>
      <object_component id="oc-657">
         <name>.text:dhcp_reboot</name>
         <load_address>0x6240</load_address>
         <run_address>0x6240</run_address>
         <size>0x98</size>
         <input_file_ref idref="fl-b"/>
      </object_component>
      <object_component id="oc-9a8">
         <name>.text:pbuf_copy</name>
         <load_address>0x62d8</load_address>
         <run_address>0x62d8</run_address>
         <size>0x92</size>
         <input_file_ref idref="fl-b"/>
      </object_component>
      <object_component id="oc-b23">
         <name>.text:GetFieldValueString</name>
         <load_address>0x636a</load_address>
         <run_address>0x636a</run_address>
         <size>0x90</size>
         <input_file_ref idref="fl-6"/>
      </object_component>
      <object_component id="oc-1ce">
         <name>.text:lwIPHostTimerHandler</name>
         <load_address>0x63fa</load_address>
         <run_address>0x63fa</run_address>
         <size>0x2</size>
         <input_file_ref idref="fl-4"/>
      </object_component>
      <object_component id="oc-9af">
         <name>.text:tcp_abandon</name>
         <load_address>0x63fc</load_address>
         <run_address>0x63fc</run_address>
         <size>0x90</size>
         <input_file_ref idref="fl-b"/>
      </object_component>
      <object_component id="oc-549">
         <name>.text:tcp_rst</name>
         <load_address>0x648c</load_address>
         <run_address>0x648c</run_address>
         <size>0x90</size>
         <input_file_ref idref="fl-b"/>
      </object_component>
      <object_component id="oc-a6">
         <name>.text:UARTPrimeTransmit</name>
         <load_address>0x651c</load_address>
         <run_address>0x651c</run_address>
         <size>0x8c</size>
         <input_file_ref idref="fl-c"/>
      </object_component>
      <object_component id="oc-2d6">
         <name>.text:WeatherCurrent</name>
         <load_address>0x65a8</load_address>
         <run_address>0x65a8</run_address>
         <size>0x88</size>
         <input_file_ref idref="fl-4"/>
      </object_component>
      <object_component id="oc-1ec">
         <name>.text:lwIPLinkDetect</name>
         <load_address>0x6630</load_address>
         <run_address>0x6630</run_address>
         <size>0x84</size>
         <input_file_ref idref="fl-b"/>
      </object_component>
      <object_component id="oc-98c">
         <name>.text:tcp_timewait_input</name>
         <load_address>0x66b4</load_address>
         <run_address>0x66b4</run_address>
         <size>0x84</size>
         <input_file_ref idref="fl-b"/>
      </object_component>
      <object_component id="oc-7dc">
         <name>.text:autoip_arp_reply</name>
         <load_address>0x6738</load_address>
         <run_address>0x6738</run_address>
         <size>0x82</size>
         <input_file_ref idref="fl-b"/>
      </object_component>
      <object_component id="oc-650">
         <name>.text:dhcp_rebind</name>
         <load_address>0x67bc</load_address>
         <run_address>0x67bc</run_address>
         <size>0x80</size>
         <input_file_ref idref="fl-b"/>
      </object_component>
      <object_component id="oc-649">
         <name>.text:dhcp_renew</name>
         <load_address>0x683c</load_address>
         <run_address>0x683c</run_address>
         <size>0x80</size>
         <input_file_ref idref="fl-b"/>
      </object_component>
      <object_component id="oc-707">
         <name>.text:lwIPPrivateInit</name>
         <load_address>0x68bc</load_address>
         <run_address>0x68bc</run_address>
         <size>0x80</size>
         <input_file_ref idref="fl-b"/>
      </object_component>
      <object_component id="oc-a5b">
         <name>.text:tcp_parseopt</name>
         <load_address>0x693c</load_address>
         <run_address>0x693c</run_address>
         <size>0x80</size>
         <input_file_ref idref="fl-b"/>
      </object_component>
      <object_component id="oc-2b8">
         <name>.text:EthClientInit</name>
         <load_address>0x69bc</load_address>
         <run_address>0x69bc</run_address>
         <size>0x7c</size>
         <input_file_ref idref="fl-4"/>
      </object_component>
      <object_component id="oc-3ee">
         <name>.text:dhcp_timeout</name>
         <load_address>0x6a38</load_address>
         <run_address>0x6a38</run_address>
         <size>0x7c</size>
         <input_file_ref idref="fl-b"/>
      </object_component>
      <object_component id="oc-1b9">
         <name>.text:tivaif_process_phy_interrupt</name>
         <load_address>0x6ab4</load_address>
         <run_address>0x6ab4</run_address>
         <size>0x7c</size>
         <input_file_ref idref="fl-b"/>
      </object_component>
      <object_component id="oc-70">
         <name>.text</name>
         <load_address>0x6b30</load_address>
         <run_address>0x6b30</run_address>
         <size>0x7a</size>
         <input_file_ref idref="fl-13d"/>
      </object_component>
      <object_component id="oc-701">
         <name>.text:EMACInit</name>
         <load_address>0x6bac</load_address>
         <run_address>0x6bac</run_address>
         <size>0x78</size>
         <input_file_ref idref="fl-148"/>
      </object_component>
      <object_component id="oc-b4b">
         <name>.text:tcp_oos_insert_segment</name>
         <load_address>0x6c24</load_address>
         <run_address>0x6c24</run_address>
         <size>0x78</size>
         <input_file_ref idref="fl-b"/>
      </object_component>
      <object_component id="oc-294">
         <name>.text:ResetCity</name>
         <load_address>0x6c9c</load_address>
         <run_address>0x6c9c</run_address>
         <size>0x74</size>
         <input_file_ref idref="fl-3"/>
      </object_component>
      <object_component id="oc-7e2">
         <name>.text:etharp_update_arp_entry</name>
         <load_address>0x6d10</load_address>
         <run_address>0x6d10</run_address>
         <size>0x74</size>
         <input_file_ref idref="fl-b"/>
      </object_component>
      <object_component id="oc-802">
         <name>.text:raw_input</name>
         <load_address>0x6d84</load_address>
         <run_address>0x6d84</run_address>
         <size>0x74</size>
         <input_file_ref idref="fl-b"/>
      </object_component>
      <object_component id="oc-b1d">
         <name>.text:GetFieldValueInt</name>
         <load_address>0x6df8</load_address>
         <run_address>0x6df8</run_address>
         <size>0x70</size>
         <input_file_ref idref="fl-6"/>
      </object_component>
      <object_component id="oc-325">
         <name>.text:tcp_fasttmr</name>
         <load_address>0x6e68</load_address>
         <run_address>0x6e68</run_address>
         <size>0x70</size>
         <input_file_ref idref="fl-b"/>
      </object_component>
      <object_component id="oc-2fc">
         <name>.text:WeatherEvent</name>
         <load_address>0x6ed8</load_address>
         <run_address>0x6ed8</run_address>
         <size>0x6c</size>
         <input_file_ref idref="fl-3"/>
      </object_component>
      <object_component id="oc-97e">
         <name>.text:icmp_send_response</name>
         <load_address>0x6f44</load_address>
         <run_address>0x6f44</run_address>
         <size>0x6c</size>
         <input_file_ref idref="fl-b"/>
      </object_component>
      <object_component id="oc-9e4">
         <name>.text:memp_init</name>
         <load_address>0x6fb0</load_address>
         <run_address>0x6fb0</run_address>
         <size>0x6c</size>
         <input_file_ref idref="fl-b"/>
      </object_component>
      <object_component id="oc-82">
         <name>.text</name>
         <load_address>0x701c</load_address>
         <run_address>0x701c</run_address>
         <size>0x6c</size>
         <input_file_ref idref="fl-146"/>
      </object_component>
      <object_component id="oc-63">
         <name>.text</name>
         <load_address>0x7088</load_address>
         <run_address>0x7088</run_address>
         <size>0x6a</size>
         <input_file_ref idref="fl-138"/>
      </object_component>
      <object_component id="oc-ae5">
         <name>.text:IntEnable</name>
         <load_address>0x70f4</load_address>
         <run_address>0x70f4</run_address>
         <size>0x68</size>
         <input_file_ref idref="fl-14b"/>
      </object_component>
      <object_component id="oc-742">
         <name>.text:TCPConnected</name>
         <load_address>0x715c</load_address>
         <run_address>0x715c</run_address>
         <size>0x68</size>
         <input_file_ref idref="fl-4"/>
      </object_component>
      <object_component id="oc-96c">
         <name>.text:dhcp_decline</name>
         <load_address>0x71c4</load_address>
         <run_address>0x71c4</run_address>
         <size>0x68</size>
         <input_file_ref idref="fl-b"/>
      </object_component>
      <object_component id="oc-929">
         <name>.text:lwip_standard_chksum</name>
         <load_address>0x722c</load_address>
         <run_address>0x722c</run_address>
         <size>0x68</size>
         <input_file_ref idref="fl-b"/>
      </object_component>
      <object_component id="oc-628">
         <name>.text:netif_set_ipaddr</name>
         <load_address>0x7294</load_address>
         <run_address>0x7294</run_address>
         <size>0x68</size>
         <input_file_ref idref="fl-b"/>
      </object_component>
      <object_component id="oc-772">
         <name>.text:pbuf_copy_partial</name>
         <load_address>0x72fc</load_address>
         <run_address>0x72fc</run_address>
         <size>0x68</size>
         <input_file_ref idref="fl-b"/>
      </object_component>
      <object_component id="oc-941">
         <name>.text:sys_timeout</name>
         <load_address>0x7364</load_address>
         <run_address>0x7364</run_address>
         <size>0x68</size>
         <input_file_ref idref="fl-b"/>
      </object_component>
      <object_component id="oc-76c">
         <name>.text:tcp_output_alloc_header</name>
         <load_address>0x73cc</load_address>
         <run_address>0x73cc</run_address>
         <size>0x68</size>
         <input_file_ref idref="fl-b"/>
      </object_component>
      <object_component id="oc-521">
         <name>.text:tcp_process_refused_data</name>
         <load_address>0x7434</load_address>
         <run_address>0x7434</run_address>
         <size>0x68</size>
         <input_file_ref idref="fl-b"/>
      </object_component>
      <object_component id="oc-697">
         <name>.text:udp_bind</name>
         <load_address>0x749c</load_address>
         <run_address>0x749c</run_address>
         <size>0x68</size>
         <input_file_ref idref="fl-b"/>
      </object_component>
      <object_component id="oc-71a">
         <name>.text:CmdLineProcess</name>
         <load_address>0x7504</load_address>
         <run_address>0x7504</run_address>
         <size>0x64</size>
         <input_file_ref idref="fl-8"/>
      </object_component>
      <object_component id="oc-9ea">
         <name>.text:dns_init</name>
         <load_address>0x7568</load_address>
         <run_address>0x7568</run_address>
         <size>0x64</size>
         <input_file_ref idref="fl-b"/>
      </object_component>
      <object_component id="oc-5ec">
         <name>.text:mem_free</name>
         <load_address>0x75cc</load_address>
         <run_address>0x75cc</run_address>
         <size>0x64</size>
         <input_file_ref idref="fl-b"/>
      </object_component>
      <object_component id="oc-7d0">
         <name>.text:plug_holes</name>
         <load_address>0x7630</load_address>
         <run_address>0x7630</run_address>
         <size>0x64</size>
         <input_file_ref idref="fl-b"/>
      </object_component>
      <object_component id="oc-600">
         <name>.text:pbuf_header</name>
         <load_address>0x7694</load_address>
         <run_address>0x7694</run_address>
         <size>0x62</size>
         <input_file_ref idref="fl-b"/>
      </object_component>
      <object_component id="oc-a10">
         <name>.text:Cmd_help</name>
         <load_address>0x76f8</load_address>
         <run_address>0x76f8</run_address>
         <size>0x60</size>
         <input_file_ref idref="fl-2"/>
      </object_component>
      <object_component id="oc-2be">
         <name>.text:UpdateMACAddr</name>
         <load_address>0x7758</load_address>
         <run_address>0x7758</run_address>
         <size>0x60</size>
         <input_file_ref idref="fl-3"/>
      </object_component>
      <object_component id="oc-9f0">
         <name>.text:sys_timeouts_init</name>
         <load_address>0x77b8</load_address>
         <run_address>0x77b8</run_address>
         <size>0x60</size>
         <input_file_ref idref="fl-b"/>
      </object_component>
      <object_component id="oc-348">
         <name>.text:dns_gethostbyname</name>
         <load_address>0x7818</load_address>
         <run_address>0x7818</run_address>
         <size>0x5c</size>
         <input_file_ref idref="fl-b"/>
      </object_component>
      <object_component id="oc-4e">
         <name>.text:lwIPEthernetIntHandler</name>
         <load_address>0x7874</load_address>
         <run_address>0x7874</run_address>
         <size>0x5c</size>
         <input_file_ref idref="fl-b"/>
      </object_component>
      <object_component id="oc-610">
         <name>.text:memp_malloc</name>
         <load_address>0x78d0</load_address>
         <run_address>0x78d0</run_address>
         <size>0x5c</size>
         <input_file_ref idref="fl-b"/>
      </object_component>
      <object_component id="oc-537">
         <name>.text:tcp_keepalive</name>
         <load_address>0x792c</load_address>
         <run_address>0x792c</run_address>
         <size>0x5c</size>
         <input_file_ref idref="fl-b"/>
      </object_component>
      <object_component id="oc-7bb">
         <name>.text:tcp_pcb_remove</name>
         <load_address>0x7988</load_address>
         <run_address>0x7988</run_address>
         <size>0x5c</size>
         <input_file_ref idref="fl-b"/>
      </object_component>
      <object_component id="oc-58a">
         <name>.text:tcp_send_empty_ack</name>
         <load_address>0x79e4</load_address>
         <run_address>0x79e4</run_address>
         <size>0x5c</size>
         <input_file_ref idref="fl-b"/>
      </object_component>
      <object_component id="oc-9a2">
         <name>.text:inet_chksum_pbuf</name>
         <load_address>0x7a40</load_address>
         <run_address>0x7a40</run_address>
         <size>0x5a</size>
         <input_file_ref idref="fl-b"/>
      </object_component>
      <object_component id="oc-7f6">
         <name>.text:pbuf_realloc</name>
         <load_address>0x7a9a</load_address>
         <run_address>0x7a9a</run_address>
         <size>0x5a</size>
         <input_file_ref idref="fl-b"/>
      </object_component>
      <object_component id="oc-6fb">
         <name>.text:EMACPHYConfigSet</name>
         <load_address>0x7af4</load_address>
         <run_address>0x7af4</run_address>
         <size>0x58</size>
         <input_file_ref idref="fl-148"/>
      </object_component>
      <object_component id="oc-4ea">
         <name>.text:EthClientTCPConnect</name>
         <load_address>0x7b4c</load_address>
         <run_address>0x7b4c</run_address>
         <size>0x58</size>
         <input_file_ref idref="fl-4"/>
      </object_component>
      <object_component id="oc-288">
         <name>.text:FlashPBInit</name>
         <load_address>0x7ba4</load_address>
         <run_address>0x7ba4</run_address>
         <size>0x58</size>
         <input_file_ref idref="fl-9"/>
      </object_component>
      <object_component id="oc-40d">
         <name>.text:autoip_start</name>
         <load_address>0x7bfc</load_address>
         <run_address>0x7bfc</run_address>
         <size>0x58</size>
         <input_file_ref idref="fl-b"/>
      </object_component>
      <object_component id="oc-a69">
         <name>.text:tcp_rexmit</name>
         <load_address>0x7c54</load_address>
         <run_address>0x7c54</run_address>
         <size>0x56</size>
         <input_file_ref idref="fl-b"/>
      </object_component>
      <object_component id="oc-4e4">
         <name>.text:MergeRequest</name>
         <load_address>0x7cac</load_address>
         <run_address>0x7cac</run_address>
         <size>0x54</size>
         <input_file_ref idref="fl-4"/>
      </object_component>
      <object_component id="oc-4ae">
         <name>.text:UARTgets</name>
         <load_address>0x7d00</load_address>
         <run_address>0x7d00</run_address>
         <size>0x54</size>
         <input_file_ref idref="fl-c"/>
      </object_component>
      <object_component id="oc-6b0">
         <name>.text:autoip_create_addr</name>
         <load_address>0x7d54</load_address>
         <run_address>0x7d54</run_address>
         <size>0x54</size>
         <input_file_ref idref="fl-b"/>
      </object_component>
      <object_component id="oc-9de">
         <name>.text:mem_init</name>
         <load_address>0x7da8</load_address>
         <run_address>0x7da8</run_address>
         <size>0x54</size>
         <input_file_ref idref="fl-b"/>
      </object_component>
      <object_component id="oc-8d0">
         <name>.text:netif_add</name>
         <load_address>0x7dfc</load_address>
         <run_address>0x7dfc</run_address>
         <size>0x54</size>
         <input_file_ref idref="fl-b"/>
      </object_component>
      <object_component id="oc-8f4">
         <name>.text:tcp_new_port</name>
         <load_address>0x7e50</load_address>
         <run_address>0x7e50</run_address>
         <size>0x54</size>
         <input_file_ref idref="fl-b"/>
      </object_component>
      <object_component id="oc-56b">
         <name>.text:tcp_pbuf_prealloc</name>
         <load_address>0x7ea4</load_address>
         <run_address>0x7ea4</run_address>
         <size>0x52</size>
         <input_file_ref idref="fl-b"/>
      </object_component>
      <object_component id="oc-1bf">
         <name>.text:tivaif_process_transmit</name>
         <load_address>0x7ef6</load_address>
         <run_address>0x7ef6</run_address>
         <size>0x52</size>
         <input_file_ref idref="fl-b"/>
      </object_component>
      <object_component id="oc-145">
         <name>.text:EthClientDNSResolve</name>
         <load_address>0x7f48</load_address>
         <run_address>0x7f48</run_address>
         <size>0x50</size>
         <input_file_ref idref="fl-4"/>
      </object_component>
      <object_component id="oc-8b2">
         <name>.text:SysCtlPeripheralReset</name>
         <load_address>0x7f98</load_address>
         <run_address>0x7f98</run_address>
         <size>0x50</size>
         <input_file_ref idref="fl-14d"/>
      </object_component>
      <object_component id="oc-29a">
         <name>.text:UpdateIPAddress</name>
         <load_address>0x7fe8</load_address>
         <run_address>0x7fe8</run_address>
         <size>0x50</size>
         <input_file_ref idref="fl-3"/>
      </object_component>
      <object_component id="oc-24">
         <name>.text</name>
         <load_address>0x8038</load_address>
         <run_address>0x8038</run_address>
         <size>0x50</size>
         <input_file_ref idref="fl-136"/>
      </object_component>
      <object_component id="oc-565">
         <name>.text:tcp_write_checks</name>
         <load_address>0x8088</load_address>
         <run_address>0x8088</run_address>
         <size>0x50</size>
         <input_file_ref idref="fl-b"/>
      </object_component>
      <object_component id="oc-6b6">
         <name>.text:autoip_start_probing</name>
         <load_address>0x80d8</load_address>
         <run_address>0x80d8</run_address>
         <size>0x4e</size>
         <input_file_ref idref="fl-b"/>
      </object_component>
      <object_component id="oc-3a5">
         <name>.text:pbuf_free</name>
         <load_address>0x8126</load_address>
         <run_address>0x8126</run_address>
         <size>0x4e</size>
         <input_file_ref idref="fl-b"/>
      </object_component>
      <object_component id="oc-b08">
         <name>.text:ProxyEnable</name>
         <load_address>0x8174</load_address>
         <run_address>0x8174</run_address>
         <size>0x4c</size>
         <input_file_ref idref="fl-3"/>
      </object_component>
      <object_component id="oc-79b">
         <name>.text:ip_route</name>
         <load_address>0x81c0</load_address>
         <run_address>0x81c0</run_address>
         <size>0x4c</size>
         <input_file_ref idref="fl-b"/>
      </object_component>
      <object_component id="oc-106">
         <name>.text</name>
         <load_address>0x820c</load_address>
         <run_address>0x820c</run_address>
         <size>0x4c</size>
         <input_file_ref idref="fl-147"/>
      </object_component>
      <object_component id="oc-d8">
         <name>.text:tivaif_interrupt</name>
         <load_address>0x8258</load_address>
         <run_address>0x8258</run_address>
         <size>0x4c</size>
         <input_file_ref idref="fl-b"/>
      </object_component>
      <object_component id="oc-69d">
         <name>.text:udp_connect</name>
         <load_address>0x82a4</load_address>
         <run_address>0x82a4</run_address>
         <size>0x4c</size>
         <input_file_ref idref="fl-b"/>
      </object_component>
      <object_component id="oc-87b">
         <name>.text:udp_new_port</name>
         <load_address>0x82f0</load_address>
         <run_address>0x82f0</run_address>
         <size>0x4c</size>
         <input_file_ref idref="fl-b"/>
      </object_component>
      <object_component id="oc-42f">
         <name>.text:_SysCtlFrequencyGet</name>
         <load_address>0x833c</load_address>
         <run_address>0x833c</run_address>
         <size>0x48</size>
         <input_file_ref idref="fl-14d"/>
      </object_component>
      <object_component id="oc-aec">
         <name>.text:etharp_output_to_arp_index</name>
         <load_address>0x8384</load_address>
         <run_address>0x8384</run_address>
         <size>0x48</size>
         <input_file_ref idref="fl-b"/>
      </object_component>
      <object_component id="oc-77e">
         <name>.text:ip_output</name>
         <load_address>0x83cc</load_address>
         <run_address>0x83cc</run_address>
         <size>0x48</size>
         <input_file_ref idref="fl-b"/>
      </object_component>
      <object_component id="oc-a2c">
         <name>.text:tcp_kill_prio</name>
         <load_address>0x8414</load_address>
         <run_address>0x8414</run_address>
         <size>0x48</size>
         <input_file_ref idref="fl-b"/>
      </object_component>
      <object_component id="oc-b3f">
         <name>.text:tcp_rexmit_fast</name>
         <load_address>0x845c</load_address>
         <run_address>0x845c</run_address>
         <size>0x48</size>
         <input_file_ref idref="fl-b"/>
      </object_component>
      <object_component id="oc-af3">
         <name>.text:tivaif_check_pbuf</name>
         <load_address>0x84a4</load_address>
         <run_address>0x84a4</run_address>
         <size>0x48</size>
         <input_file_ref idref="fl-b"/>
      </object_component>
      <object_component id="oc-7b5">
         <name>.text:tcp_send_fin</name>
         <load_address>0x84ec</load_address>
         <run_address>0x84ec</run_address>
         <size>0x46</size>
         <input_file_ref idref="fl-b"/>
      </object_component>
      <object_component id="oc-139">
         <name>.text:EthClientDHCPConnect</name>
         <load_address>0x8534</load_address>
         <run_address>0x8534</run_address>
         <size>0x44</size>
         <input_file_ref idref="fl-4"/>
      </object_component>
      <object_component id="oc-4a8">
         <name>.text:UARTPeek</name>
         <load_address>0x8578</load_address>
         <run_address>0x8578</run_address>
         <size>0x44</size>
         <input_file_ref idref="fl-c"/>
      </object_component>
      <object_component id="oc-8e">
         <name>.text</name>
         <load_address>0x85bc</load_address>
         <run_address>0x85bc</run_address>
         <size>0x44</size>
         <input_file_ref idref="fl-13a"/>
      </object_component>
      <object_component id="oc-5cb">
         <name>.text:dhcp_network_changed</name>
         <load_address>0x8600</load_address>
         <run_address>0x8600</run_address>
         <size>0x42</size>
         <input_file_ref idref="fl-b"/>
      </object_component>
      <object_component id="oc-858">
         <name>.text:dhcp_option_long</name>
         <load_address>0x8642</load_address>
         <run_address>0x8642</run_address>
         <size>0x42</size>
         <input_file_ref idref="fl-b"/>
      </object_component>
      <object_component id="oc-751">
         <name>.text</name>
         <load_address>0x8684</load_address>
         <run_address>0x8684</run_address>
         <size>0x42</size>
         <input_file_ref idref="fl-143"/>
      </object_component>
      <object_component id="oc-543">
         <name>.text:tcp_pcb_purge</name>
         <load_address>0x86c6</load_address>
         <run_address>0x86c6</run_address>
         <size>0x42</size>
         <input_file_ref idref="fl-b"/>
      </object_component>
      <object_component id="oc-b9a">
         <name>.text:CompareString</name>
         <load_address>0x8708</load_address>
         <run_address>0x8708</run_address>
         <size>0x40</size>
         <input_file_ref idref="fl-6"/>
      </object_component>
      <object_component id="oc-2f0">
         <name>.text:EnetEvents</name>
         <load_address>0x8748</load_address>
         <run_address>0x8748</run_address>
         <size>0x40</size>
         <input_file_ref idref="fl-3"/>
      </object_component>
      <object_component id="oc-1d4">
         <name>.text:etharp_tmr</name>
         <load_address>0x8788</load_address>
         <run_address>0x8788</run_address>
         <size>0x40</size>
         <input_file_ref idref="fl-b"/>
      </object_component>
      <object_component id="oc-392">
         <name>.text:netif_set_link_up</name>
         <load_address>0x87c8</load_address>
         <run_address>0x87c8</run_address>
         <size>0x3e</size>
         <input_file_ref idref="fl-b"/>
      </object_component>
      <object_component id="oc-453">
         <name>.text:UARTFlushTx</name>
         <load_address>0x8808</load_address>
         <run_address>0x8808</run_address>
         <size>0x3c</size>
         <input_file_ref idref="fl-c"/>
      </object_component>
      <object_component id="oc-1e0">
         <name>.text:dhcp_coarse_tmr</name>
         <load_address>0x8844</load_address>
         <run_address>0x8844</run_address>
         <size>0x3c</size>
         <input_file_ref idref="fl-b"/>
      </object_component>
      <object_component id="oc-adf">
         <name>.text:EMACIntEnable</name>
         <load_address>0x8880</load_address>
         <run_address>0x8880</run_address>
         <size>0x3a</size>
         <input_file_ref idref="fl-148"/>
      </object_component>
      <object_component id="oc-b59">
         <name>.text:dns_compare_name</name>
         <load_address>0x88ba</load_address>
         <run_address>0x88ba</run_address>
         <size>0x3a</size>
         <input_file_ref idref="fl-b"/>
      </object_component>
      <object_component id="oc-398">
         <name>.text:EMACConfigGet</name>
         <load_address>0x88f4</load_address>
         <run_address>0x88f4</run_address>
         <size>0x38</size>
         <input_file_ref idref="fl-148"/>
      </object_component>
      <object_component id="oc-14b">
         <name>.text:EthClientReset</name>
         <load_address>0x892c</load_address>
         <run_address>0x892c</run_address>
         <size>0x38</size>
         <input_file_ref idref="fl-4"/>
      </object_component>
      <object_component id="oc-8b8">
         <name>.text:SysCtlPeripheralReady</name>
         <load_address>0x8964</load_address>
         <run_address>0x8964</run_address>
         <size>0x38</size>
         <input_file_ref idref="fl-14d"/>
      </object_component>
      <object_component id="oc-1e6">
         <name>.text:dhcp_fine_tmr</name>
         <load_address>0x899c</load_address>
         <run_address>0x899c</run_address>
         <size>0x38</size>
         <input_file_ref idref="fl-b"/>
      </object_component>
      <object_component id="oc-890">
         <name>.text:dhcp_handle_nak</name>
         <load_address>0x89d4</load_address>
         <run_address>0x89d4</run_address>
         <size>0x38</size>
         <input_file_ref idref="fl-b"/>
      </object_component>
      <object_component id="oc-3fb">
         <name>.text:dhcp_stop</name>
         <load_address>0x8a0c</load_address>
         <run_address>0x8a0c</run_address>
         <size>0x38</size>
         <input_file_ref idref="fl-b"/>
      </object_component>
      <object_component id="oc-5aa">
         <name>.text:dns_lookup</name>
         <load_address>0x8a44</load_address>
         <run_address>0x8a44</run_address>
         <size>0x38</size>
         <input_file_ref idref="fl-b"/>
      </object_component>
      <object_component id="oc-54f">
         <name>.text:memp_free</name>
         <load_address>0x8a7c</load_address>
         <run_address>0x8a7c</run_address>
         <size>0x38</size>
         <input_file_ref idref="fl-b"/>
      </object_component>
      <object_component id="oc-948">
         <name>.text:tcpip_tcp_timer</name>
         <load_address>0x8ab4</load_address>
         <run_address>0x8ab4</run_address>
         <size>0x38</size>
         <input_file_ref idref="fl-b"/>
      </object_component>
      <object_component id="oc-917">
         <name>.text:udp_sendto</name>
         <load_address>0x8aec</load_address>
         <run_address>0x8aec</run_address>
         <size>0x38</size>
         <input_file_ref idref="fl-b"/>
      </object_component>
      <object_component id="oc-b29">
         <name>.text:ustrncmp</name>
         <load_address>0x8b24</load_address>
         <run_address>0x8b24</run_address>
         <size>0x36</size>
         <input_file_ref idref="fl-d"/>
      </object_component>
      <object_component id="oc-39e">
         <name>.text:EMACConfigSet</name>
         <load_address>0x8b5c</load_address>
         <run_address>0x8b5c</run_address>
         <size>0x34</size>
         <input_file_ref idref="fl-148"/>
      </object_component>
      <object_component id="oc-acd">
         <name>.text:EMACIntClear</name>
         <load_address>0x8b90</load_address>
         <run_address>0x8b90</run_address>
         <size>0x34</size>
         <input_file_ref idref="fl-148"/>
      </object_component>
      <object_component id="oc-3d9">
         <name>.text:autoip_arp_probe</name>
         <load_address>0x8bc4</load_address>
         <run_address>0x8bc4</run_address>
         <size>0x34</size>
         <input_file_ref idref="fl-b"/>
      </object_component>
      <object_component id="oc-a26">
         <name>.text:tcp_kill_timewait</name>
         <load_address>0x8bf8</load_address>
         <run_address>0x8bf8</run_address>
         <size>0x34</size>
         <input_file_ref idref="fl-b"/>
      </object_component>
      <object_component id="oc-7c1">
         <name>.text:tcp_timer_needed</name>
         <load_address>0x8c2c</load_address>
         <run_address>0x8c2c</run_address>
         <size>0x34</size>
         <input_file_ref idref="fl-b"/>
      </object_component>
      <object_component id="oc-8dc">
         <name>.text:tivaif_init</name>
         <load_address>0x8c60</load_address>
         <run_address>0x8c60</run_address>
         <size>0x34</size>
         <input_file_ref idref="fl-b"/>
      </object_component>
      <object_component id="oc-7fc">
         <name>.text:ip4_addr_isbroadcast</name>
         <load_address>0x8c94</load_address>
         <run_address>0x8c94</run_address>
         <size>0x32</size>
         <input_file_ref idref="fl-b"/>
      </object_component>
      <object_component id="oc-920">
         <name>.text:tcp_recved</name>
         <load_address>0x8cc6</load_address>
         <run_address>0x8cc6</run_address>
         <size>0x32</size>
         <input_file_ref idref="fl-b"/>
      </object_component>
      <object_component id="oc-34e">
         <name>.text:DNSServerFound</name>
         <load_address>0x8cf8</load_address>
         <run_address>0x8cf8</run_address>
         <size>0x30</size>
         <input_file_ref idref="fl-4"/>
      </object_component>
      <object_component id="oc-45e">
         <name>.text:FlashPBIsValid</name>
         <load_address>0x8d28</load_address>
         <run_address>0x8d28</run_address>
         <size>0x30</size>
         <input_file_ref idref="fl-9"/>
      </object_component>
      <object_component id="oc-b36">
         <name>.text:GetImage</name>
         <load_address>0x8d58</load_address>
         <run_address>0x8d58</run_address>
         <size>0x30</size>
         <input_file_ref idref="fl-6"/>
      </object_component>
      <object_component id="oc-a45">
         <name>.text:tcp_update_rcv_ann_wnd</name>
         <load_address>0x8d88</load_address>
         <run_address>0x8d88</run_address>
         <size>0x30</size>
         <input_file_ref idref="fl-b"/>
      </object_component>
      <object_component id="oc-67d">
         <name>.text:udp_remove</name>
         <load_address>0x8db8</load_address>
         <run_address>0x8db8</run_address>
         <size>0x30</size>
         <input_file_ref idref="fl-b"/>
      </object_component>
      <object_component id="oc-844">
         <name>.text:dhcp_option_trailer</name>
         <load_address>0x8de8</load_address>
         <run_address>0x8de8</run_address>
         <size>0x2e</size>
         <input_file_ref idref="fl-b"/>
      </object_component>
      <object_component id="oc-52b">
         <name>.text:tcp_rexmit_rto</name>
         <load_address>0x8e16</load_address>
         <run_address>0x8e16</run_address>
         <size>0x2e</size>
         <input_file_ref idref="fl-b"/>
      </object_component>
      <object_component id="oc-4b4">
         <name>.text:PrintIPAddress</name>
         <load_address>0x8e44</load_address>
         <run_address>0x8e44</run_address>
         <size>0x2d</size>
         <input_file_ref idref="fl-3"/>
      </object_component>
      <object_component id="oc-ac7">
         <name>.text:EMACIntStatus</name>
         <load_address>0x8e72</load_address>
         <run_address>0x8e72</run_address>
         <size>0x2c</size>
         <input_file_ref idref="fl-148"/>
      </object_component>
      <object_component id="oc-44d">
         <name>.text:UARTFlushRx</name>
         <load_address>0x8ea0</load_address>
         <run_address>0x8ea0</run_address>
         <size>0x2c</size>
         <input_file_ref idref="fl-c"/>
      </object_component>
      <object_component id="oc-3d3">
         <name>.text:autoip_arp_announce</name>
         <load_address>0x8ecc</load_address>
         <run_address>0x8ecc</run_address>
         <size>0x2c</size>
         <input_file_ref idref="fl-b"/>
      </object_component>
      <object_component id="oc-88a">
         <name>.text:dhcp_handle_offer</name>
         <load_address>0x8ef8</load_address>
         <run_address>0x8ef8</run_address>
         <size>0x2c</size>
         <input_file_ref idref="fl-b"/>
      </object_component>
      <object_component id="oc-5d7">
         <name>.text:etharp_request</name>
         <load_address>0x8f24</load_address>
         <run_address>0x8f24</run_address>
         <size>0x2c</size>
         <input_file_ref idref="fl-b"/>
      </object_component>
      <object_component id="oc-6d5">
         <name>.text:GPIODirModeSet</name>
         <load_address>0x8f50</load_address>
         <run_address>0x8f50</run_address>
         <size>0x2a</size>
         <input_file_ref idref="fl-14a"/>
      </object_component>
      <object_component id="oc-3cd">
         <name>.text:autoip_bind</name>
         <load_address>0x8f7a</load_address>
         <run_address>0x8f7a</run_address>
         <size>0x2a</size>
         <input_file_ref idref="fl-b"/>
      </object_component>
      <object_component id="oc-46c">
         <name>.text:ustrncpy</name>
         <load_address>0x8fa4</load_address>
         <run_address>0x8fa4</run_address>
         <size>0x2a</size>
         <input_file_ref idref="fl-d"/>
      </object_component>
      <object_component id="oc-873">
         <name>.text:etharp_cleanup_netif</name>
         <load_address>0x8fd0</load_address>
         <run_address>0x8fd0</run_address>
         <size>0x28</size>
         <input_file_ref idref="fl-b"/>
      </object_component>
      <object_component id="oc-3ac">
         <name>.text:pbuf_cat</name>
         <load_address>0x8ff8</load_address>
         <run_address>0x8ff8</run_address>
         <size>0x28</size>
         <input_file_ref idref="fl-b"/>
      </object_component>
      <object_component id="oc-386">
         <name>.text:EMACPHYRead</name>
         <load_address>0x9020</load_address>
         <run_address>0x9020</run_address>
         <size>0x26</size>
         <input_file_ref idref="fl-148"/>
      </object_component>
      <object_component id="oc-abb">
         <name>.text:EMACPHYWrite</name>
         <load_address>0x9046</load_address>
         <run_address>0x9046</run_address>
         <size>0x26</size>
         <input_file_ref idref="fl-148"/>
      </object_component>
      <object_component id="oc-663">
         <name>.text:dhcp_check</name>
         <load_address>0x906c</load_address>
         <run_address>0x906c</run_address>
         <size>0x26</size>
         <input_file_ref idref="fl-b"/>
      </object_component>
      <object_component id="oc-764">
         <name>.text:tcp_recv_null</name>
         <load_address>0x9092</load_address>
         <run_address>0x9092</run_address>
         <size>0x26</size>
         <input_file_ref idref="fl-b"/>
      </object_component>
      <object_component id="oc-13f">
         <name>.text:EthClientSend</name>
         <load_address>0x90b8</load_address>
         <run_address>0x90b8</run_address>
         <size>0x24</size>
         <input_file_ref idref="fl-4"/>
      </object_component>
      <object_component id="oc-2ac">
         <name>.text:IntPrioritySet</name>
         <load_address>0x90dc</load_address>
         <run_address>0x90dc</run_address>
         <size>0x24</size>
         <input_file_ref idref="fl-14b"/>
      </object_component>
      <object_component id="oc-9d0">
         <name>.text:dns_setserver</name>
         <load_address>0x9100</load_address>
         <run_address>0x9100</run_address>
         <size>0x24</size>
         <input_file_ref idref="fl-b"/>
      </object_component>
      <object_component id="oc-3c3">
         <name>.text:etharp_free_entry</name>
         <load_address>0x9124</load_address>
         <run_address>0x9124</run_address>
         <size>0x24</size>
         <input_file_ref idref="fl-b"/>
      </object_component>
      <object_component id="oc-334">
         <name>.text:lwIPNetworkConfigChange</name>
         <load_address>0x9148</load_address>
         <run_address>0x9148</run_address>
         <size>0x24</size>
         <input_file_ref idref="fl-b"/>
      </object_component>
      <object_component id="oc-63a">
         <name>.text:netif_set_up</name>
         <load_address>0x916c</load_address>
         <run_address>0x916c</run_address>
         <size>0x24</size>
         <input_file_ref idref="fl-b"/>
      </object_component>
      <object_component id="oc-b45">
         <name>.text:tcp_seg_copy</name>
         <load_address>0x9190</load_address>
         <run_address>0x9190</run_address>
         <size>0x24</size>
         <input_file_ref idref="fl-b"/>
      </object_component>
      <object_component id="oc-83e">
         <name>.text:dhcp_option_short</name>
         <load_address>0x91b4</load_address>
         <run_address>0x91b4</run_address>
         <size>0x22</size>
         <input_file_ref idref="fl-b"/>
      </object_component>
      <object_component id="oc-5f4">
         <name>.text</name>
         <load_address>0x91d6</load_address>
         <run_address>0x91d6</run_address>
         <size>0x22</size>
         <input_file_ref idref="fl-13b"/>
      </object_component>
      <object_component id="oc-b8e">
         <name>.text:BufPtrInc</name>
         <load_address>0x91f8</load_address>
         <run_address>0x91f8</run_address>
         <size>0x20</size>
         <input_file_ref idref="fl-6"/>
      </object_component>
      <object_component id="oc-2a6">
         <name>.text:IntPriorityGroupingSet</name>
         <load_address>0x9218</load_address>
         <run_address>0x9218</run_address>
         <size>0x20</size>
         <input_file_ref idref="fl-14b"/>
      </object_component>
      <object_component id="oc-4ce">
         <name>.text:TempCtoF</name>
         <load_address>0x9238</load_address>
         <run_address>0x9238</run_address>
         <size>0x20</size>
         <input_file_ref idref="fl-3"/>
      </object_component>
      <object_component id="oc-952">
         <name>.text:autoip_handle_arp_conflict</name>
         <load_address>0x9258</load_address>
         <run_address>0x9258</run_address>
         <size>0x20</size>
         <input_file_ref idref="fl-b"/>
      </object_component>
      <object_component id="oc-838">
         <name>.text:dhcp_option</name>
         <load_address>0x9278</load_address>
         <run_address>0x9278</run_address>
         <size>0x20</size>
         <input_file_ref idref="fl-b"/>
      </object_component>
      <object_component id="oc-965">
         <name>.text:etharp_send_ip</name>
         <load_address>0x9298</load_address>
         <run_address>0x9298</run_address>
         <size>0x20</size>
         <input_file_ref idref="fl-b"/>
      </object_component>
      <object_component id="oc-121">
         <name>.text:lwIPTimer</name>
         <load_address>0x92b8</load_address>
         <run_address>0x92b8</run_address>
         <size>0x20</size>
         <input_file_ref idref="fl-b"/>
      </object_component>
      <object_component id="oc-795">
         <name>.text:tcp_eff_send_mss</name>
         <load_address>0x92d8</load_address>
         <run_address>0x92d8</run_address>
         <size>0x20</size>
         <input_file_ref idref="fl-b"/>
      </object_component>
      <object_component id="oc-12d">
         <name>.text:tcp_tmr</name>
         <load_address>0x92f8</load_address>
         <run_address>0x92f8</run_address>
         <size>0x20</size>
         <input_file_ref idref="fl-b"/>
      </object_component>
      <object_component id="oc-479">
         <name>.text:usprintf</name>
         <load_address>0x9318</load_address>
         <run_address>0x9318</run_address>
         <size>0x20</size>
         <input_file_ref idref="fl-d"/>
      </object_component>
      <object_component id="oc-aaf">
         <name>.text:EMACAddrGet</name>
         <load_address>0x9338</load_address>
         <run_address>0x9338</run_address>
         <size>0x1e</size>
         <input_file_ref idref="fl-148"/>
      </object_component>
      <object_component id="oc-68a">
         <name>.text:netif_set_down</name>
         <load_address>0x9356</load_address>
         <run_address>0x9356</run_address>
         <size>0x1e</size>
         <input_file_ref idref="fl-b"/>
      </object_component>
      <object_component id="oc-49e">
         <name>.text:EthClientMACAddrGet</name>
         <load_address>0x9374</load_address>
         <run_address>0x9374</run_address>
         <size>0x1c</size>
         <input_file_ref idref="fl-4"/>
      </object_component>
      <object_component id="oc-42">
         <name>.text:SysTickIntHandler</name>
         <load_address>0x9390</load_address>
         <run_address>0x9390</run_address>
         <size>0x1c</size>
         <input_file_ref idref="fl-3"/>
      </object_component>
      <object_component id="oc-429">
         <name>.text:_SysCtlMemTimingGet</name>
         <load_address>0x93ac</load_address>
         <run_address>0x93ac</run_address>
         <size>0x1c</size>
         <input_file_ref idref="fl-14d"/>
      </object_component>
      <object_component id="oc-b5f">
         <name>.text:dns_parse_name</name>
         <load_address>0x93c8</load_address>
         <run_address>0x93c8</run_address>
         <size>0x1c</size>
         <input_file_ref idref="fl-b"/>
      </object_component>
      <object_component id="oc-133">
         <name>.text:lwIPLocalIPAddrGet</name>
         <load_address>0x93e4</load_address>
         <run_address>0x93e4</run_address>
         <size>0x1c</size>
         <input_file_ref idref="fl-b"/>
      </object_component>
      <object_component id="oc-3f5">
         <name>.text:netif_set_addr</name>
         <load_address>0x9400</load_address>
         <run_address>0x9400</run_address>
         <size>0x1c</size>
         <input_file_ref idref="fl-b"/>
      </object_component>
      <object_component id="oc-691">
         <name>.text:udp_new</name>
         <load_address>0x941c</load_address>
         <run_address>0x941c</run_address>
         <size>0x1c</size>
         <input_file_ref idref="fl-b"/>
      </object_component>
      <object_component id="oc-2dc">
         <name>.text:UARTprintf</name>
         <load_address>0x9438</load_address>
         <run_address>0x9438</run_address>
         <size>0x1a</size>
         <input_file_ref idref="fl-c"/>
      </object_component>
      <object_component id="oc-5d1">
         <name>.text:autoip_network_changed</name>
         <load_address>0x9452</load_address>
         <run_address>0x9452</run_address>
         <size>0x1a</size>
         <input_file_ref idref="fl-b"/>
      </object_component>
      <object_component id="oc-7e8">
         <name>.text:dhcp_arp_reply</name>
         <load_address>0x946c</load_address>
         <run_address>0x946c</run_address>
         <size>0x1a</size>
         <input_file_ref idref="fl-b"/>
      </object_component>
      <object_component id="oc-584">
         <name>.text:lwip_htonl</name>
         <load_address>0x9486</load_address>
         <run_address>0x9486</run_address>
         <size>0x1a</size>
         <input_file_ref idref="fl-b"/>
      </object_component>
      <object_component id="oc-2ca">
         <name>.text:EthClientTCPDisconnect</name>
         <load_address>0x94a0</load_address>
         <run_address>0x94a0</run_address>
         <size>0x18</size>
         <input_file_ref idref="fl-4"/>
      </object_component>
      <object_component id="oc-b8">
         <name>.text:IsBufferFull</name>
         <load_address>0x94b8</load_address>
         <run_address>0x94b8</run_address>
         <size>0x18</size>
         <input_file_ref idref="fl-c"/>
      </object_component>
      <object_component id="oc-a8f">
         <name>.text:arp_timer</name>
         <load_address>0x94d0</load_address>
         <run_address>0x94d0</run_address>
         <size>0x18</size>
         <input_file_ref idref="fl-b"/>
      </object_component>
      <object_component id="oc-aa1">
         <name>.text:autoip_timer</name>
         <load_address>0x94e8</load_address>
         <run_address>0x94e8</run_address>
         <size>0x18</size>
         <input_file_ref idref="fl-b"/>
      </object_component>
      <object_component id="oc-a95">
         <name>.text:dhcp_timer_coarse</name>
         <load_address>0x9500</load_address>
         <run_address>0x9500</run_address>
         <size>0x18</size>
         <input_file_ref idref="fl-b"/>
      </object_component>
      <object_component id="oc-a9b">
         <name>.text:dhcp_timer_fine</name>
         <load_address>0x9518</load_address>
         <run_address>0x9518</run_address>
         <size>0x18</size>
         <input_file_ref idref="fl-b"/>
      </object_component>
      <object_component id="oc-aa7">
         <name>.text:dns_timer</name>
         <load_address>0x9530</load_address>
         <run_address>0x9530</run_address>
         <size>0x18</size>
         <input_file_ref idref="fl-b"/>
      </object_component>
      <object_component id="oc-616">
         <name>.text:pbuf_pool_is_empty</name>
         <load_address>0x9548</load_address>
         <run_address>0x9548</run_address>
         <size>0x18</size>
         <input_file_ref idref="fl-b"/>
      </object_component>
      <object_component id="oc-88">
         <name>.text</name>
         <load_address>0x9560</load_address>
         <run_address>0x9560</run_address>
         <size>0x18</size>
         <input_file_ref idref="fl-145"/>
      </object_component>
      <object_component id="oc-7ac">
         <name>.text</name>
         <load_address>0x9578</load_address>
         <run_address>0x9578</run_address>
         <size>0x18</size>
         <input_file_ref idref="fl-141"/>
      </object_component>
      <object_component id="oc-8fa">
         <name>.text:tcp_next_iss</name>
         <load_address>0x9590</load_address>
         <run_address>0x9590</run_address>
         <size>0x18</size>
         <input_file_ref idref="fl-b"/>
      </object_component>
      <object_component id="oc-596">
         <name>.text:tcp_seg_free</name>
         <load_address>0x95a8</load_address>
         <run_address>0x95a8</run_address>
         <size>0x18</size>
         <input_file_ref idref="fl-b"/>
      </object_component>
      <object_component id="oc-8bf">
         <name>.text:EMACReset</name>
         <load_address>0x95c0</load_address>
         <run_address>0x95c0</run_address>
         <size>0x16</size>
         <input_file_ref idref="fl-148"/>
      </object_component>
      <object_component id="oc-ad9">
         <name>.text:EMACRxEnable</name>
         <load_address>0x95d6</load_address>
         <run_address>0x95d6</run_address>
         <size>0x16</size>
         <input_file_ref idref="fl-148"/>
      </object_component>
      <object_component id="oc-ad3">
         <name>.text:EMACTxEnable</name>
         <load_address>0x95ec</load_address>
         <run_address>0x95ec</run_address>
         <size>0x16</size>
         <input_file_ref idref="fl-148"/>
[...]
         <value>0x96fd</value>
         <object_component_ref idref="oc-367"/>
      </symbol>
      <symbol id="sm-12de">
         <name>tivaif_interrupt</name>
         <value>0x8259</value>
         <object_component_ref idref="oc-d8"/>
      </symbol>
      <symbol id="sm-12df">
         <name>ethzero</name>
         <value>0xa0f2</value>
         <object_component_ref idref="oc-60c"/>
      </symbol>
      <symbol id="sm-12e0">
         <name>lwIPTimer</name>
         <value>0x92b9</value>
         <object_component_ref idref="oc-121"/>
      </symbol>
      <symbol id="sm-12e1">
         <name>tcp_update_rcv_ann_wnd</name>
         <value>0x8d89</value>
         <object_component_ref idref="oc-a45"/>
      </symbol>
      <symbol id="sm-12e2">
         <name>tcp_new</name>
         <value>0x994f</value>
         <object_component_ref idref="oc-736"/>
      </symbol>
      <symbol id="sm-12e3">
         <name>ethbroadcast</name>
         <value>0xa0ec</value>
         <object_component_ref idref="oc-60c"/>
      </symbol>
      <symbol id="sm-12e4">
         <name>lwip_init</name>
         <value>0x96ad</value>
         <object_component_ref idref="oc-8ca"/>
      </symbol>
      <symbol id="sm-12e5">
         <name>inet_chksum_pseudo</name>
         <value>0x59e1</value>
         <object_component_ref idref="oc-778"/>
      </symbol>
      <symbol id="sm-12e6">
         <name>lwIPEthernetIntHandler</name>
         <value>0x7875</value>
         <object_component_ref idref="oc-4e"/>
      </symbol>
      <symbol id="sm-12e7">
         <name>tcp_sent</name>
         <value>0x9969</value>
         <object_component_ref idref="oc-355"/>
      </symbol>
      <symbol id="sm-12e8">
         <name>tcp_tmr</name>
         <value>0x92f9</value>
         <object_component_ref idref="oc-12d"/>
      </symbol>
      <symbol id="sm-12e9">
         <name>autoip_tmr</name>
         <value>0x4dd9</value>
         <object_component_ref idref="oc-1da"/>
      </symbol>
      <symbol id="sm-12ea">
         <name>tcp_eff_send_mss</name>
         <value>0x92d9</value>
         <object_component_ref idref="oc-795"/>
      </symbol>
      <symbol id="sm-12eb">
         <name>tcp_process_refused_data</name>
         <value>0x7435</value>
         <object_component_ref idref="oc-521"/>
      </symbol>
      <symbol id="sm-12ec">
         <name>udp_remove</name>
         <value>0x8db9</value>
         <object_component_ref idref="oc-67d"/>
      </symbol>
      <symbol id="sm-12ed">
         <name>dhcp_rx_options_val</name>
         <value>0x2000c994</value>
         <object_component_ref idref="oc-89d"/>
      </symbol>
      <symbol id="sm-12ee">
         <name>udp_connect</name>
         <value>0x82a5</value>
         <object_component_ref idref="oc-69d"/>
      </symbol>
      <symbol id="sm-12ef">
         <name>dhcp_arp_reply</name>
         <value>0x946d</value>
         <object_component_ref idref="oc-7e8"/>
      </symbol>
      <symbol id="sm-12f0">
         <name>netif_add</name>
         <value>0x7dfd</value>
         <object_component_ref idref="oc-8d0"/>
      </symbol>
      <symbol id="sm-12f1">
         <name>tcp_seg_copy</name>
         <value>0x9191</value>
         <object_component_ref idref="oc-b45"/>
      </symbol>
      <symbol id="sm-12f2">
         <name>netif_set_default</name>
         <value>0x98c5</value>
         <object_component_ref idref="oc-8d6"/>
      </symbol>
      <symbol id="sm-12f3">
         <name>sys_now</name>
         <value>0x98e9</value>
         <object_component_ref idref="oc-a89"/>
      </symbol>
      <symbol id="sm-12f4">
         <name>ip_route</name>
         <value>0x81c1</value>
         <object_component_ref idref="oc-79b"/>
      </symbol>
      <symbol id="sm-12f5">
         <name>tcp_pcb_remove</name>
         <value>0x7989</value>
         <object_component_ref idref="oc-7bb"/>
      </symbol>
      <symbol id="sm-12f6">
         <name>g_RxDescList</name>
         <value>0x2000d434</value>
         <object_component_ref idref="oc-1f2"/>
      </symbol>
      <symbol id="sm-12f7">
         <name>g_TxDescList</name>
         <value>0x2000d424</value>
         <object_component_ref idref="oc-1f2"/>
      </symbol>
      <symbol id="sm-12f8">
         <name>sys_timeout</name>
         <value>0x7365</value>
         <object_component_ref idref="oc-941"/>
      </symbol>
      <symbol id="sm-12f9">
         <name>etharp_tmr</name>
         <value>0x8789</value>
         <object_component_ref idref="oc-1d4"/>
      </symbol>
      <symbol id="sm-12fa">
         <name>tcp_abort</name>
         <value>0x9943</value>
         <object_component_ref idref="oc-82b"/>
      </symbol>
      <symbol id="sm-12fb">
         <name>mem_trim</name>
         <value>0x448d</value>
         <object_component_ref idref="oc-974"/>
      </symbol>
      <symbol id="sm-12fc">
         <name>dhcp_renew</name>
         <value>0x683d</value>
         <object_component_ref idref="oc-649"/>
      </symbol>
      <symbol id="sm-12fd">
         <name>lwip_stats</name>
         <value>0x2000c694</value>
         <object_component_ref idref="oc-3be"/>
      </symbol>
      <symbol id="sm-1409">
         <name>UARTFlushRx</name>
         <value>0x8ea1</value>
         <object_component_ref idref="oc-44d"/>
      </symbol>
      <symbol id="sm-140a">
         <name>UARTgets</name>
         <value>0x7d01</value>
         <object_component_ref idref="oc-4ae"/>
      </symbol>
      <symbol id="sm-140b">
         <name>UARTFlushTx</name>
         <value>0x8809</value>
         <object_component_ref idref="oc-453"/>
      </symbol>
      <symbol id="sm-140c">
         <name>UARTStdioConfig</name>
         <value>0x57d5</value>
         <object_component_ref idref="oc-270"/>
      </symbol>
      <symbol id="sm-140d">
         <name>UARTStdioIntHandler</name>
         <value>0x3411</value>
         <object_component_ref idref="oc-48"/>
      </symbol>
      <symbol id="sm-140e">
         <name>UARTwrite</name>
         <value>0x5b39</value>
         <object_component_ref idref="oc-b2"/>
      </symbol>
      <symbol id="sm-140f">
         <name>UARTPeek</name>
         <value>0x8579</value>
         <object_component_ref idref="oc-4a8"/>
      </symbol>
      <symbol id="sm-1410">
         <name>UARTprintf</name>
         <value>0x9439</value>
         <object_component_ref idref="oc-2dc"/>
      </symbol>
      <symbol id="sm-1411">
         <name>UARTvprintf</name>
         <value>0x29bd</value>
         <object_component_ref idref="oc-4fd"/>
      </symbol>
      <symbol id="sm-148e">
         <name>uvsnprintf</name>
         <value>0x1945</value>
         <object_component_ref idref="oc-6eb"/>
      </symbol>
      <symbol id="sm-148f">
         <name>ustrncpy</name>
         <value>0x8fa5</value>
         <object_component_ref idref="oc-46c"/>
      </symbol>
      <symbol id="sm-1490">
         <name>ustrlen</name>
         <value>0x978f</value>
         <object_component_ref idref="oc-b94"/>
      </symbol>
      <symbol id="sm-1491">
         <name>ustrcmp</name>
         <value>0x9917</value>
         <object_component_ref idref="oc-b02"/>
      </symbol>
      <symbol id="sm-1492">
         <name>usprintf</name>
         <value>0x9319</value>
         <object_component_ref idref="oc-479"/>
      </symbol>
      <symbol id="sm-1493">
         <name>ustrtoul</name>
         <value>0x61a5</value>
         <object_component_ref idref="oc-ba1"/>
      </symbol>
      <symbol id="sm-1494">
         <name>ustrncmp</name>
         <value>0x8b25</value>
         <object_component_ref idref="oc-b29"/>
      </symbol>
      <symbol id="sm-14b3">
         <name>PinoutSet</name>
         <value>0x1dbd</value>
         <object_component_ref idref="oc-26a"/>
      </symbol>
      <symbol id="sm-14c5">
         <name>_c_int00</name>
         <value>0x8039</value>
         <object_component_ref idref="oc-24"/>
      </symbol>
      <symbol id="sm-14c6">
         <name>__stack</name>
         <value>0x2000cbac</value>
         <object_component_ref idref="oc-29"/>
      </symbol>
      <symbol id="sm-14dd">
         <name>__TI_decompress_none</name>
         <value>0x986f</value>
         <object_component_ref idref="oc-12"/>
      </symbol>
      <symbol id="sm-1500">
         <name>__TI_decompress_rle24</name>
         <value>0x993d</value>
         <object_component_ref idref="oc-18"/>
      </symbol>
      <symbol id="sm-1512">
         <name>__TI_zero_init</name>
         <value>0x98ad</value>
         <object_component_ref idref="oc-1e"/>
      </symbol>
      <symbol id="sm-1531">
         <name>C$$EXIT</name>
         <value>0x85bd</value>
         <object_component_ref idref="oc-8e"/>
      </symbol>
      <symbol id="sm-1532">
         <name>abort</name>
         <value>0x85c1</value>
         <object_component_ref idref="oc-8e"/>
      </symbol>
      <symbol id="sm-1533">
         <name>exit</name>
         <value>0x85c9</value>
         <object_component_ref idref="oc-8e"/>
      </symbol>
      <symbol id="sm-1534">
         <name>__TI_dtors_ptr</name>
         <value>0x2000d5a8</value>
         <object_component_ref idref="oc-119"/>
      </symbol>
      <symbol id="sm-1535">
         <name>__TI_cleanup_ptr</name>
         <value>0x2000d5a4</value>
         <object_component_ref idref="oc-119"/>
      </symbol>
      <symbol id="sm-1545">
         <name>memcmp</name>
         <value>0x91d7</value>
         <object_component_ref idref="oc-5f4"/>
      </symbol>
      <symbol id="sm-1560">
         <name>memcpy</name>
         <value>0x6109</value>
         <object_component_ref idref="oc-57"/>
      </symbol>
      <symbol id="sm-1561">
         <name>__aeabi_memcpy</name>
         <value>0x6109</value>
         <object_component_ref idref="oc-57"/>
      </symbol>
      <symbol id="sm-1562">
         <name>__aeabi_memcpy8</name>
         <value>0x6109</value>
         <object_component_ref idref="oc-57"/>
      </symbol>
      <symbol id="sm-1563">
         <name>__aeabi_memcpy4</name>
         <value>0x6109</value>
         <object_component_ref idref="oc-57"/>
      </symbol>
      <symbol id="sm-1572">
         <name>__aeabi_memset</name>
         <value>0x6b33</value>
         <object_component_ref idref="oc-70"/>
      </symbol>
      <symbol id="sm-1573">
         <name>memset</name>
         <value>0x6b39</value>
         <object_component_ref idref="oc-70"/>
      </symbol>
      <symbol id="sm-1574">
         <name>__aeabi_memset8</name>
         <value>0x6b33</value>
         <object_component_ref idref="oc-70"/>
      </symbol>
      <symbol id="sm-1575">
         <name>__aeabi_memset4</name>
         <value>0x6b33</value>
         <object_component_ref idref="oc-70"/>
      </symbol>
      <symbol id="sm-1576">
         <name>__aeabi_memclr8</name>
         <value>0x6b31</value>
         <object_component_ref idref="oc-70"/>
      </symbol>
      <symbol id="sm-1577">
         <name>__aeabi_memclr4</name>
         <value>0x6b31</value>
         <object_component_ref idref="oc-70"/>
      </symbol>
      <symbol id="sm-1578">
         <name>__aeabi_memclr</name>
         <value>0x6b31</value>
         <object_component_ref idref="oc-70"/>
      </symbol>
      <symbol id="sm-1582">
         <name>_system_pre_init</name>
         <value>0x9965</value>
         <object_component_ref idref="oc-7c"/>
      </symbol>
      <symbol id="sm-158a">
         <name>main_func_sp</name>
         <value>0x2000d5ac</value>
         <object_component_ref idref="oc-94"/>
      </symbol>
      <symbol id="sm-159a">
         <name>strcmp</name>
         <value>0x9579</value>
         <object_component_ref idref="oc-7ac"/>
      </symbol>
      <symbol id="sm-15a8">
         <name>strlen</name>
         <value>0x96d5</value>
         <object_component_ref idref="oc-59e"/>
      </symbol>
      <symbol id="sm-15bb">
         <name>__aeabi_uidivmod</name>
         <value>0x8685</value>
         <object_component_ref idref="oc-751"/>
      </symbol>
      <symbol id="sm-15bc">
         <name>__aeabi_uidiv</name>
         <value>0x8685</value>
         <object_component_ref idref="oc-751"/>
      </symbol>
      <symbol id="sm-15d5">
         <name>_nop</name>
         <value>0x96cf</value>
         <object_component_ref idref="oc-30e"/>
      </symbol>
      <symbol id="sm-15d6">
         <name>_lock</name>
         <value>0x2000d59c</value>
         <object_component_ref idref="oc-116"/>
      </symbol>
      <symbol id="sm-15d7">
         <name>_unlock</name>
         <value>0x2000d5a0</value>
         <object_component_ref idref="oc-116"/>
      </symbol>
      <symbol id="sm-15d8">
         <name>_register_lock</name>
         <value>0x96c7</value>
         <object_component_ref idref="oc-30e"/>
      </symbol>
      <symbol id="sm-15d9">
         <name>_register_unlock</name>
         <value>0x96c1</value>
         <object_component_ref idref="oc-30e"/>
      </symbol>
      <symbol id="sm-15ee">
         <name>_args_main</name>
         <value>0x9561</value>
         <object_component_ref idref="oc-88"/>
      </symbol>
      <symbol id="sm-1614">
         <name>__TI_auto_init</name>
         <value>0x701d</value>
         <object_component_ref idref="oc-82"/>
      </symbol>
      <symbol id="sm-162e">
         <name>copy_in</name>
         <value>0x820d</value>
         <object_component_ref idref="oc-106"/>
      </symbol>
      <symbol id="sm-16ef">
         <name>EMACConfigSet</name>
         <value>0x8b5d</value>
         <object_component_ref idref="oc-39e"/>
      </symbol>
      <symbol id="sm-16f0">
         <name>EMACTxEnable</name>
         <value>0x95ed</value>
         <object_component_ref idref="oc-ad3"/>
      </symbol>
      <symbol id="sm-16f1">
         <name>EMACRxDMADescriptorListSet</name>
         <value>0x991f</value>
         <object_component_ref idref="oc-b6d"/>
      </symbol>
      <symbol id="sm-16f2">
         <name>EMACPHYConfigSet</name>
         <value>0x7af5</value>
         <object_component_ref idref="oc-6fb"/>
      </symbol>
      <symbol id="sm-16f3">
         <name>EMACPHYRead</name>
         <value>0x9021</value>
         <object_component_ref idref="oc-386"/>
      </symbol>
      <symbol id="sm-16f4">
         <name>EMACTimestampIntStatus</name>
         <value>0x9925</value>
         <object_component_ref idref="oc-d2"/>
      </symbol>
      <symbol id="sm-16f5">
         <name>EMACRxEnable</name>
         <value>0x95d7</value>
         <object_component_ref idref="oc-ad9"/>
      </symbol>
      <symbol id="sm-16f6">
         <name>EMACIntClear</name>
         <value>0x8b91</value>
         <object_component_ref idref="oc-acd"/>
      </symbol>
      <symbol id="sm-16f7">
         <name>EMACConfigGet</name>
         <value>0x88f5</value>
         <object_component_ref idref="oc-398"/>
      </symbol>
      <symbol id="sm-16f8">
         <name>EMACInit</name>
         <value>0x6bad</value>
         <object_component_ref idref="oc-701"/>
      </symbol>
      <symbol id="sm-16f9">
         <name>EMACIntEnable</name>
         <value>0x8881</value>
         <object_component_ref idref="oc-adf"/>
      </symbol>
      <symbol id="sm-16fa">
         <name>EMACPHYWrite</name>
         <value>0x9047</value>
         <object_component_ref idref="oc-abb"/>
      </symbol>
      <symbol id="sm-16fb">
         <name>EMACReset</name>
         <value>0x95c1</value>
         <object_component_ref idref="oc-8bf"/>
      </symbol>
      <symbol id="sm-16fc">
         <name>EMACFrameFilterSet</name>
         <value>0x97a1</value>
         <object_component_ref idref="oc-ac1"/>
      </symbol>
      <symbol id="sm-16fd">
         <name>EMACTxDMAPollDemand</name>
         <value>0x9907</value>
         <object_component_ref idref="oc-af9"/>
      </symbol>
      <symbol id="sm-16fe">
         <name>EMACAddrGet</name>
         <value>0x9339</value>
         <object_component_ref idref="oc-aaf"/>
      </symbol>
      <symbol id="sm-16ff">
         <name>EMACTxDMADescriptorListSet</name>
         <value>0x992b</value>
         <object_component_ref idref="oc-b73"/>
      </symbol>
      <symbol id="sm-1700">
         <name>EMACIntStatus</name>
         <value>0x8e73</value>
         <object_component_ref idref="oc-ac7"/>
      </symbol>
      <symbol id="sm-170f">
         <name>FlashUserGet</name>
         <value>0x965d</value>
         <object_component_ref idref="oc-491"/>
      </symbol>
      <symbol id="sm-172e">
         <name>GPIODirModeSet</name>
         <value>0x8f51</value>
         <object_component_ref idref="oc-6d5"/>
      </symbol>
      <symbol id="sm-172f">
         <name>GPIOPadConfigSet</name>
         <value>0x3bb5</value>
         <object_component_ref idref="oc-43f"/>
      </symbol>
      <symbol id="sm-1730">
         <name>GPIOPinTypeEthernetLED</name>
         <value>0x9711</value>
         <object_component_ref idref="oc-445"/>
      </symbol>
      <symbol id="sm-1786">
         <name>IntPrioritySet</name>
         <value>0x90dd</value>
         <object_component_ref idref="oc-2ac"/>
      </symbol>
      <symbol id="sm-1787">
         <name>IntEnable</name>
         <value>0x70f5</value>
         <object_component_ref idref="oc-ae5"/>
      </symbol>
      <symbol id="sm-1788">
         <name>IntPriorityGroupingSet</name>
         <value>0x9219</value>
         <object_component_ref idref="oc-2a6"/>
      </symbol>
      <symbol id="sm-1789">
         <name>IntMasterDisable</name>
         <value>0x97d1</value>
         <object_component_ref idref="oc-4c8"/>
      </symbol>
      <symbol id="sm-178a">
         <name>IntMasterEnable</name>
         <value>0x97e1</value>
         <object_component_ref idref="oc-2a0"/>
      </symbol>
      <symbol id="sm-1812">
         <name>SysCtlDelay</name>
         <value>0x9937</value>
         <object_component_ref idref="oc-8be"/>
      </symbol>
      <symbol id="sm-1813">
         <name>SysCtlMOSCConfigSet</name>
         <value>0x9895</value>
         <object_component_ref idref="oc-25e"/>
      </symbol>
      <symbol id="sm-1814">
         <name>SysCtlPeripheralReady</name>
         <value>0x8965</value>
         <object_component_ref idref="oc-8b8"/>
      </symbol>
      <symbol id="sm-1815">
         <name>SysCtlClockFreqSet</name>
         <value>0x21dd</value>
         <object_component_ref idref="oc-264"/>
      </symbol>
      <symbol id="sm-1816">
         <name>SysCtlPeripheralReset</name>
         <value>0x7f99</value>
         <object_component_ref idref="oc-8b2"/>
      </symbol>
      <symbol id="sm-1839">
         <name>SysTickEnable</name>
         <value>0x9671</value>
         <object_component_ref idref="oc-27c"/>
      </symbol>
      <symbol id="sm-183a">
         <name>SysTickIntEnable</name>
         <value>0x9685</value>
         <object_component_ref idref="oc-282"/>
      </symbol>
      <symbol id="sm-183b">
         <name>SysTickPeriodSet</name>
         <value>0x97f1</value>
         <object_component_ref idref="oc-276"/>
      </symbol>
      <symbol id="sm-184d">
         <name>CPUcpsie</name>
         <value>0x9889</value>
         <object_component_ref idref="oc-480"/>
      </symbol>
      <symbol id="sm-184e">
         <name>CPUcpsid</name>
         <value>0x987d</value>
         <object_component_ref idref="oc-723"/>
      </symbol>
      <symbol id="sm-184f">
         <name>__TI_static_base__</name>
         <value>0x0</value>
      </symbol>
      <symbol id="sm-1852">
         <name>SHT$$INIT_ARRAY$$Limit</name>
         <value>0x0</value>
      </symbol>
      <symbol id="sm-1853">
         <name>SHT$$INIT_ARRAY$$Base</name>
         <value>0x0</value>
      </symbol>
      <symbol id="sm-1854">
         <name>EthClientAddrGet</name>
         <value>0x93e5</value>
      </symbol>
   </symbol_table>
   <title>Link successful</title>
</link_info>
