<?xml version="1.0"?>
<link_info>
   <banner>TI ARM Linker PC v5.2.2</banner>
   <copyright>Copyright (c) 1996-2015 Texas Instruments Incorporated</copyright>
   <link_time>0x5571d354</link_time>
   <link_errors>0x0</link_errors>
   <output_file>usb_host_msc.out</output_file>
   <entry_point>
      <name>_c_int00</name>
      <address>0x5221</address>
   </entry_point>
   <input_file_list>
      <input_file id="fl-2">
         <path>.\</path>
         <kind>object</kind>
         <file>startup_ccs.obj</file>
         <name>startup_ccs.obj</name>
      </input_file>
      <input_file id="fl-3">
         <path>.\</path>
         <kind>object</kind>
         <file>usb_host_msc.obj</file>
         <name>usb_host_msc.obj</name>
      </input_file>
      <input_file id="fl-4">
         <path>.\utils\</path>
         <kind>object</kind>
         <file>cmdline.obj</file>
         <name>cmdline.obj</name>
      </input_file>
      <input_file id="fl-5">
         <path>.\utils\</path>
         <kind>object</kind>
         <file>uartstdio.obj</file>
         <name>uartstdio.obj</name>
      </input_file>
      <input_file id="fl-6">
         <path>.\utils\</path>
         <kind>object</kind>
         <file>ustdlib.obj</file>
         <name>ustdlib.obj</name>
      </input_file>
      <input_file id="fl-7">
         <path>.\third_party\fatfs\src\</path>
         <kind>object</kind>
         <file>ff.obj</file>
         <name>ff.obj</name>
      </input_file>
      <input_file id="fl-8">
         <path>.\third_party\fatfs\port\</path>
         <kind>object</kind>
         <file>fat_usbmsc.obj</file>
         <name>fat_usbmsc.obj</name>
      </input_file>
      <input_file id="fl-9">
         <path>.\drivers\</path>
         <kind>object</kind>
         <file>pinout.obj</file>
         <name>pinout.obj</name>
      </input_file>
      <input_file id="fl-131">
         <path>F:\ti\ccsv6\tools\compiler\ti-cgt-arm_5.2.2\lib\</path>
         <kind>archive</kind>
         <file>rtsv7M4_T_le_v4SPD16_eabi.lib</file>
         <name>boot.obj</name>
      </input_file>
      <input_file id="fl-132">
         <path>F:\ti\ccsv6\tools\compiler\ti-cgt-arm_5.2.2\lib\</path>
         <kind>archive</kind>
         <file>rtsv7M4_T_le_v4SPD16_eabi.lib</file>
         <name>copy_decompress_none.obj</name>
      </input_file>
      <input_file id="fl-133">
         <path>F:\ti\ccsv6\tools\compiler\ti-cgt-arm_5.2.2\lib\</path>
         <kind>archive</kind>
         <file>rtsv7M4_T_le_v4SPD16_eabi.lib</file>
         <name>copy_decompress_rle.obj</name>
      </input_file>
      <input_file id="fl-134">
         <path>F:\ti\ccsv6\tools\compiler\ti-cgt-arm_5.2.2\lib\</path>
         <kind>archive</kind>
         <file>rtsv7M4_T_le_v4SPD16_eabi.lib</file>
         <name>copy_zero_init.obj</name>
      </input_file>
      <input_file id="fl-135">
         <path>F:\ti\ccsv6\tools\compiler\ti-cgt-arm_5.2.2\lib\</path>
         <kind>archive</kind>
         <file>rtsv7M4_T_le_v4SPD16_eabi.lib</file>
         <name>exit.obj</name>
      </input_file>
      <input_file id="fl-136">
         <path>F:\ti\ccsv6\tools\compiler\ti-cgt-arm_5.2.2\lib\</path>
         <kind>archive</kind>
         <file>rtsv7M4_T_le_v4SPD16_eabi.lib</file>
         <name>memcpy_t2.obj</name>
      </input_file>
      <input_file id="fl-137">
         <path>F:\ti\ccsv6\tools\compiler\ti-cgt-arm_5.2.2\lib\</path>
         <kind>archive</kind>
         <file>rtsv7M4_T_le_v4SPD16_eabi.lib</file>
         <name>memset_t2.obj</name>
      </input_file>
      <input_file id="fl-138">
         <path>F:\ti\ccsv6\tools\compiler\ti-cgt-arm_5.2.2\lib\</path>
         <kind>archive</kind>
         <file>rtsv7M4_T_le_v4SPD16_eabi.lib</file>
         <name>pre_init.obj</name>
      </input_file>
      <input_file id="fl-139">
         <path>F:\ti\ccsv6\tools\compiler\ti-cgt-arm_5.2.2\lib\</path>
         <kind>archive</kind>
         <file>rtsv7M4_T_le_v4SPD16_eabi.lib</file>
         <name>stkdepth_vars.obj</name>
      </input_file>
      <input_file id="fl-13a">
         <path>F:\ti\ccsv6\tools\compiler\ti-cgt-arm_5.2.2\lib\</path>
         <kind>archive</kind>
         <file>rtsv7M4_T_le_v4SPD16_eabi.lib</file>
         <name>strcat.obj</name>
      </input_file>
      <input_file id="fl-13b">
         <path>F:\ti\ccsv6\tools\compiler\ti-cgt-arm_5.2.2\lib\</path>
         <kind>archive</kind>
         <file>rtsv7M4_T_le_v4SPD16_eabi.lib</file>
         <name>strcmp.obj</name>
      </input_file>
      <input_file id="fl-13c">
         <path>F:\ti\ccsv6\tools\compiler\ti-cgt-arm_5.2.2\lib\</path>
         <kind>archive</kind>
         <file>rtsv7M4_T_le_v4SPD16_eabi.lib</file>
         <name>strcpy.obj</name>
      </input_file>
      <input_file id="fl-13d">
         <path>F:\ti\ccsv6\tools\compiler\ti-cgt-arm_5.2.2\lib\</path>
         <kind>archive</kind>
         <file>rtsv7M4_T_le_v4SPD16_eabi.lib</file>
         <name>strlen.obj</name>
      </input_file>
      <input_file id="fl-13e">
         <path>F:\ti\ccsv6\tools\compiler\ti-cgt-arm_5.2.2\lib\</path>
         <kind>archive</kind>
         <file>rtsv7M4_T_le_v4SPD16_eabi.lib</file>
         <name>strncpy.obj</name>
      </input_file>
      <input_file id="fl-13f">
         <path>F:\ti\ccsv6\tools\compiler\ti-cgt-arm_5.2.2\lib\</path>
         <kind>archive</kind>
         <file>rtsv7M4_T_le_v4SPD16_eabi.lib</file>
         <name>u_divt2.obj</name>
      </input_file>
      <input_file id="fl-140">
         <path>F:\ti\ccsv6\tools\compiler\ti-cgt-arm_5.2.2\lib\</path>
         <kind>archive</kind>
         <file>rtsv7M4_T_le_v4SPD16_eabi.lib</file>
         <name>_lock.obj</name>
      </input_file>
      <input_file id="fl-141">
         <path>F:\ti\ccsv6\tools\compiler\ti-cgt-arm_5.2.2\lib\</path>
         <kind>archive</kind>
         <file>rtsv7M4_T_le_v4SPD16_eabi.lib</file>
         <name>args_main.obj</name>
      </input_file>
      <input_file id="fl-142">
         <path>F:\ti\ccsv6\tools\compiler\ti-cgt-arm_5.2.2\lib\</path>
         <kind>archive</kind>
         <file>rtsv7M4_T_le_v4SPD16_eabi.lib</file>
         <name>autoinit.obj</name>
      </input_file>
      <input_file id="fl-143">
         <path>F:\ti\ccsv6\tools\compiler\ti-cgt-arm_5.2.2\lib\</path>
         <kind>archive</kind>
         <file>rtsv7M4_T_le_v4SPD16_eabi.lib</file>
         <name>cpy_tbl.obj</name>
      </input_file>
      <input_file id="fl-144">
         <path>F:\ti\TivaWare_C_Series-2.1.1.71\examples\boards\ek-tm4c1294xl\usb_host_msc\ccs\..\..\..\..\..\driverlib\ccs\Debug\</path>
         <kind>archive</kind>
         <file>driverlib.lib</file>
         <name>gpio.obj</name>
      </input_file>
      <input_file id="fl-145">
         <path>F:\ti\TivaWare_C_Series-2.1.1.71\examples\boards\ek-tm4c1294xl\usb_host_msc\ccs\..\..\..\..\..\driverlib\ccs\Debug\</path>
         <kind>archive</kind>
         <file>driverlib.lib</file>
         <name>interrupt.obj</name>
      </input_file>
      <input_file id="fl-146">
         <path>F:\ti\TivaWare_C_Series-2.1.1.71\examples\boards\ek-tm4c1294xl\usb_host_msc\ccs\..\..\..\..\..\driverlib\ccs\Debug\</path>
         <kind>archive</kind>
         <file>driverlib.lib</file>
         <name>sysctl.obj</name>
      </input_file>
      <input_file id="fl-147">
         <path>F:\ti\TivaWare_C_Series-2.1.1.71\examples\boards\ek-tm4c1294xl\usb_host_msc\ccs\..\..\..\..\..\driverlib\ccs\Debug\</path>
         <kind>archive</kind>
         <file>driverlib.lib</file>
         <name>cpu.obj</name>
      </input_file>
      <input_file id="fl-148">
         <path>F:\ti\TivaWare_C_Series-2.1.1.71\examples\boards\ek-tm4c1294xl\usb_host_msc\ccs\..\..\..\..\..\usblib\ccs\Debug\</path>
         <kind>archive</kind>
         <file>usblib.lib</file>
         <name>usbmode.obj</name>
      </input_file>
      <input_file id="fl-149">
         <path>F:\ti\TivaWare_C_Series-2.1.1.71\examples\boards\ek-tm4c1294xl\usb_host_msc\ccs\..\..\..\..\..\usblib\ccs\Debug\</path>
         <kind>archive</kind>
         <file>usblib.lib</file>
         <name>usbtick.obj</name>
      </input_file>
      <input_file id="fl-14a">
         <path>F:\ti\TivaWare_C_Series-2.1.1.71\examples\boards\ek-tm4c1294xl\usb_host_msc\ccs\..\..\..\..\..\usblib\ccs\Debug\</path>
         <kind>archive</kind>
         <file>usblib.lib</file>
         <name>usbhmsc.obj</name>
      </input_file>
      <input_file id="fl-14b">
         <path>F:\ti\TivaWare_C_Series-2.1.1.71\examples\boards\ek-tm4c1294xl\usb_host_msc\ccs\..\..\..\..\..\usblib\ccs\Debug\</path>
         <kind>archive</kind>
         <file>usblib.lib</file>
         <name>usbhostenum.obj</name>
      </input_file>
      <input_file id="fl-14c">
         <path>F:\ti\TivaWare_C_Series-2.1.1.71\examples\boards\ek-tm4c1294xl\usb_host_msc\ccs\..\..\..\..\..\usblib\ccs\Debug\</path>
         <kind>archive</kind>
         <file>usblib.lib</file>
         <name>usbhscsi.obj</name>
      </input_file>
      <input_file id="fl-14d">
         <path>F:\ti\TivaWare_C_Series-2.1.1.71\examples\boards\ek-tm4c1294xl\usb_host_msc\ccs\..\..\..\..\..\usblib\ccs\Debug\</path>
         <kind>archive</kind>
         <file>usblib.lib</file>
         <name>usbdenum.obj</name>
      </input_file>
      <input_file id="fl-14e">
         <path>F:\ti\TivaWare_C_Series-2.1.1.71\examples\boards\ek-tm4c1294xl\usb_host_msc\ccs\..\..\..\..\..\usblib\ccs\Debug\</path>
         <kind>archive</kind>
         <file>usblib.lib</file>
         <name>usbdesc.obj</name>
      </input_file>
      <input_file id="fl-14f">
         <path>F:\ti\TivaWare_C_Series-2.1.1.71\examples\boards\ek-tm4c1294xl\usb_host_msc\ccs\..\..\..\..\..\usblib\ccs\Debug\</path>
         <kind>archive</kind>
         <file>usblib.lib</file>
         <name>usbdma.obj</name>
      </input_file>
      <input_file id="fl-150">
         <path>F:\ti\TivaWare_C_Series-2.1.1.71\examples\boards\ek-tm4c1294xl\usb_host_msc\ccs\..\..\..\..\..\usblib\ccs\Debug\</path>
         <kind>archive</kind>
         <file>usblib.lib</file>
         <name>usbulpi.obj</name>
      </input_file>
      <input_file id="fl-151">
         <path>F:\ti\TivaWare_C_Series-2.1.1.71\examples\boards\ek-tm4c1294xl\usb_host_msc\ccs\..\..\..\..\..\usblib\ccs\Debug\</path>
         <kind>archive</kind>
         <file>usblib.lib</file>
         <name>usbhhub.obj</name>
      </input_file>
      <input_file id="fl-152">
         <path>F:\ti\TivaWare_C_Series-2.1.1.71\examples\boards\ek-tm4c1294xl\usb_host_msc\ccs\..\..\..\..\..\usblib\ccs\Debug\</path>
         <kind>archive</kind>
         <file>usblib.lib</file>
         <name>usbdcdesc.obj</name>
      </input_file>
      <input_file id="fl-153">
         <path>F:\ti\TivaWare_C_Series-2.1.1.71\examples\boards\ek-tm4c1294xl\usb_host_msc\ccs\..\..\..\..\..\usblib\ccs\Debug\</path>
         <kind>archive</kind>
         <file>usblib.lib</file>
         <name>usbdconfig.obj</name>
      </input_file>
      <input_file id="fl-154">
         <path>F:\ti\TivaWare_C_Series-2.1.1.71\examples\boards\ek-tm4c1294xl\usb_host_msc\ccs\..\..\..\..\..\driverlib\ccs\Debug\</path>
         <kind>archive</kind>
         <file>driverlib.lib</file>
         <name>udma.obj</name>
      </input_file>
      <input_file id="fl-155">
         <path>F:\ti\TivaWare_C_Series-2.1.1.71\examples\boards\ek-tm4c1294xl\usb_host_msc\ccs\..\..\..\..\..\driverlib\ccs\Debug\</path>
         <kind>archive</kind>
         <file>driverlib.lib</file>
         <name>usb.obj</name>
      </input_file>
   </input_file_list>
   <object_component_list>
      <object_component id="oc-f">
         <name>.intvecs</name>
         <load_address>0x0</load_address>
         <run_address>0x0</run_address>
         <size>0x200</size>
         <input_file_ref idref="fl-2"/>
      </object_component>
      <object_component id="oc-b8">
         <name>.text:USBHostIntHandlerInternal</name>
         <load_address>0x200</load_address>
         <run_address>0x200</run_address>
         <size>0x3f4</size>
         <input_file_ref idref="fl-14b"/>
      </object_component>
      <object_component id="oc-496">
         <name>.text:chk_mounted</name>
         <load_address>0x5f4</load_address>
         <run_address>0x5f4</run_address>
         <size>0x304</size>
         <input_file_ref idref="fl-7"/>
      </object_component>
      <object_component id="oc-23e">
         <name>.text:ReadLine</name>
         <load_address>0x8f8</load_address>
         <run_address>0x8f8</run_address>
         <size>0x264</size>
         <input_file_ref idref="fl-3"/>
      </object_component>
      <object_component id="oc-202">
         <name>.text:PinoutSet</name>
         <load_address>0xb5c</load_address>
         <run_address>0xb5c</run_address>
         <size>0x214</size>
         <input_file_ref idref="fl-9"/>
      </object_component>
      <object_component id="oc-1fc">
         <name>.text:SysCtlClockFreqSet</name>
         <load_address>0xd70</load_address>
         <run_address>0xd70</run_address>
         <size>0x204</size>
         <input_file_ref idref="fl-146"/>
      </object_component>
      <object_component id="oc-325">
         <name>.text:UARTvprintf</name>
         <load_address>0xf74</load_address>
         <run_address>0xf74</run_address>
         <size>0x1ea</size>
         <input_file_ref idref="fl-5"/>
      </object_component>
      <object_component id="oc-36">
         <name>.text:FaultISR</name>
         <load_address>0x115e</load_address>
         <run_address>0x115e</run_address>
         <size>0x2</size>
         <input_file_ref idref="fl-2"/>
      </object_component>
      <object_component id="oc-f5">
         <name>.text:main</name>
         <load_address>0x1160</load_address>
         <run_address>0x1160</run_address>
         <size>0x1bc</size>
         <input_file_ref idref="fl-3"/>
      </object_component>
      <object_component id="oc-6cb">
         <name>.text:USBHCDPipeAllocSize</name>
         <load_address>0x131c</load_address>
         <run_address>0x131c</run_address>
         <size>0x19c</size>
         <input_file_ref idref="fl-14b"/>
      </object_component>
      <object_component id="oc-663">
         <name>.text:ProcessUSBDeviceStateMachine</name>
         <load_address>0x14b8</load_address>
         <run_address>0x14b8</run_address>
         <size>0x190</size>
         <input_file_ref idref="fl-14b"/>
      </object_component>
      <object_component id="oc-4e5">
         <name>.text:Cmd_ls</name>
         <load_address>0x1648</load_address>
         <run_address>0x1648</run_address>
         <size>0x178</size>
         <input_file_ref idref="fl-3"/>
      </object_component>
      <object_component id="oc-65d">
         <name>.text:USBHHubMain</name>
         <load_address>0x17c0</load_address>
         <run_address>0x17c0</run_address>
         <size>0x178</size>
         <input_file_ref idref="fl-151"/>
      </object_component>
      <object_component id="oc-454">
         <name>.text:USBLibDMAInit</name>
         <load_address>0x1938</load_address>
         <run_address>0x1938</run_address>
         <size>0x170</size>
         <input_file_ref idref="fl-14f"/>
      </object_component>
      <object_component id="oc-36e">
         <name>.text:USBHCDInitInternal</name>
         <load_address>0x1aa8</load_address>
         <run_address>0x1aa8</run_address>
         <size>0x16c</size>
         <input_file_ref idref="fl-14b"/>
      </object_component>
      <object_component id="oc-6b5">
         <name>.text:f_read</name>
         <load_address>0x1c14</load_address>
         <run_address>0x1c14</run_address>
         <size>0x15e</size>
         <input_file_ref idref="fl-7"/>
      </object_component>
      <object_component id="oc-3c">
         <name>.text:IntDefaultHandler</name>
         <load_address>0x1d72</load_address>
         <run_address>0x1d72</run_address>
         <size>0x2</size>
         <input_file_ref idref="fl-2"/>
      </object_component>
      <object_component id="oc-2d0">
         <name>.text:USBDEP0StateTxConfig</name>
         <load_address>0x1d74</load_address>
         <run_address>0x1d74</run_address>
         <size>0x150</size>
         <input_file_ref idref="fl-14d"/>
      </object_component>
      <object_component id="oc-be">
         <name>.text:USBDeviceIntHandlerInternal</name>
         <load_address>0x1ec4</load_address>
         <run_address>0x1ec4</run_address>
         <size>0x150</size>
         <input_file_ref idref="fl-14d"/>
      </object_component>
      <object_component id="oc-87e">
         <name>.text:USBHCDPipeRead</name>
         <load_address>0x2014</load_address>
         <run_address>0x2014</run_address>
         <size>0x150</size>
         <input_file_ref idref="fl-14b"/>
      </object_component>
      <object_component id="oc-6af">
         <name>.text:f_open</name>
         <load_address>0x2164</load_address>
         <run_address>0x2164</run_address>
         <size>0x144</size>
         <input_file_ref idref="fl-7"/>
      </object_component>
      <object_component id="oc-6f3">
         <name>.text:USBDeviceConfig</name>
         <load_address>0x22a8</load_address>
         <run_address>0x22a8</run_address>
         <size>0x140</size>
         <input_file_ref idref="fl-153"/>
      </object_component>
      <object_component id="oc-30c">
         <name>.text:GPIOPadConfigSet</name>
         <load_address>0x23e8</load_address>
         <run_address>0x23e8</run_address>
         <size>0x130</size>
         <input_file_ref idref="fl-144"/>
      </object_component>
      <object_component id="oc-878">
         <name>.text:USBHCDPipeWrite</name>
         <load_address>0x2518</load_address>
         <run_address>0x2518</run_address>
         <size>0x128</size>
         <input_file_ref idref="fl-14b"/>
      </object_component>
      <object_component id="oc-63c">
         <name>.text:create_name</name>
         <load_address>0x2640</load_address>
         <run_address>0x2640</run_address>
         <size>0x123</size>
         <input_file_ref idref="fl-7"/>
      </object_component>
      <object_component id="oc-4eb">
         <name>.text:Cmd_cd</name>
         <load_address>0x2764</load_address>
         <run_address>0x2764</run_address>
         <size>0x11c</size>
         <input_file_ref idref="fl-3"/>
      </object_component>
      <object_component id="oc-39c">
         <name>.text:SysCtlClockGet</name>
         <load_address>0x2880</load_address>
         <run_address>0x2880</run_address>
         <size>0x10c</size>
         <input_file_ref idref="fl-146"/>
      </object_component>
      <object_component id="oc-871">
         <name>.text:USBHCDEnumHandler</name>
         <load_address>0x298c</load_address>
         <run_address>0x298c</run_address>
         <size>0x100</size>
         <input_file_ref idref="fl-14b"/>
      </object_component>
      <object_component id="oc-396">
         <name>.text:USBHMSCDriveReady</name>
         <load_address>0x2a8c</load_address>
         <run_address>0x2a8c</run_address>
         <size>0xfc</size>
         <input_file_ref idref="fl-14a"/>
      </object_component>
      <object_component id="oc-7e7">
         <name>.text:dir_next</name>
         <load_address>0x2b88</load_address>
         <run_address>0x2b88</run_address>
         <size>0xf8</size>
         <input_file_ref idref="fl-7"/>
      </object_component>
      <object_component id="oc-22c">
         <name>.text:USBHCDInit</name>
         <load_address>0x2c80</load_address>
         <run_address>0x2c80</run_address>
         <size>0xf4</size>
         <input_file_ref idref="fl-14b"/>
      </object_component>
      <object_component id="oc-66a">
         <name>.text:USBHCDControlTransfer</name>
         <load_address>0x2d74</load_address>
         <run_address>0x2d74</run_address>
         <size>0xf0</size>
         <input_file_ref idref="fl-14b"/>
      </object_component>
      <object_component id="oc-6d8">
         <name>.text:USBHCDPipeFree</name>
         <load_address>0x2e64</load_address>
         <run_address>0x2e64</run_address>
         <size>0xf0</size>
         <input_file_ref idref="fl-14b"/>
      </object_component>
      <object_component id="oc-5f5">
         <name>.text:iDMAUSBTransfer</name>
         <load_address>0x2f54</load_address>
         <run_address>0x2f54</run_address>
         <size>0xea</size>
         <input_file_ref idref="fl-14f"/>
      </object_component>
      <object_component id="oc-30">
         <name>.text:NmiSR</name>
         <load_address>0x303e</load_address>
         <run_address>0x303e</run_address>
         <size>0x2</size>
         <input_file_ref idref="fl-2"/>
      </object_component>
      <object_component id="oc-531">
         <name>.text:USBDGetDescriptor</name>
         <load_address>0x3040</load_address>
         <run_address>0x3040</run_address>
         <size>0xe4</size>
         <input_file_ref idref="fl-14d"/>
      </object_component>
      <object_component id="oc-9cf">
         <name>.text:put_fat</name>
         <load_address>0x3124</load_address>
         <run_address>0x3124</run_address>
         <size>0xe2</size>
         <input_file_ref idref="fl-7"/>
      </object_component>
      <object_component id="oc-5d1">
         <name>.text:iDMAUSBArbSizeSet</name>
         <load_address>0x3206</load_address>
         <run_address>0x3206</run_address>
         <size>0x2</size>
         <input_file_ref idref="fl-14f"/>
      </object_component>
      <object_component id="oc-4f7">
         <name>.text:Cmd_cat</name>
         <load_address>0x3208</load_address>
         <run_address>0x3208</run_address>
         <size>0xe0</size>
         <input_file_ref idref="fl-3"/>
      </object_component>
      <object_component id="oc-4b2">
         <name>.text:USBHCDMain</name>
         <load_address>0x32e8</load_address>
         <run_address>0x32e8</run_address>
         <size>0xe0</size>
         <input_file_ref idref="fl-14b"/>
      </object_component>
      <object_component id="oc-1c2">
         <name>.text:USBDeviceEnumHandler</name>
         <load_address>0x33c8</load_address>
         <run_address>0x33c8</run_address>
         <size>0xd8</size>
         <input_file_ref idref="fl-14d"/>
      </object_component>
      <object_component id="oc-6d1">
         <name>.text:USBHCDPipeConfig</name>
         <load_address>0x34a0</load_address>
         <run_address>0x34a0</run_address>
         <size>0xd8</size>
         <input_file_ref idref="fl-14b"/>
      </object_component>
      <object_component id="oc-68a">
         <name>.text:f_getfree</name>
         <load_address>0x3578</load_address>
         <run_address>0x3578</run_address>
         <size>0xd8</size>
         <input_file_ref idref="fl-7"/>
      </object_component>
      <object_component id="oc-64a">
         <name>.text:get_fat</name>
         <load_address>0x3650</load_address>
         <run_address>0x3650</run_address>
         <size>0xcc</size>
         <input_file_ref idref="fl-7"/>
      </object_component>
      <object_component id="oc-460">
         <name>.text:USBHostEndpointConfig</name>
         <load_address>0x371c</load_address>
         <run_address>0x371c</run_address>
         <size>0xc2</size>
         <input_file_ref idref="fl-155"/>
      </object_component>
      <object_component id="oc-60d">
         <name>.text:iDMAUSBUnitSizeSet</name>
         <load_address>0x37de</load_address>
         <run_address>0x37de</run_address>
         <size>0x2</size>
         <input_file_ref idref="fl-14f"/>
      </object_component>
      <object_component id="oc-583">
         <name>.text:uDMAUSBChannelAllocate</name>
         <load_address>0x37e0</load_address>
         <run_address>0x37e0</run_address>
         <size>0xc0</size>
         <input_file_ref idref="fl-14f"/>
      </object_component>
      <object_component id="oc-48">
         <name>.text:USB0OTGModeIntHandler</name>
         <load_address>0x38a0</load_address>
         <run_address>0x38a0</run_address>
         <size>0xbc</size>
         <input_file_ref idref="fl-148"/>
      </object_component>
      <object_component id="oc-5c5">
         <name>.text:uDMAUSBTransfer</name>
         <load_address>0x395c</load_address>
         <run_address>0x395c</run_address>
         <size>0xba</size>
         <input_file_ref idref="fl-14f"/>
      </object_component>
      <object_component id="oc-59b">
         <name>.text:uDMAUSBChannelIntDisable</name>
         <load_address>0x3a16</load_address>
         <run_address>0x3a16</run_address>
         <size>0x2</size>
         <input_file_ref idref="fl-14f"/>
      </object_component>
      <object_component id="oc-502">
         <name>.text:USBHMSCOpen</name>
         <load_address>0x3a18</load_address>
         <run_address>0x3a18</run_address>
         <size>0xa4</size>
         <input_file_ref idref="fl-14a"/>
      </object_component>
      <object_component id="oc-822">
         <name>.text:USBHCDDeviceDisconnected</name>
         <load_address>0x3abc</load_address>
         <run_address>0x3abc</run_address>
         <size>0x9c</size>
         <input_file_ref idref="fl-14b"/>
      </object_component>
      <object_component id="oc-51">
         <name>.text</name>
         <load_address>0x3b58</load_address>
         <run_address>0x3b58</run_address>
         <size>0x9c</size>
         <input_file_ref idref="fl-136"/>
      </object_component>
      <object_component id="oc-54f">
         <name>.text:USBDSetInterface</name>
         <load_address>0x3bf4</load_address>
         <run_address>0x3bf4</run_address>
         <size>0x98</size>
         <input_file_ref idref="fl-14d"/>
      </object_component>
      <object_component id="oc-95a">
         <name>.text:create_chain</name>
         <load_address>0x3c8c</load_address>
         <run_address>0x3c8c</run_address>
         <size>0x98</size>
         <input_file_ref idref="fl-7"/>
      </object_component>
      <object_component id="oc-83a">
         <name>.text:USBHCDOpenDriver</name>
         <load_address>0x3d24</load_address>
         <run_address>0x3d24</run_address>
         <size>0x94</size>
         <input_file_ref idref="fl-14b"/>
      </object_component>
      <object_component id="oc-8e2">
         <name>.text:FIFOAlloc</name>
         <load_address>0x3db8</load_address>
         <run_address>0x3db8</run_address>
         <size>0x90</size>
         <input_file_ref idref="fl-14b"/>
      </object_component>
      <object_component id="oc-543">
         <name>.text:USBDSetConfiguration</name>
         <load_address>0x3e48</load_address>
         <run_address>0x3e48</run_address>
         <size>0x8c</size>
         <input_file_ref idref="fl-14d"/>
      </object_component>
      <object_component id="oc-707">
         <name>.text:USBDeviceConfigAlternate</name>
         <load_address>0x3ed4</load_address>
         <run_address>0x3ed4</run_address>
         <size>0x8c</size>
         <input_file_ref idref="fl-153"/>
      </object_component>
      <object_component id="oc-9b3">
         <name>.text:USBHCDClearFeature</name>
         <load_address>0x3f60</load_address>
         <run_address>0x3f60</run_address>
         <size>0x8c</size>
         <input_file_ref idref="fl-14b"/>
      </object_component>
      <object_component id="oc-671">
         <name>.text:USBHSCSISendCommand</name>
         <load_address>0x3fec</load_address>
         <run_address>0x3fec</run_address>
         <size>0x88</size>
         <input_file_ref idref="fl-14c"/>
      </object_component>
      <object_component id="oc-5d7">
         <name>.text:iDMAUSBChannelAllocate</name>
         <load_address>0x4074</load_address>
         <run_address>0x4074</run_address>
         <size>0x84</size>
         <input_file_ref idref="fl-14f"/>
      </object_component>
      <object_component id="oc-76a">
         <name>.text:uDMAChannelTransferSet</name>
         <load_address>0x40f8</load_address>
         <run_address>0x40f8</run_address>
         <size>0x84</size>
         <input_file_ref idref="fl-154"/>
      </object_component>
      <object_component id="oc-390">
         <name>.text:USBOTGMain</name>
         <load_address>0x417c</load_address>
         <run_address>0x417c</run_address>
         <size>0x80</size>
         <input_file_ref idref="fl-148"/>
      </object_component>
      <object_component id="oc-51f">
         <name>.text:USBDClearFeature</name>
         <load_address>0x41fc</load_address>
         <run_address>0x41fc</run_address>
         <size>0x7c</size>
         <input_file_ref idref="fl-14d"/>
      </object_component>
      <object_component id="oc-4a8">
         <name>.text:dir_sdi</name>
         <load_address>0x4278</load_address>
         <run_address>0x4278</run_address>
         <size>0x7c</size>
         <input_file_ref idref="fl-7"/>
      </object_component>
      <object_component id="oc-893">
         <name>.text:get_fileinfo</name>
         <load_address>0x42f4</load_address>
         <run_address>0x42f4</run_address>
         <size>0x7c</size>
         <input_file_ref idref="fl-7"/>
      </object_component>
      <object_component id="oc-911">
         <name>.text:USBDevEndpointConfigSet</name>
         <load_address>0x4370</load_address>
         <run_address>0x4370</run_address>
         <size>0x7a</size>
         <input_file_ref idref="fl-155"/>
      </object_component>
      <object_component id="oc-6a">
         <name>.text</name>
         <load_address>0x43ea</load_address>
         <run_address>0x43ea</run_address>
         <size>0x7a</size>
         <input_file_ref idref="fl-137"/>
      </object_component>
      <object_component id="oc-519">
         <name>.text:USBDGetStatus</name>
         <load_address>0x4464</load_address>
         <run_address>0x4464</run_address>
         <size>0x74</size>
         <input_file_ref idref="fl-14d"/>
      </object_component>
      <object_component id="oc-828">
         <name>.text:USBHCDGetConfigDescriptor</name>
         <load_address>0x44d8</load_address>
         <run_address>0x44d8</run_address>
         <size>0x74</size>
         <input_file_ref idref="fl-14b"/>
      </object_component>
      <object_component id="oc-62e">
         <name>.text:check_fs</name>
         <load_address>0x454c</load_address>
         <run_address>0x454c</run_address>
         <size>0x74</size>
         <input_file_ref idref="fl-7"/>
      </object_component>
      <object_component id="oc-57d">
         <name>.text:uDMAUSBArbSizeSet</name>
         <load_address>0x45c0</load_address>
         <run_address>0x45c0</run_address>
         <size>0x72</size>
         <input_file_ref idref="fl-14f"/>
      </object_component>
      <object_component id="oc-595">
         <name>.text:uDMAUSBChannelIntEnable</name>
         <load_address>0x4632</load_address>
         <run_address>0x4632</run_address>
         <size>0x2</size>
         <input_file_ref idref="fl-14f"/>
      </object_component>
      <object_component id="oc-2d6">
         <name>.text:USBDEP0StateTx</name>
         <load_address>0x4634</load_address>
         <run_address>0x4634</run_address>
         <size>0x70</size>
         <input_file_ref idref="fl-14d"/>
      </object_component>
      <object_component id="oc-5cb">
         <name>.text:uDMAUSBUnitSizeSet</name>
         <load_address>0x46a4</load_address>
         <run_address>0x46a4</run_address>
         <size>0x70</size>
         <input_file_ref idref="fl-14f"/>
      </object_component>
      <object_component id="oc-ac">
         <name>.text:USBOTGSetMode</name>
         <load_address>0x4714</load_address>
         <run_address>0x4714</run_address>
         <size>0x6c</size>
         <input_file_ref idref="fl-148"/>
      </object_component>
      <object_component id="oc-7c">
         <name>.text</name>
         <load_address>0x4780</load_address>
         <run_address>0x4780</run_address>
         <size>0x6c</size>
         <input_file_ref idref="fl-142"/>
      </object_component>
      <object_component id="oc-5d">
         <name>.text</name>
         <load_address>0x47ec</load_address>
         <run_address>0x47ec</run_address>
         <size>0x6a</size>
         <input_file_ref idref="fl-133"/>
      </object_component>
      <object_component id="oc-1a7">
         <name>.text:IntDisable</name>
         <load_address>0x4858</load_address>
         <run_address>0x4858</run_address>
         <size>0x68</size>
         <input_file_ref idref="fl-145"/>
      </object_component>
      <object_component id="oc-472">
         <name>.text:IntEnable</name>
         <load_address>0x48c0</load_address>
         <run_address>0x48c0</run_address>
         <size>0x68</size>
         <input_file_ref idref="fl-145"/>
      </object_component>
      <object_component id="oc-525">
         <name>.text:USBDSetFeature</name>
         <load_address>0x4928</load_address>
         <run_address>0x4928</run_address>
         <size>0x68</size>
         <input_file_ref idref="fl-14d"/>
      </object_component>
      <object_component id="oc-244">
         <name>.text:CmdLineProcess</name>
         <load_address>0x4990</load_address>
         <run_address>0x4990</run_address>
         <size>0x64</size>
         <input_file_ref idref="fl-4"/>
      </object_component>
      <object_component id="oc-743">
         <name>.text:IntIsEnabled</name>
         <load_address>0x49f4</load_address>
         <run_address>0x49f4</run_address>
         <size>0x64</size>
         <input_file_ref idref="fl-145"/>
      </object_component>
      <object_component id="oc-49c">
         <name>.text:follow_path</name>
         <load_address>0x4a58</load_address>
         <run_address>0x4a58</run_address>
         <size>0x64</size>
         <input_file_ref idref="fl-7"/>
      </object_component>
      <object_component id="oc-58f">
         <name>.text:uDMAUSBChannelEnable</name>
         <load_address>0x4abc</load_address>
         <run_address>0x4abc</run_address>
         <size>0x64</size>
         <input_file_ref idref="fl-14f"/>
      </object_component>
      <object_component id="oc-8b7">
         <name>.text:remove_chain</name>
         <load_address>0x4b20</load_address>
         <run_address>0x4b20</run_address>
         <size>0x62</size>
         <input_file_ref idref="fl-7"/>
      </object_component>
      <object_component id="oc-4df">
         <name>.text:Cmd_help</name>
         <load_address>0x4b84</load_address>
         <run_address>0x4b84</run_address>
         <size>0x60</size>
         <input_file_ref idref="fl-3"/>
      </object_component>
      <object_component id="oc-208">
         <name>.text:UARTStdioConfig</name>
         <load_address>0x4be4</load_address>
         <run_address>0x4be4</run_address>
         <size>0x60</size>
         <input_file_ref idref="fl-5"/>
      </object_component>
      <object_component id="oc-2ca">
         <name>.text:USBDReadAndDispatchRequest</name>
         <load_address>0x4c44</load_address>
         <run_address>0x4c44</run_address>
         <size>0x60</size>
         <input_file_ref idref="fl-14d"/>
      </object_component>
      <object_component id="oc-657">
         <name>.text:USBHostCheckPipes</name>
         <load_address>0x4ca4</load_address>
         <run_address>0x4ca4</run_address>
         <size>0x60</size>
         <input_file_ref idref="fl-14b"/>
      </object_component>
      <object_component id="oc-2b8">
         <name>.text:USBDevEndpointStatusClear</name>
         <load_address>0x4d04</load_address>
         <run_address>0x4d04</run_address>
         <size>0x5e</size>
         <input_file_ref idref="fl-155"/>
      </object_component>
      <object_component id="oc-982">
         <name>.text:ConfigDescAlloc</name>
         <load_address>0x4d64</load_address>
         <run_address>0x4d64</run_address>
         <size>0x5c</size>
         <input_file_ref idref="fl-14b"/>
      </object_component>
      <object_component id="oc-852">
         <name>.text:USBHCDGetDeviceDescriptor</name>
         <load_address>0x4dc0</load_address>
         <run_address>0x4dc0</run_address>
         <size>0x5c</size>
         <input_file_ref idref="fl-14b"/>
      </object_component>
      <object_component id="oc-949">
         <name>.text:USBHSCSIRead10</name>
         <load_address>0x4e1c</load_address>
         <run_address>0x4e1c</run_address>
         <size>0x5c</size>
         <input_file_ref idref="fl-14c"/>
      </object_component>
      <object_component id="oc-a13">
         <name>.text:USBHSCSIWrite10</name>
         <load_address>0x4e78</load_address>
         <run_address>0x4e78</run_address>
         <size>0x5c</size>
         <input_file_ref idref="fl-14c"/>
      </object_component>
      <object_component id="oc-37e">
         <name>.text:f_opendir</name>
         <load_address>0x4ed4</load_address>
         <run_address>0x4ed4</run_address>
         <size>0x5c</size>
         <input_file_ref idref="fl-7"/>
      </object_component>
      <object_component id="oc-9a6">
         <name>.text:USBHCDEP0StateTx</name>
         <load_address>0x4f30</load_address>
         <run_address>0x4f30</run_address>
         <size>0x58</size>
         <input_file_ref idref="fl-14b"/>
      </object_component>
      <object_component id="oc-7f7">
         <name>.text:USBHCDHubDeviceConnected</name>
         <load_address>0x4f88</load_address>
         <run_address>0x4f88</run_address>
         <size>0x58</size>
         <input_file_ref idref="fl-14b"/>
      </object_component>
      <object_component id="oc-952">
         <name>.text:sync_window</name>
         <load_address>0x4fe0</load_address>
         <run_address>0x4fe0</run_address>
         <size>0x56</size>
         <input_file_ref idref="fl-7"/>
      </object_component>
      <object_component id="oc-5a1">
         <name>.text:uDMAUSBChannelRelease</name>
         <load_address>0x5036</load_address>
         <run_address>0x5036</run_address>
         <size>0x56</size>
         <input_file_ref idref="fl-14f"/>
      </object_component>
      <object_component id="oc-35c">
         <name>.text:ULPIConfigSet</name>
         <load_address>0x508c</load_address>
         <run_address>0x508c</run_address>
         <size>0x52</size>
         <input_file_ref idref="fl-150"/>
      </object_component>
      <object_component id="oc-88d">
         <name>.text:dir_read</name>
         <load_address>0x50de</load_address>
         <run_address>0x50de</run_address>
         <size>0x52</size>
         <input_file_ref idref="fl-7"/>
      </object_component>
      <object_component id="oc-33e">
         <name>.text:SysCtlPeripheralReset</name>
         <load_address>0x5130</load_address>
         <run_address>0x5130</run_address>
         <size>0x50</size>
         <input_file_ref idref="fl-146"/>
      </object_component>
      <object_component id="oc-8ff">
         <name>.text:USBDCDConfigDescGet</name>
         <load_address>0x5180</load_address>
         <run_address>0x5180</run_address>
         <size>0x50</size>
         <input_file_ref idref="fl-152"/>
      </object_component>
      <object_component id="oc-1b6">
         <name>.text:USBDeviceResumeTickHandler</name>
         <load_address>0x51d0</load_address>
         <run_address>0x51d0</run_address>
         <size>0x50</size>
         <input_file_ref idref="fl-14d"/>
      </object_component>
      <object_component id="oc-24">
         <name>.text</name>
         <load_address>0x5220</load_address>
         <run_address>0x5220</run_address>
         <size>0x50</size>
         <input_file_ref idref="fl-131"/>
      </object_component>
      <object_component id="oc-7fd">
         <name>.text:HubGetPortStatus</name>
         <load_address>0x5270</load_address>
         <run_address>0x5270</run_address>
         <size>0x4e</size>
         <input_file_ref idref="fl-151"/>
      </object_component>
      <object_component id="oc-6e1">
         <name>.text:USBDevEndpointStallClear</name>
         <load_address>0x52be</load_address>
         <run_address>0x52be</run_address>
         <size>0x4e</size>
         <input_file_ref idref="fl-155"/>
      </object_component>
      <object_component id="oc-926">
         <name>.text:ConfigAlternateInterfaceGet</name>
         <load_address>0x530c</load_address>
         <run_address>0x530c</run_address>
         <size>0x4c</size>
         <input_file_ref idref="fl-152"/>
      </object_component>
      <object_component id="oc-90b">
         <name>.text:GetEPDescriptorType</name>
         <load_address>0x5358</load_address>
         <run_address>0x5358</run_address>
         <size>0x4c</size>
         <input_file_ref idref="fl-153"/>
      </object_component>
      <object_component id="oc-809">
         <name>.text:HubDriverDeviceDisconnect</name>
         <load_address>0x53a4</load_address>
         <run_address>0x53a4</run_address>
         <size>0x4c</size>
         <input_file_ref idref="fl-151"/>
      </object_component>
      <object_component id="oc-776">
         <name>.text:USBEndpointDMAConfigSet</name>
         <load_address>0x53f0</load_address>
         <run_address>0x53f0</run_address>
         <size>0x4c</size>
         <input_file_ref idref="fl-155"/>
      </object_component>
      <object_component id="oc-478">
         <name>.text:USBHCDPowerConfigSet</name>
         <load_address>0x543c</load_address>
         <run_address>0x543c</run_address>
         <size>0x4c</size>
         <input_file_ref idref="fl-14b"/>
      </object_component>
      <object_component id="oc-85e">
         <name>.text:USBHCDSetAddress</name>
         <load_address>0x5488</load_address>
         <run_address>0x5488</run_address>
         <size>0x4c</size>
         <input_file_ref idref="fl-14b"/>
      </object_component>
      <object_component id="oc-ed">
         <name>.text</name>
         <load_address>0x54d4</load_address>
         <run_address>0x54d4</run_address>
         <size>0x4c</size>
         <input_file_ref idref="fl-143"/>
      </object_component>
      <object_component id="oc-684">
         <name>.text:f_readdir</name>
         <load_address>0x5520</load_address>
         <run_address>0x5520</run_address>
         <size>0x4a</size>
         <input_file_ref idref="fl-7"/>
      </object_component>
      <object_component id="oc-601">
         <name>.text:iDMAUSBChannelEnable</name>
         <load_address>0x556a</load_address>
         <run_address>0x556a</run_address>
         <size>0x4a</size>
         <input_file_ref idref="fl-14f"/>
      </object_component>
      <object_component id="oc-589">
         <name>.text:uDMAUSBChannelDisable</name>
         <load_address>0x55b4</load_address>
         <run_address>0x55b4</run_address>
         <size>0x4a</size>
         <input_file_ref idref="fl-14f"/>
      </object_component>
      <object_component id="oc-41e">
         <name>.text:UARTwrite</name>
         <load_address>0x5600</load_address>
         <run_address>0x5600</run_address>
         <size>0x48</size>
         <input_file_ref idref="fl-5"/>
      </object_component>
      <object_component id="oc-6ea">
         <name>.text:USBDStringIndexFromRequest</name>
         <load_address>0x5648</load_address>
         <run_address>0x5648</run_address>
         <size>0x48</size>
         <input_file_ref idref="fl-14d"/>
      </object_component>
      <object_component id="oc-1b0">
         <name>.text:USBDeviceEnumResetHandler</name>
         <load_address>0x5690</load_address>
         <run_address>0x5690</run_address>
         <size>0x48</size>
         <input_file_ref idref="fl-14d"/>
      </object_component>
      <object_component id="oc-9ac">
         <name>.text:USBFIFOFlush</name>
         <load_address>0x56d8</load_address>
         <run_address>0x56d8</run_address>
         <size>0x48</size>
         <input_file_ref idref="fl-155"/>
      </object_component>
      <object_component id="oc-44e">
         <name>.text:USBHHubInit</name>
         <load_address>0x5720</load_address>
         <run_address>0x5720</run_address>
         <size>0x48</size>
         <input_file_ref idref="fl-151"/>
      </object_component>
      <object_component id="oc-2fb">
         <name>.text:_SysCtlFrequencyGet</name>
         <load_address>0x5768</load_address>
         <run_address>0x5768</run_address>
         <size>0x48</size>
         <input_file_ref idref="fl-146"/>
      </object_component>
      <object_component id="oc-642">
         <name>.text:dir_find</name>
         <load_address>0x57b0</load_address>
         <run_address>0x57b0</run_address>
         <size>0x48</size>
         <input_file_ref idref="fl-7"/>
      </object_component>
      <object_component id="oc-8be">
         <name>.text:disk_write</name>
         <load_address>0x57f8</load_address>
         <run_address>0x57f8</run_address>
         <size>0x48</size>
         <input_file_ref idref="fl-8"/>
      </object_component>
      <object_component id="oc-72f">
         <name>.text:uDMAChannelAttributeDisable</name>
         <load_address>0x5840</load_address>
         <run_address>0x5840</run_address>
         <size>0x48</size>
         <input_file_ref idref="fl-154"/>
      </object_component>
      <object_component id="oc-549">
         <name>.text:USBDGetInterface</name>
         <load_address>0x5888</load_address>
         <run_address>0x5888</run_address>
         <size>0x44</size>
         <input_file_ref idref="fl-14d"/>
      </object_component>
      <object_component id="oc-186">
         <name>.text:USBEndpointDataGet</name>
         <load_address>0x58cc</load_address>
         <run_address>0x58cc</run_address>
         <size>0x44</size>
         <input_file_ref idref="fl-155"/>
      </object_component>
      <object_component id="oc-88">
         <name>.text</name>
         <load_address>0x5910</load_address>
         <run_address>0x5910</run_address>
         <size>0x44</size>
         <input_file_ref idref="fl-135"/>
      </object_component>
      <object_component id="oc-424">
         <name>.text</name>
         <load_address>0x5954</load_address>
         <run_address>0x5954</run_address>
         <size>0x42</size>
         <input_file_ref idref="fl-13f"/>
      </object_component>
      <object_component id="oc-4b9">
         <name>.text:USBHMSCGetMaxLUN</name>
         <load_address>0x5996</load_address>
         <run_address>0x5996</run_address>
         <size>0x40</size>
         <input_file_ref idref="fl-14a"/>
      </object_component>
      <object_component id="oc-4c5">
         <name>.text:USBHSCSIInquiry</name>
         <load_address>0x59d6</load_address>
         <run_address>0x59d6</run_address>
         <size>0x3e</size>
         <input_file_ref idref="fl-14c"/>
      </object_component>
      <object_component id="oc-4cb">
         <name>.text:USBHSCSIReadCapacity</name>
         <load_address>0x5a14</load_address>
         <run_address>0x5a14</run_address>
         <size>0x3e</size>
         <input_file_ref idref="fl-14c"/>
      </object_component>
      <object_component id="oc-9c6">
         <name>.text:dir_alloc</name>
         <load_address>0x5a52</load_address>
         <run_address>0x5a52</run_address>
         <size>0x3e</size>
         <input_file_ref idref="fl-7"/>
      </object_component>
      <object_component id="oc-815">
         <name>.text:HubDriverReset</name>
         <load_address>0x5a90</load_address>
         <run_address>0x5a90</run_address>
         <size>0x3c</size>
         <input_file_ref idref="fl-151"/>
      </object_component>
      <object_component id="oc-4bf">
         <name>.text:USBHSCSIRequestSense</name>
         <load_address>0x5acc</load_address>
         <run_address>0x5acc</run_address>
         <size>0x3c</size>
         <input_file_ref idref="fl-14c"/>
      </object_component>
      <object_component id="oc-5fb">
         <name>.text:iDMAUSBChannelRelease</name>
         <load_address>0x5b08</load_address>
         <run_address>0x5b08</run_address>
         <size>0x3c</size>
         <input_file_ref idref="fl-14f"/>
      </object_component>
      <object_component id="oc-905">
         <name>.text:USBDCDConfigGetInterfaceEndpoint</name>
         <load_address>0x5b44</load_address>
         <run_address>0x5b44</run_address>
         <size>0x3a</size>
         <input_file_ref idref="fl-152"/>
      </object_component>
      <object_component id="oc-8e8">
         <name>.text:USBFIFOConfigSet</name>
         <load_address>0x5b7e</load_address>
         <run_address>0x5b7e</run_address>
         <size>0x3a</size>
         <input_file_ref idref="fl-155"/>
      </object_component>
      <object_component id="oc-846">
         <name>.text:USBHCDReset</name>
         <load_address>0x5bb8</load_address>
         <run_address>0x5bb8</run_address>
         <size>0x38</size>
         <input_file_ref idref="fl-14b"/>
      </object_component>
      <object_component id="oc-4d1">
         <name>.text:USBHSCSITestUnitReady</name>
         <load_address>0x5bf0</load_address>
         <run_address>0x5bf0</run_address>
         <size>0x38</size>
         <input_file_ref idref="fl-14c"/>
      </object_component>
      <object_component id="oc-9a">
         <name>.text:USBIntStatusControl</name>
         <load_address>0x5c28</load_address>
         <run_address>0x5c28</run_address>
         <size>0x38</size>
         <input_file_ref idref="fl-155"/>
      </object_component>
      <object_component id="oc-8a5">
         <name>.text:dir_register</name>
         <load_address>0x5c60</load_address>
         <run_address>0x5c60</run_address>
         <size>0x38</size>
         <input_file_ref idref="fl-7"/>
      </object_component>
      <object_component id="oc-803">
         <name>.text:HubClearPortFeature</name>
         <load_address>0x5c98</load_address>
         <run_address>0x5c98</run_address>
         <size>0x36</size>
         <input_file_ref idref="fl-151"/>
      </object_component>
      <object_component id="oc-961">
         <name>.text:HubSetPortFeature</name>
         <load_address>0x5cce</load_address>
         <run_address>0x5cce</run_address>
         <size>0x36</size>
         <input_file_ref idref="fl-151"/>
      </object_component>
      <object_component id="oc-162">
         <name>.text:InternalUSBStartOfFrameTick</name>
         <load_address>0x5d04</load_address>
         <run_address>0x5d04</run_address>
         <size>0x34</size>
         <input_file_ref idref="fl-149"/>
      </object_component>
      <object_component id="oc-238">
         <name>.text:StringFromFresult</name>
         <load_address>0x5d38</load_address>
         <run_address>0x5d38</run_address>
         <size>0x34</size>
         <input_file_ref idref="fl-3"/>
      </object_component>
      <object_component id="oc-344">
         <name>.text:SysCtlPeripheralEnable</name>
         <load_address>0x5d6c</load_address>
         <run_address>0x5d6c</run_address>
         <size>0x34</size>
         <input_file_ref idref="fl-146"/>
      </object_component>
      <object_component id="oc-834">
         <name>.text:USBHCDSetConfig</name>
         <load_address>0x5da0</load_address>
         <run_address>0x5da0</run_address>
         <size>0x34</size>
         <input_file_ref idref="fl-14b"/>
      </object_component>
      <object_component id="oc-13e">
         <name>.text:USBOTGRemovePower</name>
         <load_address>0x5dd4</load_address>
         <run_address>0x5dd4</run_address>
         <size>0x34</size>
         <input_file_ref idref="fl-148"/>
      </object_component>
      <object_component id="oc-5dd">
         <name>.text:iDMAUSBChannelStatus</name>
         <load_address>0x5e08</load_address>
         <run_address>0x5e08</run_address>
         <size>0x34</size>
         <input_file_ref idref="fl-14f"/>
      </object_component>
      <object_component id="oc-9ee">
         <name>.text:NextConfigDescGet</name>
         <load_address>0x5e3c</load_address>
         <run_address>0x5e3c</run_address>
         <size>0x32</size>
         <input_file_ref idref="fl-152"/>
      </object_component>
      <object_component id="oc-510">
         <name>.text:USBDevEndpointStall</name>
         <load_address>0x5e6e</load_address>
         <run_address>0x5e6e</run_address>
         <size>0x32</size>
         <input_file_ref idref="fl-155"/>
      </object_component>
      <object_component id="oc-607">
         <name>.text:iDMAUSBChannelDisable</name>
         <load_address>0x5ea0</load_address>
         <run_address>0x5ea0</run_address>
         <size>0x32</size>
         <input_file_ref idref="fl-14f"/>
      </object_component>
      <object_component id="oc-5ad">
         <name>.text:DMAUSBIntHandler</name>
         <load_address>0x5ed2</load_address>
         <run_address>0x5ed2</run_address>
         <size>0x30</size>
         <input_file_ref idref="fl-14f"/>
      </object_component>
      <object_component id="oc-45a">
         <name>.text:InternalUSBTickInit</name>
         <load_address>0x5f04</load_address>
         <run_address>0x5f04</run_address>
         <size>0x30</size>
         <input_file_ref idref="fl-149"/>
      </object_component>
      <object_component id="oc-53d">
         <name>.text:USBDGetConfiguration</name>
         <load_address>0x5f34</load_address>
         <run_address>0x5f34</run_address>
         <size>0x30</size>
         <input_file_ref idref="fl-14d"/>
      </object_component>
      <object_component id="oc-3f0">
         <name>.text:USBEndpointDataPut</name>
         <load_address>0x5f64</load_address>
         <run_address>0x5f64</run_address>
         <size>0x30</size>
         <input_file_ref idref="fl-155"/>
      </object_component>
      <object_component id="oc-3b9">
         <name>.text:USBHCDEvents</name>
         <load_address>0x5f94</load_address>
         <run_address>0x5f94</run_address>
         <size>0x30</size>
         <input_file_ref idref="fl-3"/>
      </object_component>
      <object_component id="oc-7c7">
         <name>.text:USBHMSCBlockRead</name>
         <load_address>0x5fc4</load_address>
         <run_address>0x5fc4</run_address>
         <size>0x30</size>
         <input_file_ref idref="fl-14a"/>
      </object_component>
      <object_component id="oc-9d6">
         <name>.text:USBHMSCBlockWrite</name>
         <load_address>0x5ff4</load_address>
         <run_address>0x5ff4</run_address>
         <size>0x30</size>
         <input_file_ref idref="fl-14a"/>
      </object_component>
      <object_component id="oc-508">
         <name>.text:USBHMSCClose</name>
         <load_address>0x6024</load_address>
         <run_address>0x6024</run_address>
         <size>0x30</size>
         <input_file_ref idref="fl-14a"/>
      </object_component>
      <object_component id="oc-628">
         <name>.text:disk_initialize</name>
         <load_address>0x6054</load_address>
         <run_address>0x6054</run_address>
         <size>0x30</size>
         <input_file_ref idref="fl-8"/>
      </object_component>
      <object_component id="oc-634">
         <name>.text:disk_read</name>
         <load_address>0x6084</load_address>
         <run_address>0x6084</run_address>
         <size>0x30</size>
         <input_file_ref idref="fl-8"/>
      </object_component>
      <object_component id="oc-6a4">
         <name>.text</name>
         <load_address>0x60b4</load_address>
         <run_address>0x60b4</run_address>
         <size>0x30</size>
         <input_file_ref idref="fl-13e"/>
      </object_component>
      <object_component id="oc-16e">
         <name>.text:USBEndpointDataSend</name>
         <load_address>0x60e4</load_address>
         <run_address>0x60e4</run_address>
         <size>0x2e</size>
         <input_file_ref idref="fl-155"/>
      </object_component>
      <object_component id="oc-86b">
         <name>.text:USBHostHubAddrSet</name>
         <load_address>0x6112</load_address>
         <run_address>0x6112</run_address>
         <size>0x2e</size>
         <input_file_ref idref="fl-155"/>
      </object_component>
      <object_component id="oc-7db">
         <name>.text:move_window</name>
         <load_address>0x6140</load_address>
         <run_address>0x6140</run_address>
         <size>0x2e</size>
         <input_file_ref idref="fl-7"/>
      </object_component>
      <object_component id="oc-975">
         <name>.text:ConfigDescFree</name>
         <load_address>0x6170</load_address>
         <run_address>0x6170</run_address>
         <size>0x2c</size>
         <input_file_ref idref="fl-14b"/>
      </object_component>
      <object_component id="oc-8f0">
         <name>.text:FIFOFree</name>
         <load_address>0x619c</load_address>
         <run_address>0x619c</run_address>
         <size>0x2c</size>
         <input_file_ref idref="fl-14b"/>
      </object_component>
      <object_component id="oc-b2">
         <name>.text:InternalUSBHCDSendEvent</name>
         <load_address>0x61c8</load_address>
         <run_address>0x61c8</run_address>
         <size>0x2c</size>
         <input_file_ref idref="fl-14b"/>
      </object_component>
      <object_component id="oc-8cd">
         <name>.text:USBDescGet</name>
         <load_address>0x61f4</load_address>
         <run_address>0x61f4</run_address>
         <size>0x2c</size>
         <input_file_ref idref="fl-14e"/>
      </object_component>
      <object_component id="oc-8d3">
         <name>.text:USBDescGetAlternateInterface</name>
         <load_address>0x6220</load_address>
         <run_address>0x6220</run_address>
         <size>0x2c</size>
         <input_file_ref idref="fl-14e"/>
      </object_component>
      <object_component id="oc-232">
         <name>.text:f_mount</name>
         <load_address>0x624c</load_address>
         <run_address>0x624c</run_address>
         <size>0x2c</size>
         <input_file_ref idref="fl-7"/>
      </object_component>
      <object_component id="oc-5b3">
         <name>.text:uDMAUSBIntStatus</name>
         <load_address>0x6278</load_address>
         <run_address>0x6278</run_address>
         <size>0x2c</size>
         <input_file_ref idref="fl-14f"/>
      </object_component>
      <object_component id="oc-40c">
         <name>.text:GPIODirModeSet</name>
         <load_address>0x62a4</load_address>
         <run_address>0x62a4</run_address>
         <size>0x2a</size>
         <input_file_ref idref="fl-144"/>
      </object_component>
      <object_component id="oc-6fb">
         <name>.text:USBDCDConfigDescGetNum</name>
         <load_address>0x62ce</load_address>
         <run_address>0x62ce</run_address>
         <size>0x2a</size>
         <input_file_ref idref="fl-152"/>
      </object_component>
      <object_component id="oc-4f1">
         <name>.text:Cmd_pwd</name>
         <load_address>0x62f8</load_address>
         <run_address>0x62f8</run_address>
         <size>0x28</size>
         <input_file_ref idref="fl-3"/>
      </object_component>
      <object_component id="oc-52b">
         <name>.text:USBDSetAddress</name>
         <load_address>0x6320</load_address>
         <run_address>0x6320</run_address>
         <size>0x28</size>
         <input_file_ref idref="fl-14d"/>
      </object_component>
      <object_component id="oc-91f">
         <name>.text:USBDescGetNum</name>
         <load_address>0x6348</load_address>
         <run_address>0x6348</run_address>
         <size>0x28</size>
         <input_file_ref idref="fl-14e"/>
      </object_component>
      <object_component id="oc-198">
         <name>.text:USBHostEndpointStatusClear</name>
         <load_address>0x6370</load_address>
         <run_address>0x6370</run_address>
         <size>0x28</size>
         <input_file_ref idref="fl-155"/>
      </object_component>
      <object_component id="oc-466">
         <name>.text:USBIntEnableControl</name>
         <load_address>0x6398</load_address>
         <run_address>0x6398</run_address>
         <size>0x28</size>
         <input_file_ref idref="fl-155"/>
      </object_component>
      <object_component id="oc-75b">
         <name>.text:uDMAChannelModeGet</name>
         <load_address>0x63c0</load_address>
         <run_address>0x63c0</run_address>
         <size>0x28</size>
         <input_file_ref idref="fl-154"/>
      </object_component>
      <object_component id="oc-887">
         <name>.text:validate</name>
         <load_address>0x63e8</load_address>
         <run_address>0x63e8</run_address>
         <size>0x28</size>
         <input_file_ref idref="fl-7"/>
      </object_component>
      <object_component id="oc-8dc">
         <name>.text:USBEndpointDataToggleClear</name>
         <load_address>0x6410</load_address>
         <run_address>0x6410</run_address>
         <size>0x26</size>
         <input_file_ref idref="fl-155"/>
      </object_component>
      <object_component id="oc-84c">
         <name>.text:USBHostSpeedGet</name>
         <load_address>0x6436</load_address>
         <run_address>0x6436</run_address>
         <size>0x26</size>
         <input_file_ref idref="fl-155"/>
      </object_component>
      <object_component id="oc-38a">
         <name>.text:GetTickms</name>
         <load_address>0x645c</load_address>
         <run_address>0x645c</run_address>
         <size>0x24</size>
         <input_file_ref idref="fl-3"/>
      </object_component>
      <object_component id="oc-2c4">
         <name>.text:USBDevEndpointDataAck</name>
         <load_address>0x6480</load_address>
         <run_address>0x6480</run_address>
         <size>0x24</size>
         <input_file_ref idref="fl-155"/>
      </object_component>
      <object_component id="oc-735">
         <name>.text:USBEndpointDMADisable</name>
         <load_address>0x64a4</load_address>
         <run_address>0x64a4</run_address>
         <size>0x24</size>
         <input_file_ref idref="fl-155"/>
      </object_component>
      <object_component id="oc-749">
         <name>.text:USBEndpointDMAEnable</name>
         <load_address>0x64c8</load_address>
         <run_address>0x64c8</run_address>
         <size>0x24</size>
         <input_file_ref idref="fl-155"/>
      </object_component>
      <object_component id="oc-722">
         <name>.text:uDMAChannelControlSet</name>
         <load_address>0x64ec</load_address>
         <run_address>0x64ec</run_address>
         <size>0x24</size>
         <input_file_ref idref="fl-154"/>
      </object_component>
      <object_component id="oc-5a7">
         <name>.text:uDMAUSBChannelStatus</name>
         <load_address>0x6510</load_address>
         <run_address>0x6510</run_address>
         <size>0x22</size>
         <input_file_ref idref="fl-14f"/>
      </object_component>
      <object_component id="oc-917">
         <name>.text:GetEndpointFIFOSize</name>
         <load_address>0x6532</load_address>
         <run_address>0x6532</run_address>
         <size>0x20</size>
         <input_file_ref idref="fl-153"/>
      </object_component>
      <object_component id="oc-80f">
         <name>.text:HubDriverDeviceConnect</name>
         <load_address>0x6554</load_address>
         <run_address>0x6554</run_address>
         <size>0x20</size>
         <input_file_ref idref="fl-151"/>
      </object_component>
      <object_component id="oc-7f1">
         <name>.text:HubDriverDeviceReset</name>
         <load_address>0x6574</load_address>
         <run_address>0x6574</run_address>
         <size>0x20</size>
         <input_file_ref idref="fl-151"/>
      </object_component>
      <object_component id="oc-174">
         <name>.text:USBHostEndpointDataAck</name>
         <load_address>0x6594</load_address>
         <run_address>0x6594</run_address>
         <size>0x20</size>
         <input_file_ref idref="fl-155"/>
      </object_component>
      <object_component id="oc-214">
         <name>.text:USBStackModeSet</name>
         <load_address>0x65b4</load_address>
         <run_address>0x65b4</run_address>
         <size>0x20</size>
         <input_file_ref idref="fl-148"/>
      </object_component>
      <object_component id="oc-6bf">
         <name>.text:USBDescGetInterface</name>
         <load_address>0x65d4</load_address>
         <run_address>0x65d4</run_address>
         <size>0x1e</size>
         <input_file_ref idref="fl-14e"/>
      </object_component>
      <object_component id="oc-438">
         <name>.text:USBULPIRegRead</name>
         <load_address>0x65f2</load_address>
         <run_address>0x65f2</run_address>
         <size>0x1e</size>
         <input_file_ref idref="fl-155"/>
      </object_component>
      <object_component id="oc-43e">
         <name>.text:USBULPIRegWrite</name>
         <load_address>0x6610</load_address>
         <run_address>0x6610</run_address>
         <size>0x1e</size>
         <input_file_ref idref="fl-155"/>
      </object_component>
      <object_component id="oc-4a2">
         <name>.text:ld_clust</name>
         <load_address>0x662e</load_address>
         <run_address>0x662e</run_address>
         <size>0x1e</size>
         <input_file_ref idref="fl-7"/>
      </object_component>
      <object_component id="oc-69e">
         <name>.text</name>
         <load_address>0x664c</load_address>
         <run_address>0x664c</run_address>
         <size>0x1e</size>
         <input_file_ref idref="fl-13a"/>
      </object_component>
      <object_component id="oc-252">
         <name>.text:MSCCallback</name>
         <load_address>0x666c</load_address>
         <run_address>0x666c</run_address>
         <size>0x1c</size>
         <input_file_ref idref="fl-3"/>
      </object_component>
      <object_component id="oc-97b">
         <name>.text:OTGDeviceDisconnect</name>
         <load_address>0x6688</load_address>
         <run_address>0x6688</run_address>
         <size>0x1c</size>
         <input_file_ref idref="fl-148"/>
      </object_component>
      <object_component id="oc-384">
         <name>.text:UARTgetc</name>
         <load_address>0x66a4</load_address>
         <run_address>0x66a4</run_address>
         <size>0x1c</size>
         <input_file_ref idref="fl-5"/>
      </object_component>
      <object_component id="oc-701">
         <name>.text:USBDCDConfigGetInterface</name>
         <load_address>0x66c0</load_address>
         <run_address>0x66c0</run_address>
         <size>0x1c</size>
         <input_file_ref idref="fl-152"/>
      </object_component>
      <object_component id="oc-3dd">
         <name>.text:USBDCDStallEP0</name>
         <load_address>0x66dc</load_address>
         <run_address>0x66dc</run_address>
         <size>0x1c</size>
         <input_file_ref idref="fl-14d"/>
      </object_component>
      <object_component id="oc-192">
         <name>.text:USBEndpointDataAvail</name>
         <load_address>0x66f8</load_address>
         <run_address>0x66f8</run_address>
         <size>0x1c</size>
         <input_file_ref idref="fl-155"/>
      </object_component>
      <object_component id="oc-619">
         <name>.text:USBHostPwrConfig</name>
         <load_address>0x6714</load_address>
         <run_address>0x6714</run_address>
         <size>0x1c</size>
         <input_file_ref idref="fl-155"/>
      </object_component>
      <object_component id="oc-2f5">
         <name>.text:_SysCtlMemTimingGet</name>
         <load_address>0x6730</load_address>
         <run_address>0x6730</run_address>
         <size>0x1c</size>
         <input_file_ref idref="fl-146"/>
      </object_component>
      <object_component id="oc-7e1">
         <name>.text:mem_cmp</name>
         <load_address>0x674c</load_address>
         <run_address>0x674c</run_address>
         <size>0x1c</size>
         <input_file_ref idref="fl-7"/>
      </object_component>
      <object_component id="oc-20e">
         <name>.text:UARTprintf</name>
         <load_address>0x6768</load_address>
         <run_address>0x6768</run_address>
         <size>0x1a</size>
         <input_file_ref idref="fl-5"/>
      </object_component>
      <object_component id="oc-729">
         <name>.text:USBEndpointDMAChannel</name>
         <load_address>0x6782</load_address>
         <run_address>0x6782</run_address>
         <size>0x1a</size>
         <input_file_ref idref="fl-155"/>
      </object_component>
      <object_component id="oc-144">
         <name>.text:USBOTGSessionRequest</name>
         <load_address>0x679c</load_address>
         <run_address>0x679c</run_address>
         <size>0x1a</size>
         <input_file_ref idref="fl-155"/>
      </object_component>
      <object_component id="oc-3ea">
         <name>.text:USBDCDConfigDescGetSize</name>
         <load_address>0x67b6</load_address>
         <run_address>0x67b6</run_address>
         <size>0x18</size>
         <input_file_ref idref="fl-152"/>
      </object_component>
      <object_component id="oc-537">
         <name>.text:USBDSetDescriptor</name>
         <load_address>0x67d0</load_address>
         <run_address>0x67d0</run_address>
         <size>0x18</size>
         <input_file_ref idref="fl-14d"/>
      </object_component>
      <object_component id="oc-555">
         <name>.text:USBDSyncFrame</name>
         <load_address>0x67e8</load_address>
         <run_address>0x67e8</run_address>
         <size>0x18</size>
         <input_file_ref idref="fl-14d"/>
      </object_component>
      <object_component id="oc-840">
         <name>.text:USBHHubEnumerationComplete</name>
         <load_address>0x6800</load_address>
         <run_address>0x6800</run_address>
         <size>0x18</size>
         <input_file_ref idref="fl-151"/>
      </object_component>
      <object_component id="oc-858">
         <name>.text:USBHHubEnumerationError</name>
         <load_address>0x6818</load_address>
         <run_address>0x6818</run_address>
         <size>0x18</size>
         <input_file_ref idref="fl-151"/>
      </object_component>
      <object_component id="oc-8f6">
         <name>.text:USBHostRequestINClear</name>
         <load_address>0x6830</load_address>
         <run_address>0x6830</run_address>
         <size>0x18</size>
         <input_file_ref idref="fl-155"/>
      </object_component>
      <object_component id="oc-650">
         <name>.text:clust2sect</name>
         <load_address>0x6848</load_address>
         <run_address>0x6848</run_address>
         <size>0x18</size>
         <input_file_ref idref="fl-7"/>
      </object_component>
      <object_component id="oc-82">
         <name>.text</name>
         <load_address>0x6860</load_address>
         <run_address>0x6860</run_address>
         <size>0x18</size>
         <input_file_ref idref="fl-141"/>
      </object_component>
      <object_component id="oc-3a9">
         <name>.text</name>
         <load_address>0x6878</load_address>
         <run_address>0x6878</run_address>
         <size>0x18</size>
         <input_file_ref idref="fl-13b"/>
      </object_component>
      <object_component id="oc-73c">
         <name>.text:uDMAChannelDisable</name>
         <load_address>0x6890</load_address>
         <run_address>0x6890</run_address>
         <size>0x18</size>
         <input_file_ref idref="fl-154"/>
      </object_component>
      <object_component id="oc-74f">
         <name>.text:uDMAChannelEnable</name>
         <load_address>0x68a8</load_address>
         <run_address>0x68a8</run_address>
         <size>0x18</size>
         <input_file_ref idref="fl-154"/>
      </object_component>
      <object_component id="oc-6c5">
         <name>.text:USBDescGetInterfaceEndpoint</name>
         <load_address>0x68c0</load_address>
         <run_address>0x68c0</run_address>
         <size>0x16</size>
         <input_file_ref idref="fl-14e"/>
      </object_component>
      <object_component id="oc-865">
         <name>.text:USBHostAddrSet</name>
         <load_address>0x68d6</load_address>
         <run_address>0x68d6</run_address>
         <size>0x16</size>
         <input_file_ref idref="fl-155"/>
      </object_component>
      <object_component id="oc-8c4">
         <name>.text:mem_cpy</name>
         <load_address>0x68ec</load_address>
         <run_address>0x68ec</run_address>
         <size>0x16</size>
         <input_file_ref idref="fl-7"/>
      </object_component>
      <object_component id="oc-34a">
         <name>.text:SysCtlUSBPLLEnable</name>
         <load_address>0x6904</load_address>
         <run_address>0x6904</run_address>
         <size>0x14</size>
         <input_file_ref idref="fl-146"/>
      </object_component>
      <object_component id="oc-7ae">
         <name>.text:USBDMAChannelConfigSet</name>
         <load_address>0x6918</load_address>
         <run_address>0x6918</run_address>
         <size>0x14</size>
         <input_file_ref idref="fl-155"/>
      </object_component>
      <object_component id="oc-220">
         <name>.text:USBHMSCDriveOpen</name>
         <load_address>0x692c</load_address>
         <run_address>0x692c</run_address>
         <size>0x14</size>
         <input_file_ref idref="fl-14a"/>
      </object_component>
      <object_component id="oc-98d">
         <name>.text:USBHostReset</name>
         <load_address>0x6940</load_address>
         <run_address>0x6940</run_address>
         <size>0x14</size>
         <input_file_ref idref="fl-155"/>
      </object_component>
      <object_component id="oc-2b0">
         <name>.text:USBHostResume</name>
         <load_address>0x6954</load_address>
         <run_address>0x6954</run_address>
         <size>0x14</size>
         <input_file_ref idref="fl-155"/>
      </object_component>
      <object_component id="oc-81b">
         <name>.text:USBHubPortSpeedSet</name>
         <load_address>0x6968</load_address>
         <run_address>0x6968</run_address>
         <size>0x14</size>
         <input_file_ref idref="fl-151"/>
      </object_component>
      <object_component id="oc-46c">
         <name>.text:USBIntEnableEndpoint</name>
         <load_address>0x697c</load_address>
         <run_address>0x697c</run_address>
         <size>0x14</size>
         <input_file_ref idref="fl-155"/>
      </object_component>
      <object_component id="oc-9e4">
         <name>.text:_USBIndexWrite</name>
         <load_address>0x6990</load_address>
         <run_address>0x6990</run_address>
         <size>0x14</size>
         <input_file_ref idref="fl-155"/>
      </object_component>
      <object_component id="oc-7ce">
         <name>.text:mem_set</name>
         <load_address>0x69a4</load_address>
         <run_address>0x69a4</run_address>
         <size>0x14</size>
         <input_file_ref idref="fl-7"/>
      </object_component>
      <object_component id="oc-26c">
         <name>.text</name>
         <load_address>0x69b8</load_address>
         <run_address>0x69b8</run_address>
         <size>0x14</size>
         <input_file_ref idref="fl-140"/>
      </object_component>
      <object_component id="oc-692">
         <name>.text</name>
         <load_address>0x69cc</load_address>
         <run_address>0x69cc</run_address>
         <size>0x14</size>
         <input_file_ref idref="fl-13c"/>
      </object_component>
      <object_component id="oc-698">
         <name>.text</name>
         <load_address>0x69e0</load_address>
         <run_address>0x69e0</run_address>
         <size>0x14</size>
         <input_file_ref idref="fl-13d"/>
      </object_component>
      <object_component id="oc-312">
         <name>.text:GPIOPinTypeEthernetLED</name>
         <load_address>0x69f4</load_address>
         <run_address>0x69f4</run_address>
         <size>0x12</size>
         <input_file_ref idref="fl-144"/>
      </object_component>
      <object_component id="oc-82e">
         <name>.text:SendUnknownConnect</name>
         <load_address>0x6a06</load_address>
         <run_address>0x6a06</run_address>
         <size>0x12</size>
         <input_file_ref idref="fl-14b"/>
      </object_component>
      <object_component id="oc-77f">
         <name>.text:USBDMAChannelDisable</name>
         <load_address>0x6a18</load_address>
         <run_address>0x6a18</run_address>
         <size>0x12</size>
         <input_file_ref idref="fl-155"/>
      </object_component>
      <object_component id="oc-7b4">
         <name>.text:USBDMAChannelEnable</name>
         <load_address>0x6a2a</load_address>
         <run_address>0x6a2a</run_address>
         <size>0x12</size>
         <input_file_ref idref="fl-155"/>
      </object_component>
      <object_component id="oc-79b">
         <name>.text:USBDMAChannelIntDisable</name>
         <load_address>0x6a3c</load_address>
         <run_address>0x6a3c</run_address>
         <size>0x12</size>
         <input_file_ref idref="fl-155"/>
      </object_component>
      <object_component id="oc-794">
         <name>.text:USBDMAChannelIntEnable</name>
         <load_address>0x6a4e</load_address>
         <run_address>0x6a4e</run_address>
         <size>0x12</size>
         <input_file_ref idref="fl-155"/>
      </object_component>
      <object_component id="oc-47e">
         <name>.text:USBHostLPMConfig</name>
         <load_address>0x6a60</load_address>
         <run_address>0x6a60</run_address>
         <size>0x12</size>
         <input_file_ref idref="fl-155"/>
      </object_component>
      <object_component id="oc-99a">
         <name>.text:USBHostRequestIN</name>
         <load_address>0x6a72</load_address>
         <run_address>0x6a72</run_address>
         <size>0x12</size>
         <input_file_ref idref="fl-155"/>
      </object_component>
      <object_component id="oc-7d4">
         <name>.text:chk_chr</name>
         <load_address>0x6a84</load_address>
         <run_address>0x6a84</run_address>
         <size>0x12</size>
         <input_file_ref idref="fl-7"/>
      </object_component>
      <object_component id="oc-42">
         <name>.text:SysTickIntHandler</name>
         <load_address>0x6a98</load_address>
         <run_address>0x6a98</run_address>
         <size>0x10</size>
         <input_file_ref idref="fl-3"/>
      </object_component>
      <object_component id="oc-180">
         <name>.text:USBEndpointStatus</name>
         <load_address>0x6aa8</load_address>
         <run_address>0x6aa8</run_address>
         <size>0x10</size>
         <input_file_ref idref="fl-155"/>
      </object_component>
      <object_component id="oc-a0">
         <name>.text:USBHCDPowerAutomatic</name>
         <load_address>0x6ab8</load_address>
         <run_address>0x6ab8</run_address>
         <size>0x10</size>
         <input_file_ref idref="fl-14b"/>
      </object_component>
      <object_component id="oc-21a">
         <name>.text:USBHCDRegisterDrivers</name>
         <load_address>0x6ac8</load_address>
         <run_address>0x6ac8</run_address>
         <size>0x10</size>
         <input_file_ref idref="fl-14b"/>
      </object_component>
      <object_component id="oc-622">
         <name>.text:disk_status</name>
         <load_address>0x6ad8</load_address>
         <run_address>0x6ad8</run_address>
         <size>0x10</size>
         <input_file_ref idref="fl-8"/>
      </object_component>
      <object_component id="oc-8b1">
         <name>.text:st_clust</name>
         <load_address>0x6ae8</load_address>
         <run_address>0x6ae8</run_address>
         <size>0x10</size>
         <input_file_ref idref="fl-7"/>
      </object_component>
      <object_component id="oc-5b9">
         <name>.text:DMAUSBIntStatusClear</name>
         <load_address>0x6af8</load_address>
         <run_address>0x6af8</run_address>
         <size>0xe</size>
         <input_file_ref idref="fl-14f"/>
      </object_component>
      <object_component id="oc-786">
         <name>.text:USBDMAChannelStatus</name>
         <load_address>0x6b06</load_address>
         <run_address>0x6b06</run_address>
         <size>0xe</size>
         <input_file_ref idref="fl-155"/>
      </object_component>
      <object_component id="oc-1bc">
         <name>.text:USBDevLPMEnable</name>
[...]
         <name>USBHCDPipeWrite</name>
         <value>0x2519</value>
         <object_component_ref idref="oc-878"/>
      </symbol>
      <symbol id="sm-b6f">
         <name>USBHCDRegisterDrivers</name>
         <value>0x6ac9</value>
         <object_component_ref idref="oc-21a"/>
      </symbol>
      <symbol id="sm-b70">
         <name>USBHCDHubDeviceConnected</name>
         <value>0x4f89</value>
         <object_component_ref idref="oc-7f7"/>
      </symbol>
      <symbol id="sm-b71">
         <name>USBHCDPowerConfigSet</name>
         <value>0x543d</value>
         <object_component_ref idref="oc-478"/>
      </symbol>
      <symbol id="sm-b72">
         <name>USBHCDReset</name>
         <value>0x5bb9</value>
         <object_component_ref idref="oc-846"/>
      </symbol>
      <symbol id="sm-b73">
         <name>USBHostIntHandlerInternal</name>
         <value>0x201</value>
         <object_component_ref idref="oc-b8"/>
      </symbol>
      <symbol id="sm-b74">
         <name>USBHCDInit</name>
         <value>0x2c81</value>
         <object_component_ref idref="oc-22c"/>
      </symbol>
      <symbol id="sm-b75">
         <name>USBHCDMain</name>
         <value>0x32e9</value>
         <object_component_ref idref="oc-4b2"/>
      </symbol>
      <symbol id="sm-b76">
         <name>USBHCDPipeRead</name>
         <value>0x2015</value>
         <object_component_ref idref="oc-87e"/>
      </symbol>
      <symbol id="sm-b77">
         <name>USBHCDPowerAutomatic</name>
         <value>0x6ab9</value>
         <object_component_ref idref="oc-a0"/>
      </symbol>
      <symbol id="sm-b78">
         <name>ConfigDescFree</name>
         <value>0x6171</value>
         <object_component_ref idref="oc-975"/>
      </symbol>
      <symbol id="sm-b79">
         <name>USBHCDControlTransfer</name>
         <value>0x2d75</value>
         <object_component_ref idref="oc-66a"/>
      </symbol>
      <symbol id="sm-b7a">
         <name>USBHostCheckPipes</name>
         <value>0x4ca5</value>
         <object_component_ref idref="oc-657"/>
      </symbol>
      <symbol id="sm-b7b">
         <name>USBHCDPipeAllocSize</name>
         <value>0x131d</value>
         <object_component_ref idref="oc-6cb"/>
      </symbol>
      <symbol id="sm-b7c">
         <name>InternalUSBHCDSendEvent</name>
         <value>0x61c9</value>
         <object_component_ref idref="oc-b2"/>
      </symbol>
      <symbol id="sm-b7d">
         <name>USBHCDPipeFree</name>
         <value>0x2e65</value>
         <object_component_ref idref="oc-6d8"/>
      </symbol>
      <symbol id="sm-b7e">
         <name>USBHCDSetConfig</name>
         <value>0x5da1</value>
         <object_component_ref idref="oc-834"/>
      </symbol>
      <symbol id="sm-b7f">
         <name>ConfigDescAlloc</name>
         <value>0x4d65</value>
         <object_component_ref idref="oc-982"/>
      </symbol>
      <symbol id="sm-b80">
         <name>USBHCDPipeConfig</name>
         <value>0x34a1</value>
         <object_component_ref idref="oc-6d1"/>
      </symbol>
      <symbol id="sm-bc8">
         <name>USBHSCSITestUnitReady</name>
         <value>0x5bf1</value>
         <object_component_ref idref="oc-4d1"/>
      </symbol>
      <symbol id="sm-bc9">
         <name>USBHSCSIInquiry</name>
         <value>0x59d7</value>
         <object_component_ref idref="oc-4c5"/>
      </symbol>
      <symbol id="sm-bca">
         <name>USBHSCSIRead10</name>
         <value>0x4e1d</value>
         <object_component_ref idref="oc-949"/>
      </symbol>
      <symbol id="sm-bcb">
         <name>USBHSCSIWrite10</name>
         <value>0x4e79</value>
         <object_component_ref idref="oc-a13"/>
      </symbol>
      <symbol id="sm-bcc">
         <name>USBHSCSIReadCapacity</name>
         <value>0x5a15</value>
         <object_component_ref idref="oc-4cb"/>
      </symbol>
      <symbol id="sm-bcd">
         <name>USBHSCSIRequestSense</name>
         <value>0x5acd</value>
         <object_component_ref idref="oc-4bf"/>
      </symbol>
      <symbol id="sm-d2a">
         <name>g_ppsDevInfo</name>
         <value>0x20000f38</value>
      </symbol>
      <symbol id="sm-d2b">
         <name>USBDCDStallEP0</name>
         <value>0x66dd</value>
         <object_component_ref idref="oc-3dd"/>
      </symbol>
      <symbol id="sm-d2c">
         <name>USBDeviceEnumHandler</name>
         <value>0x33c9</value>
         <object_component_ref idref="oc-1c2"/>
      </symbol>
      <symbol id="sm-d2d">
         <name>USBDeviceEnumResetHandler</name>
         <value>0x5691</value>
         <object_component_ref idref="oc-1b0"/>
      </symbol>
      <symbol id="sm-d2e">
         <name>g_psDCDInst</name>
         <value>0x20000da0</value>
         <object_component_ref idref="oc-1d1"/>
      </symbol>
      <symbol id="sm-d2f">
         <name>USBDeviceIntHandlerInternal</name>
         <value>0x1ec5</value>
         <object_component_ref idref="oc-be"/>
      </symbol>
      <symbol id="sm-d30">
         <name>USBDeviceResumeTickHandler</name>
         <value>0x51d1</value>
         <object_component_ref idref="oc-1b6"/>
      </symbol>
      <symbol id="sm-d6d">
         <name>USBDescGetInterfaceEndpoint</name>
         <value>0x68c1</value>
         <object_component_ref idref="oc-6c5"/>
      </symbol>
      <symbol id="sm-d6e">
         <name>USBDescGetInterface</name>
         <value>0x65d5</value>
         <object_component_ref idref="oc-6bf"/>
      </symbol>
      <symbol id="sm-d6f">
         <name>USBDescGet</name>
         <value>0x61f5</value>
         <object_component_ref idref="oc-8cd"/>
      </symbol>
      <symbol id="sm-d70">
         <name>USBDescGetNum</name>
         <value>0x6349</value>
         <object_component_ref idref="oc-91f"/>
      </symbol>
      <symbol id="sm-eb8">
         <name>USBLibDMAAddrGet</name>
         <value>0x6beb</value>
         <object_component_ref idref="oc-18c"/>
      </symbol>
      <symbol id="sm-eb9">
         <name>USBLibDMAInit</name>
         <value>0x1939</value>
         <object_component_ref idref="oc-454"/>
      </symbol>
      <symbol id="sm-ec6">
         <name>ULPIConfigSet</name>
         <value>0x508d</value>
         <object_component_ref idref="oc-35c"/>
      </symbol>
      <symbol id="sm-f75">
         <name>USBHHubInit</name>
         <value>0x5721</value>
         <object_component_ref idref="oc-44e"/>
      </symbol>
      <symbol id="sm-f76">
         <name>USBHHubMain</name>
         <value>0x17c1</value>
         <object_component_ref idref="oc-65d"/>
      </symbol>
      <symbol id="sm-f77">
         <name>USBHHubEnumerationComplete</name>
         <value>0x6801</value>
         <object_component_ref idref="oc-840"/>
      </symbol>
      <symbol id="sm-f78">
         <name>USBHHubEnumerationError</name>
         <value>0x6819</value>
         <object_component_ref idref="oc-858"/>
      </symbol>
      <symbol id="sm-fc8">
         <name>USBDCDConfigDescGet</name>
         <value>0x5181</value>
         <object_component_ref idref="oc-8ff"/>
      </symbol>
      <symbol id="sm-fc9">
         <name>USBDCDConfigGetInterface</name>
         <value>0x66c1</value>
         <object_component_ref idref="oc-701"/>
      </symbol>
      <symbol id="sm-fca">
         <name>USBDCDConfigDescGetSize</name>
         <value>0x67b7</value>
         <object_component_ref idref="oc-3ea"/>
      </symbol>
      <symbol id="sm-fcb">
         <name>USBDCDConfigGetInterfaceEndpoint</name>
         <value>0x5b45</value>
         <object_component_ref idref="oc-905"/>
      </symbol>
      <symbol id="sm-fcc">
         <name>USBDCDConfigDescGetNum</name>
         <value>0x62cf</value>
         <object_component_ref idref="oc-6fb"/>
      </symbol>
      <symbol id="sm-1019">
         <name>USBDeviceConfigAlternate</name>
         <value>0x3ed5</value>
         <object_component_ref idref="oc-707"/>
      </symbol>
      <symbol id="sm-101a">
         <name>USBDeviceConfig</name>
         <value>0x22a9</value>
         <object_component_ref idref="oc-6f3"/>
      </symbol>
      <symbol id="sm-1065">
         <name>uDMAChannelControlSet</name>
         <value>0x64ed</value>
         <object_component_ref idref="oc-722"/>
      </symbol>
      <symbol id="sm-1066">
         <name>uDMAChannelDisable</name>
         <value>0x6891</value>
         <object_component_ref idref="oc-73c"/>
      </symbol>
      <symbol id="sm-1067">
         <name>uDMAChannelModeGet</name>
         <value>0x63c1</value>
         <object_component_ref idref="oc-75b"/>
      </symbol>
      <symbol id="sm-1068">
         <name>uDMAChannelTransferSet</name>
         <value>0x40f9</value>
         <object_component_ref idref="oc-76a"/>
      </symbol>
      <symbol id="sm-1069">
         <name>uDMAChannelAttributeDisable</name>
         <value>0x5841</value>
         <object_component_ref idref="oc-72f"/>
      </symbol>
      <symbol id="sm-106a">
         <name>uDMAChannelEnable</name>
         <value>0x68a9</value>
         <object_component_ref idref="oc-74f"/>
      </symbol>
      <symbol id="sm-12ba">
         <name>USBHostRequestINClear</name>
         <value>0x6831</value>
         <object_component_ref idref="oc-8f6"/>
      </symbol>
      <symbol id="sm-12bb">
         <name>USBLPMIntEnable</name>
         <value>0x6b8d</value>
         <object_component_ref idref="oc-484"/>
      </symbol>
      <symbol id="sm-12bc">
         <name>USBEndpointDataAvail</name>
         <value>0x66f9</value>
         <object_component_ref idref="oc-192"/>
      </symbol>
      <symbol id="sm-12bd">
         <name>USBClockEnable</name>
         <value>0x6ba5</value>
         <object_component_ref idref="oc-350"/>
      </symbol>
      <symbol id="sm-12be">
         <name>USBDevDisconnect</name>
         <value>0x6bcd</value>
         <object_component_ref idref="oc-1c8"/>
      </symbol>
      <symbol id="sm-12bf">
         <name>USBDevEndpointStallClear</name>
         <value>0x52bf</value>
         <object_component_ref idref="oc-6e1"/>
      </symbol>
      <symbol id="sm-12c0">
         <name>USBEndpointDataPut</name>
         <value>0x5f65</value>
         <object_component_ref idref="oc-3f0"/>
      </symbol>
      <symbol id="sm-12c1">
         <name>USBDMAChannelIntStatus</name>
         <value>0x6c4d</value>
         <object_component_ref idref="oc-78d"/>
      </symbol>
      <symbol id="sm-12c2">
         <name>USBDevAddrSet</name>
         <value>0x6c69</value>
         <object_component_ref idref="oc-2be"/>
      </symbol>
      <symbol id="sm-12c3">
         <name>USBDMAChannelCountSet</name>
         <value>0x6bc3</value>
         <object_component_ref idref="oc-7a8"/>
      </symbol>
      <symbol id="sm-12c4">
         <name>USBLPMIntStatus</name>
         <value>0x6c53</value>
         <object_component_ref idref="oc-168"/>
      </symbol>
      <symbol id="sm-12c5">
         <name>USBDMAChannelAddressSet</name>
         <value>0x6bb9</value>
         <object_component_ref idref="oc-7a2"/>
      </symbol>
      <symbol id="sm-12c6">
         <name>USBHostHubAddrSet</name>
         <value>0x6113</value>
         <object_component_ref idref="oc-86b"/>
      </symbol>
      <symbol id="sm-12c7">
         <name>USBULPIDisable</name>
         <value>0x6b3f</value>
         <object_component_ref idref="oc-362"/>
      </symbol>
      <symbol id="sm-12c8">
         <name>USBIntStatusControl</name>
         <value>0x5c29</value>
         <object_component_ref idref="oc-9a"/>
      </symbol>
      <symbol id="sm-12c9">
         <name>USBNumEndpointsGet</name>
         <value>0x6bff</value>
         <object_component_ref idref="oc-448"/>
      </symbol>
      <symbol id="sm-12ca">
         <name>USBEndpointDMADisable</name>
         <value>0x64a5</value>
         <object_component_ref idref="oc-735"/>
      </symbol>
      <symbol id="sm-12cb">
         <name>USBOTGSessionRequest</name>
         <value>0x679d</value>
         <object_component_ref idref="oc-144"/>
      </symbol>
      <symbol id="sm-12cc">
         <name>USBDevEndpointDataAck</name>
         <value>0x6481</value>
         <object_component_ref idref="oc-2c4"/>
      </symbol>
      <symbol id="sm-12cd">
         <name>USBFIFOFlush</name>
         <value>0x56d9</value>
         <object_component_ref idref="oc-9ac"/>
      </symbol>
      <symbol id="sm-12ce">
         <name>USBOTGMode</name>
         <value>0x6c21</value>
         <object_component_ref idref="oc-15c"/>
      </symbol>
      <symbol id="sm-12cf">
         <name>USBDMAChannelConfigSet</name>
         <value>0x6919</value>
         <object_component_ref idref="oc-7ae"/>
      </symbol>
      <symbol id="sm-12d0">
         <name>USBULPIRegRead</name>
         <value>0x65f3</value>
         <object_component_ref idref="oc-438"/>
      </symbol>
      <symbol id="sm-12d1">
         <name>USBIntEnableEndpoint</name>
         <value>0x697d</value>
         <object_component_ref idref="oc-46c"/>
      </symbol>
      <symbol id="sm-12d2">
         <name>USBEndpointDataGet</name>
         <value>0x58cd</value>
         <object_component_ref idref="oc-186"/>
      </symbol>
      <symbol id="sm-12d3">
         <name>USBDevEndpointStatusClear</name>
         <value>0x4d05</value>
         <object_component_ref idref="oc-2b8"/>
      </symbol>
      <symbol id="sm-12d4">
         <name>USBULPIEnable</name>
         <value>0x6b4d</value>
         <object_component_ref idref="oc-356"/>
      </symbol>
      <symbol id="sm-12d5">
         <name>USBModeGet</name>
         <value>0x6bf5</value>
         <object_component_ref idref="oc-a6"/>
      </symbol>
      <symbol id="sm-12d6">
         <name>USBHostPwrDisable</name>
         <value>0x6b23</value>
         <object_component_ref idref="oc-1a1"/>
      </symbol>
      <symbol id="sm-12d7">
         <name>USBFIFOAddrGet</name>
         <value>0x6c09</value>
         <object_component_ref idref="oc-764"/>
      </symbol>
      <symbol id="sm-12d8">
         <name>USBHostEndpointStatusClear</name>
         <value>0x6371</value>
         <object_component_ref idref="oc-198"/>
      </symbol>
      <symbol id="sm-12d9">
         <name>USBDMAChannelStatus</name>
         <value>0x6b07</value>
         <object_component_ref idref="oc-786"/>
      </symbol>
      <symbol id="sm-12da">
         <name>USBULPIRegWrite</name>
         <value>0x6611</value>
         <object_component_ref idref="oc-43e"/>
      </symbol>
      <symbol id="sm-12db">
         <name>USBHostSuspend</name>
         <value>0x6bd7</value>
         <object_component_ref idref="oc-27e"/>
      </symbol>
      <symbol id="sm-12dc">
         <name>USBDMAChannelIntEnable</name>
         <value>0x6a4f</value>
         <object_component_ref idref="oc-794"/>
      </symbol>
      <symbol id="sm-12dd">
         <name>USBHostSpeedGet</name>
         <value>0x6437</value>
         <object_component_ref idref="oc-84c"/>
      </symbol>
      <symbol id="sm-12de">
         <name>USBHostAddrSet</name>
         <value>0x68d7</value>
         <object_component_ref idref="oc-865"/>
      </symbol>
      <symbol id="sm-12df">
         <name>USBDevLPMEnable</name>
         <value>0x6b15</value>
         <object_component_ref idref="oc-1bc"/>
      </symbol>
      <symbol id="sm-12e0">
         <name>USBControllerVersion</name>
         <value>0x6baf</value>
         <object_component_ref idref="oc-574"/>
      </symbol>
      <symbol id="sm-12e1">
         <name>USBFIFOConfigSet</name>
         <value>0x5b7f</value>
         <object_component_ref idref="oc-8e8"/>
      </symbol>
      <symbol id="sm-12e2">
         <name>USBHostEndpointConfig</name>
         <value>0x371d</value>
         <object_component_ref idref="oc-460"/>
      </symbol>
      <symbol id="sm-12e3">
         <name>USBEndpointDMAEnable</name>
         <value>0x64c9</value>
         <object_component_ref idref="oc-749"/>
      </symbol>
      <symbol id="sm-12e4">
         <name>USBHostRequestStatus</name>
         <value>0x6c19</value>
         <object_component_ref idref="oc-9a0"/>
      </symbol>
      <symbol id="sm-12e5">
         <name>USBEndpointDataSend</name>
         <value>0x60e5</value>
         <object_component_ref idref="oc-16e"/>
      </symbol>
      <symbol id="sm-12e6">
         <name>USBIntStatusEndpoint</name>
         <value>0x6be1</value>
         <object_component_ref idref="oc-17a"/>
      </symbol>
      <symbol id="sm-12e7">
         <name>USBEndpointDataToggleClear</name>
         <value>0x6411</value>
         <object_component_ref idref="oc-8dc"/>
      </symbol>
      <symbol id="sm-12e8">
         <name>USBHostMode</name>
         <value>0x6c11</value>
         <object_component_ref idref="oc-368"/>
      </symbol>
      <symbol id="sm-12e9">
         <name>USBHostPwrEnable</name>
         <value>0x6b31</value>
         <object_component_ref idref="oc-156"/>
      </symbol>
      <symbol id="sm-12ea">
         <name>USBHostReset</name>
         <value>0x6941</value>
         <object_component_ref idref="oc-98d"/>
      </symbol>
      <symbol id="sm-12eb">
         <name>USBHostEndpointDataAck</name>
         <value>0x6595</value>
         <object_component_ref idref="oc-174"/>
      </symbol>
      <symbol id="sm-12ec">
         <name>USBEndpointStatus</name>
         <value>0x6aa9</value>
         <object_component_ref idref="oc-180"/>
      </symbol>
      <symbol id="sm-12ed">
         <name>USBEndpointPacketCountSet</name>
         <value>0x6b69</value>
         <object_component_ref idref="oc-770"/>
      </symbol>
      <symbol id="sm-12ee">
         <name>USBDMAChannelIntDisable</name>
         <value>0x6a3d</value>
         <object_component_ref idref="oc-79b"/>
      </symbol>
      <symbol id="sm-12ef">
         <name>USBEndpointDMAConfigSet</name>
         <value>0x53f1</value>
         <object_component_ref idref="oc-776"/>
      </symbol>
      <symbol id="sm-12f0">
         <name>USBDevEndpointStall</name>
         <value>0x5e6f</value>
         <object_component_ref idref="oc-510"/>
      </symbol>
      <symbol id="sm-12f1">
         <name>USBHostRequestIN</name>
         <value>0x6a73</value>
         <object_component_ref idref="oc-99a"/>
      </symbol>
      <symbol id="sm-12f2">
         <name>USBHostPwrConfig</name>
         <value>0x6715</value>
         <object_component_ref idref="oc-619"/>
      </symbol>
      <symbol id="sm-12f3">
         <name>USBDevEndpointConfigSet</name>
         <value>0x4371</value>
         <object_component_ref idref="oc-911"/>
      </symbol>
      <symbol id="sm-12f4">
         <name>USBDMAChannelDisable</name>
         <value>0x6a19</value>
         <object_component_ref idref="oc-77f"/>
      </symbol>
      <symbol id="sm-12f5">
         <name>USBDMAChannelEnable</name>
         <value>0x6a2b</value>
         <object_component_ref idref="oc-7b4"/>
      </symbol>
      <symbol id="sm-12f6">
         <name>USBHostLPMConfig</name>
         <value>0x6a61</value>
         <object_component_ref idref="oc-47e"/>
      </symbol>
      <symbol id="sm-12f7">
         <name>USBHostResume</name>
         <value>0x6955</value>
         <object_component_ref idref="oc-2b0"/>
      </symbol>
      <symbol id="sm-12f8">
         <name>USBIntEnableControl</name>
         <value>0x6399</value>
         <object_component_ref idref="oc-466"/>
      </symbol>
      <symbol id="sm-12f9">
         <name>USBEndpointDMAChannel</name>
         <value>0x6783</value>
         <object_component_ref idref="oc-729"/>
      </symbol>
      <symbol id="sm-12fa">
         <name>__TI_static_base__</name>
         <value>0x0</value>
      </symbol>
      <symbol id="sm-12fd">
         <name>SHT$$INIT_ARRAY$$Limit</name>
         <value>0x0</value>
      </symbol>
      <symbol id="sm-12fe">
         <name>SHT$$INIT_ARRAY$$Base</name>
         <value>0x0</value>
      </symbol>
   </symbol_table>
   <title>Link successful</title>
</link_info>
