******************************************************************************
                  TI ARM Linker PC v5.2.2                      
******************************************************************************
>> Linked Fri Jul 10 12:21:30 2015

OUTPUT FILE NAME:   <enet_io.out>
ENTRY POINT SYMBOL: "_c_int00"  address: 000479b9


MEMORY CONFIGURATION

         name            origin    length      used     unused   attr    fill
----------------------  --------  ---------  --------  --------  ----  --------
  FLASH                 00000000   00100000  00048edc  000b7124  R  X
  SRAM                  20000000   00040000  00018048  00027fb8  RW X


SEGMENT ALLOCATION MAP

run origin  load origin   length   init length attrs members
----------  ----------- ---------- ----------- ----- -------
00000000    00000000    00048ee0   00048ee0    r-x
  00000000    00000000    00000200   00000200    r-- .intvecs
  00000200    00000200    000416d8   000416d8    r-- .const
  000418d8    000418d8    00007594   00007594    r-x .text
  00048e70    00048e70    00000070   00000070    r-- .cinit
20000000    20000000    00018048   00000000    rw-
  20000000    20000000    00017bc4   00000000    rw- .bss
  20017bc4    20017bc4    00000400   00000000    rw- .stack
  20017fc4    20017fc4    00000084   00000000    rw- .data


SECTION ALLOCATION MAP

 output                                  attributes/
section   page    origin      length       input sections
--------  ----  ----------  ----------   ----------------
.intvecs   0    00000000    00000200     
                  00000000    00000200     startup_ccs.obj (.intvecs)

.const     0    00000200    000416d8     
                  00000200    0002c026     io_fs.obj (.const:.string:data_block_jpg)
                  0002c226    0000b650     io_fs.obj (.const:.string:data_ek_tm4c1294xl_jpg)
                  00037876    00001da8     io_fs.obj (.const:.string:data_io_cgi_ssi)
                  0003961e    00001bfc     io_fs.obj (.const:.string:data_ti_jpg)
                  0003b21a    000010b8     io_fs.obj (.const:.string:data_javascript_js)
                  0003c2d2    00000d33     io_fs.obj (.const:.string:data_tm4c_jpg)
                  0003d005    00000b67     io_fs.obj (.const:.string:data_io_http_htm)
                  0003db6c    00000b18     io_fs.obj (.const:.string:data_perror_htm)
                  0003e684    000008ca     io_fs.obj (.const:.string:data_index_htm)
                  0003ef4e    0000071d     io_fs.obj (.const:.string:data_about_htm)
                  0003f66b    000006c3     io_fs.obj (.const:.string:data_favicon_ico)
                  0003fd2e    00000609     io_fs.obj (.const:.string:data_overview_htm)
                  00040337    00000604     io_fs.obj (.const:.string:data_styles_css)
                  0004093b    00000001     --HOLE-- [fill = 0]
                  0004093c    00000440     httpd.obj (.const:.string)
                  00040d7c    000001f8     io_fs.obj (.const:.string:data_block_htm)
                  00040f74    00000198     io_fs.obj (.const:.string:data_javascript_load_js)
                  0004110c    00000140     io_fs.obj (.const)
                  0004124c    0000012c     io_fs.obj (.const:.string:data_404_htm)
                  00041378    00000120     driverlib.lib : sysctl.obj (.const:g_pppui32XTALtoVCO)
                  00041498    0000009c                   : interrupt.obj (.const:g_pui32Regs)
                  00041534    0000008a     lwiplib.obj (.const:.string)
                  000415be    00000002     --HOLE-- [fill = 0]
                  000415c0    00000088     httpd.obj (.const:g_psHTTPHeaders)
                  00041648    00000070     driverlib.lib : interrupt.obj (.const)
                  000416b8    0000006c                   : sysctl.obj (.const:g_pui32Xtals)
                  00041724    00000068     httpd.obj (.const:g_psHTTPHeaderStrings)
                  0004178c    00000044     lwiplib.obj (.const)
                  000417d0    00000038     enet_io.obj (.const:.string)
                  00041808    00000030     driverlib.lib : sysctl.obj (.const:g_sXTALtoMEMTIM)
                  00041838    00000028     httpd.obj (.const:g_psDefaultFilenames)
                  00041860    0000001c     uartstdio.obj (.const)
                  0004187c    00000018     driverlib.lib : emac.obj (.const)
                  00041894    00000018     httpd.obj (.const)
                  000418ac    00000012     uartstdio.obj (.const:.string)
                  000418be    00000002     --HOLE-- [fill = 0]
                  000418c0    00000010     enet_io.obj (.const)
                  000418d0    00000008     driverlib.lib : sysctl.obj (.const)

.text      0    000418d8    00007594     
                  000418d8    000007bc     lwiplib.obj (.text:tcp_receive)
                  00042094    00000496     httpd.obj (.text:http_send_data)
                  0004252a    00000002     startup_ccs.obj (.text:FaultISR)
                  0004252c    000003d0     lwiplib.obj (.text:tcp_input)
                  000428fc    000003b0     lwiplib.obj (.text:tcp_process)
                  00042cac    000002ec     lwiplib.obj (.text:tcp_write)
                  00042f98    000002c8     lwiplib.obj (.text:tcp_slowtmr)
                  00043260    0000024d     ustdlib.obj (.text:uvsnprintf)
                  000434ad    00000001     --HOLE-- [fill = 0]
                  000434ae    00000002     startup_ccs.obj (.text:IntDefaultHandler)
                  000434b0    00000214     pinout.obj (.text:PinoutSet)
                  000436c4    00000204     driverlib.lib : sysctl.obj (.text:SysCtlClockFreqSet)
                  000438c8    000001ea     uartstdio.obj (.text:UARTvprintf)
                  00043ab2    00000002     startup_ccs.obj (.text:NmiSR)
                  00043ab4    000001c0     lwiplib.obj (.text:ip_input)
                  00043c74    000001bc     lwiplib.obj (.text:udp_input)
                  00043e30    000001b0     enet_io.obj (.text:main)
                  00043fe0    000001a4     lwiplib.obj (.text:icmp_input)
                  00044184    00000190     lwiplib.obj (.text:tcp_output)
                  00044314    00000148     lwiplib.obj (.text:tcp_close_shutdown)
                  0004445c    00000140     lwiplib.obj (.text:tivaif_receive)
                  0004459c    00000136     lwiplib.obj (.text:pbuf_alloc)
                  000446d2    00000130     driverlib.lib : gpio.obj (.text:GPIOPadConfigSet)
                  00044802    00000002     --HOLE-- [fill = 0]
                  00044804    00000124     lwiplib.obj (.text:etharp_arp_input)
                  00044928    00000120     io_fs.obj (.text:fs_open)
                  00044a48    00000118     lwiplib.obj (.text:etharp_output)
                  00044b60    00000114     lwiplib.obj (.text:etharp_query)
                  00044c74    00000114     httpd.obj (.text:http_find_file)
                  00044d88    00000114     lwiplib.obj (.text:tcp_listen_input)
                  00044e9c    00000100     lwiplib.obj (.text:tivaif_transmit)
                  00044f9c    000000f8     lwiplib.obj (.text:ip_output_if)
                  00045094    000000f8     lwiplib.obj (.text:mem_malloc)
                  0004518c    000000ec     httpd.obj (.text:get_http_headers)
                  00045278    000000ec     lwiplib.obj (.text:udp_sendto_if)
                  00045364    000000e8     lwiplib.obj (.text:mem_trim)
                  0004544c    000000e4     lwiplib.obj (.text:lwIPInit)
                  00045530    000000e0     lwiplib.obj (.text:etharp_find_entry)
                  00045610    000000d8     lwiplib.obj (.text:tcp_output_segment)
                  000456e8    000000d0     httpd.obj (.text:get_tag_insert)
                  000457b8    000000d0     lwiplib.obj (.text:tcp_alloc)
                  00045888    000000c4     lwiplib.obj (.text:InitDMADescriptors)
                  0004594c    000000c4     lwiplib.obj (.text:etharp_raw)
                  00045a10    000000bc     enet_io.obj (.text:SSIHandler)
                  00045acc    000000bc     lwiplib.obj (.text:tcp_create_segment)
                  00045b88    000000bc     lwiplib.obj (.text:tivaif_hwinit)
                  00045c44    000000b4     enet_io.obj (.text:lwIPHostTimerHandler)
                  00045cf8    000000ac     lwiplib.obj (.text:inet_chksum_pseudo)
                  00045da4    000000ac     lwiplib.obj (.text:tcp_zero_window_probe)
                  00045e50    000000a8     lwiplib.obj (.text:tcp_enqueue_flags)
                  00045ef8    000000a4     lwiplib.obj (.text:ethernet_input)
                  00045f9c    0000009e     httpd.obj (.text:http_parse_request)
                  0004603a    0000009c     rtsv7M4_T_le_v4SPD16_eabi.lib : memcpy_t2.obj (.text)
                  000460d6    00000002     --HOLE-- [fill = 0]
                  000460d8    0000009c     lwiplib.obj (.text:tcp_listen_with_backlog)
                  00046174    00000092     lwiplib.obj (.text:pbuf_copy)
                  00046206    00000002     --HOLE-- [fill = 0]
                  00046208    00000090     lwiplib.obj (.text:tcp_abandon)
                  00046298    00000090     lwiplib.obj (.text:tcp_rst)
                  00046328    0000008c     enet_io.obj (.text:ControlCGIHandler)
                  000463b4    00000088     locator.obj (.text:LocatorReceive)
                  0004643c    00000084     io.obj (.text:io_init)
                  000464c0    00000084     lwiplib.obj (.text:tcp_timewait_input)
                  00046544    00000080     lwiplib.obj (.text:lwIPPrivateInit)
                  000465c4    00000080     lwiplib.obj (.text:tcp_parseopt)
                  00046644    0000007c     lwiplib.obj (.text:tcp_bind)
                  000466c0    0000007c     lwiplib.obj (.text:tivaif_process_phy_interrupt)
                  0004673c    0000007a     rtsv7M4_T_le_v4SPD16_eabi.lib : memset_t2.obj (.text)
                  000467b6    00000002     --HOLE-- [fill = 0]
                  000467b8    00000079     httpd.obj (.text:http_init_file)
                  00046831    00000003     --HOLE-- [fill = 0]
                  00046834    00000078     driverlib.lib : emac.obj (.text:EMACInit)
                  000468ac    00000078     lwiplib.obj (.text:tcp_oos_insert_segment)
                  00046924    00000074     cgifuncs.obj (.text:CheckDecimalParam)
                  00046998    00000074     lwiplib.obj (.text:etharp_update_arp_entry)
                  00046a0c    00000074     lwiplib.obj (.text:raw_input)
                  00046a80    00000072     httpd.obj (.text:extract_uri_parameters)
                  00046af2    00000002     --HOLE-- [fill = 0]
                  00046af4    00000070     lwiplib.obj (.text:tcp_fasttmr)
                  00046b64    0000006c     lwiplib.obj (.text:icmp_send_response)
                  00046bd0    0000006c     lwiplib.obj (.text:memp_init)
                  00046c3c    0000006c     rtsv7M4_T_le_v4SPD16_eabi.lib : autoinit.obj (.text)
                  00046ca8    0000006a                                   : copy_decompress_rle.obj (.text)
                  00046d12    00000002     --HOLE-- [fill = 0]
                  00046d14    00000068     driverlib.lib : interrupt.obj (.text:IntEnable)
                  00046d7c    00000068     httpd.obj (.text:http_recv)
                  00046de4    00000068     lwiplib.obj (.text:lwip_standard_chksum)
                  00046e4c    00000068     lwiplib.obj (.text:pbuf_copy_partial)
                  00046eb4    00000068     lwiplib.obj (.text:sys_timeout)
                  00046f1c    00000068     lwiplib.obj (.text:tcp_output_alloc_header)
                  00046f84    00000068     lwiplib.obj (.text:tcp_process_refused_data)
                  00046fec    00000068     lwiplib.obj (.text:udp_bind)
                  00047054    00000064     enet_io.obj (.text:SetTextCGIHandler)
                  000470b8    00000064     lwiplib.obj (.text:mem_free)
                  0004711c    00000064     lwiplib.obj (.text:plug_holes)
                  00047180    00000062     lwiplib.obj (.text:pbuf_header)
                  000471e2    00000002     --HOLE-- [fill = 0]
                  000471e4    00000060     uartstdio.obj (.text:UARTStdioConfig)
                  00047244    0000005c     cgifuncs.obj (.text:DecodeFormString)
                  000472a0    0000005c     lwiplib.obj (.text:lwIPEthernetIntHandler)
                  000472fc    0000005c     lwiplib.obj (.text:mem_init)
                  00047358    0000005c     lwiplib.obj (.text:netif_set_ipaddr)
                  000473b4    0000005c     lwiplib.obj (.text:tcp_keepalive)
                  00047410    0000005c     lwiplib.obj (.text:tcp_pcb_remove)
                  0004746c    0000005c     lwiplib.obj (.text:tcp_send_empty_ack)
                  000474c8    0000005a     lwiplib.obj (.text:inet_chksum_pbuf)
                  00047522    0000005a     lwiplib.obj (.text:pbuf_realloc)
                  0004757c    00000058     driverlib.lib : emac.obj (.text:EMACPHYConfigSet)
                  000475d4    00000058     httpd.obj (.text:http_accept)
                  0004762c    00000058     lwiplib.obj (.text:memp_malloc)
                  00047684    00000056     lwiplib.obj (.text:tcp_rexmit)
                  000476da    00000002     --HOLE-- [fill = 0]
                  000476dc    00000054     locator.obj (.text:LocatorInit)
                  00047730    00000054     lwiplib.obj (.text:tcp_new_port)
                  00047784    00000052     lwiplib.obj (.text:tcp_pbuf_prealloc)
                  000477d6    00000052     lwiplib.obj (.text:tivaif_process_transmit)
                  00047828    00000050     driverlib.lib : sysctl.obj (.text:SysCtlPeripheralReset)
                  00047878    00000050     httpd.obj (.text:http_close_conn)
                  000478c8    00000050     io.obj (.text:io_set_timer)
                  00047918    00000050     lwiplib.obj (.text:lwIPServiceTimers)
                  00047968    00000050     lwiplib.obj (.text:netif_add)
                  000479b8    00000050     rtsv7M4_T_le_v4SPD16_eabi.lib : boot.obj (.text)
                  00047a08    00000050     lwiplib.obj (.text:tcp_write_checks)
                  00047a58    0000004e     lwiplib.obj (.text:pbuf_free)
                  00047aa6    00000002     --HOLE-- [fill = 0]
                  00047aa8    0000004c     lwiplib.obj (.text:ip_route)
                  00047af4    0000004c     rtsv7M4_T_le_v4SPD16_eabi.lib : cpy_tbl.obj (.text)
                  00047b40    0000004c     httpd.obj (.text:strnstr)
                  00047b8c    0000004c     lwiplib.obj (.text:tivaif_interrupt)
                  00047bd8    0000004c     lwiplib.obj (.text:udp_new_port)
                  00047c24    0000004b     httpd.obj (.text:http_get_404_file)
                  00047c6f    00000001     --HOLE-- [fill = 0]
                  00047c70    00000048     uartstdio.obj (.text:UARTwrite)
                  00047cb8    00000048     driverlib.lib : sysctl.obj (.text:_SysCtlFrequencyGet)
                  00047d00    00000048     lwiplib.obj (.text:etharp_output_to_arp_index)
                  00047d48    00000048     httpd.obj (.text:http_write)
                  00047d90    00000048     lwiplib.obj (.text:ip_output)
                  00047dd8    00000048     lwiplib.obj (.text:tcp_kill_prio)
                  00047e20    00000048     lwiplib.obj (.text:tcp_rexmit_fast)
                  00047e68    00000048     lwiplib.obj (.text:tivaif_check_pbuf)
                  00047eb0    00000046     lwiplib.obj (.text:tcp_send_fin)
                  00047ef6    00000002     --HOLE-- [fill = 0]
                  00047ef8    00000044     rtsv7M4_T_le_v4SPD16_eabi.lib : exit.obj (.text)
                  00047f3c    00000042                                   : u_divt2.obj (.text)
                  00047f7e    00000042     lwiplib.obj (.text:tcp_pcb_purge)
                  00047fc0    00000040     cgifuncs.obj (.text:DecodeHexEscape)
                  00048000    00000040     lwiplib.obj (.text:etharp_tmr)
                  00048040    0000003a     driverlib.lib : emac.obj (.text:EMACIntEnable)
                  0004807a    0000003a     io_fs.obj (.text:fs_read)
                  000480b4    00000038     enet_io.obj (.text:DisplayIPAddress)
                  000480ec    00000038     driverlib.lib : emac.obj (.text:EMACConfigGet)
                  00048124    00000038     locator.obj (.text:LocatorAppTitleSet)
                  0004815c    00000038     driverlib.lib : sysctl.obj (.text:SysCtlPeripheralReady)
                  00048194    00000038     httpd.obj (.text:httpd_init_addr)
                  000481cc    00000038     io.obj (.text:io_get_ledstate)
                  00048204    00000038     lwiplib.obj (.text:memp_free)
                  0004823c    00000038     lwiplib.obj (.text:tcpip_tcp_timer)
                  00048274    00000038     lwiplib.obj (.text:udp_sendto)
                  000482ac    00000036     ustdlib.obj (.text:ustrncmp)
                  000482e2    00000002     --HOLE-- [fill = 0]
                  000482e4    00000034     driverlib.lib : emac.obj (.text:EMACConfigSet)
                  00048318    00000034                   : emac.obj (.text:EMACIntClear)
                  0004834c    00000034     httpd.obj (.text:http_poll)
                  00048380    00000034     io.obj (.text:io_set_animation_speed_string)
                  000483b4    00000034     rtsv7M4_T_le_v4SPD16_eabi.lib : strstr.obj (.text)
                  000483e8    00000034     lwiplib.obj (.text:tcp_kill_timewait)
                  0004841c    00000034     lwiplib.obj (.text:tcp_timer_needed)
                  00048450    00000034     lwiplib.obj (.text:tivaif_init)
                  00048484    00000032     lwiplib.obj (.text:ip4_addr_isbroadcast)
                  000484b6    00000032     lwiplib.obj (.text:tcp_recved)
                  000484e8    00000030     lwiplib.obj (.text:tcp_update_rcv_ann_wnd)
                  00048518    0000002e     cgifuncs.obj (.text:FindCGIParameter)
                  00048546    0000002e     lwiplib.obj (.text:tcp_rexmit_rto)
                  00048574    0000002c     driverlib.lib : emac.obj (.text:EMACIntStatus)
                  000485a0    0000002c     cgifuncs.obj (.text:GetCGIParam)
                  000485cc    0000002c     lwiplib.obj (.text:etharp_request)
                  000485f8    0000002a     driverlib.lib : gpio.obj (.text:GPIODirModeSet)
                  00048622    0000002a     cgifuncs.obj (.text:HexDigit)
                  0004864c    0000002a     ustdlib.obj (.text:ustrncpy)
                  00048676    00000002     --HOLE-- [fill = 0]
                  00048678    00000028     enet_io.obj (.text:AnimTimerIntHandler)
                  000486a0    00000028     lwiplib.obj (.text:pbuf_cat)
                  000486c8    00000026     driverlib.lib : emac.obj (.text:EMACPHYRead)
                  000486ee    00000026                   : emac.obj (.text:EMACPHYWrite)
                  00048714    00000026     httpd.obj (.text:http_state_free)
                  0004873a    00000026     rtsv7M4_T_le_v4SPD16_eabi.lib : strncmp.obj (.text)
                  00048760    00000026     lwiplib.obj (.text:tcp_recv_null)
                  00048786    00000002     --HOLE-- [fill = 0]
                  00048788    00000024     driverlib.lib : interrupt.obj (.text:IntPrioritySet)
                  000487ac    00000024     lwiplib.obj (.text:etharp_free_entry)
                  000487d0    00000024     io.obj (.text:io_is_led_on)
                  000487f4    00000024     lwiplib.obj (.text:netif_set_link_up)
                  00048818    00000024     lwiplib.obj (.text:netif_set_up)
                  0004883c    00000024     lwiplib.obj (.text:tcp_seg_copy)
                  00048860    00000022     httpd.obj (.text:http_state_alloc)
                  00048882    00000022     rtsv7M4_T_le_v4SPD16_eabi.lib : memcmp.obj (.text)
                  000488a4    00000020     cgifuncs.obj (.text:IsValidHexDigit)
                  000488c4    00000020     locator.obj (.text:LocatorMACAddrSet)
                  000488e4    00000020     lwiplib.obj (.text:etharp_send_ip)
                  00048904    00000020     lwiplib.obj (.text:lwIPTimer)
                  00048924    00000020     lwiplib.obj (.text:sys_timeouts_init)
                  00048944    00000020     lwiplib.obj (.text:tcp_eff_send_mss)
                  00048964    00000020     lwiplib.obj (.text:tcp_tmr)
                  00048984    00000020     ustdlib.obj (.text:usprintf)
                  000489a4    0000001e     driverlib.lib : emac.obj (.text:EMACAddrGet)
                  000489c2    00000002     --HOLE-- [fill = 0]
                  000489c4    0000001c                   : sysctl.obj (.text:_SysCtlMemTimingGet)
                  000489e0    0000001c     httpd.obj (.text:http_set_ssi_handler)
                  000489fc    0000001c     io.obj (.text:io_set_led)
                  00048a18    0000001c     lwiplib.obj (.text:netif_set_addr)
                  00048a34    0000001c     lwiplib.obj (.text:udp_new)
                  00048a50    0000001a     uartstdio.obj (.text:UARTprintf)
                  00048a6a    0000001a     lwiplib.obj (.text:lwip_htonl)
                  00048a84    0000001a     ustdlib.obj (.text:usnprintf)
                  00048a9e    00000002     --HOLE-- [fill = 0]
                  00048aa0    00000018     lwiplib.obj (.text:arp_timer)
                  00048ab8    00000018     io.obj (.text:io_get_animation_speed_string)
                  00048ad0    00000018     lwiplib.obj (.text:pbuf_pool_is_empty)
                  00048ae8    00000018     rtsv7M4_T_le_v4SPD16_eabi.lib : args_main.obj (.text)
                  00048b00    00000018                                   : strcmp.obj (.text)
                  00048b18    00000018     lwiplib.obj (.text:tcp_next_iss)
                  00048b30    00000018     lwiplib.obj (.text:tcp_seg_free)
                  00048b48    00000016     driverlib.lib : emac.obj (.text:EMACReset)
                  00048b5e    00000016                   : emac.obj (.text:EMACRxEnable)
                  00048b74    00000016                   : emac.obj (.text:EMACTxEnable)
                  00048b8a    00000016     httpd.obj (.text:http_sent)
                  00048ba0    00000016     lwiplib.obj (.text:pbuf_ref)
                  00048bb6    00000016     rtsv7M4_T_le_v4SPD16_eabi.lib : strchr.obj (.text)
                  00048bcc    00000014     driverlib.lib : flash.obj (.text:FlashUserGet)
                  00048be0    00000014                   : systick.obj (.text:SysTickEnable)
                  00048bf4    00000014                   : systick.obj (.text:SysTickIntEnable)
                  00048c08    00000014     httpd.obj (.text:http_set_cgi_handlers)
                  00048c1c    00000014     io.obj (.text:io_set_animation_speed)
                  00048c30    00000014     rtsv7M4_T_le_v4SPD16_eabi.lib : _lock.obj (.text)
                  00048c44    00000014                                   : strlen.obj (.text)
                  00048c58    00000014     lwiplib.obj (.text:sys_arch_unprotect)
                  00048c6c    00000014     lwiplib.obj (.text:tcp_close)
                  00048c80    00000012     driverlib.lib : gpio.obj (.text:GPIOPinTypeEthernetLED)
                  00048c92    00000012     lwiplib.obj (.text:netif_set_link_down)
                  00048ca4    00000012     lwiplib.obj (.text:pbuf_clen)
                  00048cb6    00000012     lwiplib.obj (.text:tcp_segs_free)
                  00048cc8    00000010     driverlib.lib : emac.obj (.text:EMACFrameFilterSet)
                  00048cd8    00000010                   : interrupt.obj (.text:IntMasterEnable)
                  00048ce8    00000010                   : systick.obj (.text:SysTickPeriodSet)
                  00048cf8    00000010     lwiplib.obj (.text:inet_chksum)
                  00048d08    00000010     lwiplib.obj (.text:lwip_init)
                  00048d18    00000010     lwiplib.obj (.text:pbuf_chain)
                  00048d28    00000010     lwiplib.obj (.text:sys_arch_protect)
                  00048d38    0000000e     rtsv7M4_T_le_v4SPD16_eabi.lib : copy_decompress_none.obj (.text:decompress:none)
                  00048d46    0000000c     driverlib.lib : cpu.obj (.text:CPUcpsie)
                  00048d52    00000002     --HOLE-- [fill = 0]
                  00048d54    0000000c                   : sysctl.obj (.text:SysCtlMOSCConfigSet)
                  00048d60    0000000c     rtsv7M4_T_le_v4SPD16_eabi.lib : copy_zero_init.obj (.text:decompress:ZI)
                  00048d6c    0000000c     httpd.obj (.text:httpd_init)
                  00048d78    0000000c     io.obj (.text:io_get_animation_speed)
                  00048d84    0000000c     lwiplib.obj (.text:lwIPLocalIPAddrGet)
                  00048d90    0000000c     lwiplib.obj (.text:lwip_htons)
                  00048d9c    0000000c     lwiplib.obj (.text:netif_set_default)
                  00048da8    0000000c     lwiplib.obj (.text:netif_set_gw)
                  00048db4    0000000c     lwiplib.obj (.text:netif_set_netmask)
                  00048dc0    0000000c     lwiplib.obj (.text:sys_now)
                  00048dcc    0000000a     lwiplib.obj (.text:tcp_poll)
                  00048dd6    00000008     driverlib.lib : emac.obj (.text:EMACTxDMAPollDemand)
                  00048dde    00000008     io_fs.obj (.text:fs_bytes_left)
                  00048de6    00000008     httpd.obj (.text:http_err)
                  00048dee    00000008     lwiplib.obj (.text:icmp_dest_unreach)
                  00048df6    00000006     driverlib.lib : emac.obj (.text:EMACRxDMADescriptorListSet)
                  00048dfc    00000006                   : emac.obj (.text:EMACTimestampIntStatus)
                  00048e02    00000006                   : emac.obj (.text:EMACTxDMADescriptorListSet)
                  00048e08    00000006                   : gpio.obj (.text:GPIOPinRead)
                  00048e0e    00000006                   : gpio.obj (.text:GPIOPinWrite)
                  00048e14    00000006     startup_ccs.obj (.text:ResetISR)
                  00048e1a    00000006     driverlib.lib : sysctl.obj (.text:SysCtlDelay)
                  00048e20    00000006     enet_io.obj (.text:SysTickIntHandler)
                  00048e26    00000006     rtsv7M4_T_le_v4SPD16_eabi.lib : copy_decompress_rle.obj (.text:decompress:rle24)
                  00048e2c    00000006     lwiplib.obj (.text:tcp_abort)
                  00048e32    00000006     lwiplib.obj (.text:tcp_accept_null)
                  00048e38    00000006     lwiplib.obj (.text:tcp_err)
                  00048e3e    00000006     lwiplib.obj (.text:tcp_new)
                  00048e44    00000006     lwiplib.obj (.text:tcp_recv)
                  00048e4a    00000006     lwiplib.obj (.text:udp_recv)
                  00048e50    00000004     driverlib.lib : timer.obj (.text:TimerIntClear)
                  00048e54    00000004     io_fs.obj (.text:fs_close)
                  00048e58    00000004     rtsv7M4_T_le_v4SPD16_eabi.lib : pre_init.obj (.text)
                  00048e5c    00000004     lwiplib.obj (.text:tcp_accept)
                  00048e60    00000004     lwiplib.obj (.text:tcp_arg)
                  00048e64    00000004     lwiplib.obj (.text:tcp_sent)
                  00048e68    00000004     lwiplib.obj (.text:tcp_setprio)

.cinit     0    00048e70    00000070     
                  00048e70    00000046     (.cinit..data.load) [load image, compression = rle]
                  00048eb6    00000002     --HOLE-- [fill = 0]
                  00048eb8    0000000c     (__TI_handler_table)
                  00048ec4    00000004     --HOLE-- [fill = 0]
                  00048ec8    00000008     (.cinit..bss.load) [load image, compression = zero_init]
                  00048ed0    00000010     (__TI_cinit_table)

.init_array 
*          0    00000000    00000000     UNINITIALIZED

.bss       0    20000000    00017bc4     UNINITIALIZED
                  20000000    0001001c     lwiplib.obj (.bss:ram_heap)
                  2001001c    000073d4     lwiplib.obj (.bss:memp_memory)
                  200173f0    00000360     lwiplib.obj (.bss:g_pTxDescriptors)
                  20017750    00000120     lwiplib.obj (.bss:g_pRxDescriptors)
                  20017870    00000120     lwiplib.obj (.bss:lwip_stats)
                  20017990    000000c8     lwiplib.obj (.bss:arp_table)
                  20017a58    00000054     locator.obj (.bss:g_pui8LocatorData)
                  20017aac    00000030     lwiplib.obj (.bss:g_sNetIF)
                  20017adc    00000020     (.common:memp_tab)
                  20017afc    00000010     (.common:inseg)
                  20017b0c    00000008     (.common:pcBuf$3)
                  20017b14    00000008     (.common:pcBuf$4)
                  20017b1c    00000004     (.common:ackno)
                  20017b20    00000004     (.common:current_header)
                  20017b24    00000004     (.common:current_iphdr_dest)
                  20017b28    00000004     (.common:current_iphdr_src)
                  20017b2c    00000004     (.common:current_netif)
                  20017b30    00000004     (.common:g_iNumCGIs)
                  20017b34    00000004     (.common:g_pCGIs)
                  20017b38    00000004     (.common:g_pfnTimerHandler)
                  20017b3c    00000004     (.common:g_ui32AbnormalInts)
                  20017b40    00000004     (.common:g_ui32GWAddr)
                  20017b44    00000004     (.common:g_ui32IPAddr)
                  20017b48    00000004     (.common:g_ui32IPAddress)
                  20017b4c    00000004     (.common:g_ui32NetMask)
                  20017b50    00000004     (.common:g_ui32NormalInts)
                  20017b54    00000004     (.common:g_ui32SysClock)
                  20017b58    00000004     (.common:g_ulFlags)
                  20017b5c    00000004     (.common:iphdr)
                  20017b60    00000004     (.common:lfree)
                  20017b64    00000004     (.common:netif_default)
                  20017b68    00000004     (.common:netif_list)
                  20017b6c    00000004     (.common:next_timeout)
                  20017b70    00000004     (.common:pcBuf$1)
                  20017b74    00000004     (.common:pcBuf$2)
                  20017b78    00000004     (.common:ram)
                  20017b7c    00000004     (.common:ram_end)
                  20017b80    00000004     (.common:raw_pcbs)
                  20017b84    00000004     (.common:recv_data)
                  20017b88    00000004     (.common:seqno)
                  20017b8c    00000004     (.common:tcp_active_pcbs)
                  20017b90    00000004     (.common:tcp_bound_pcbs)
                  20017b94    00000004     (.common:tcp_input_pcb)
                  20017b98    00000004     (.common:tcp_listen_pcbs)
                  20017b9c    00000004     (.common:tcp_ticks)
                  20017ba0    00000004     (.common:tcp_tmp_pcb)
                  20017ba4    00000004     (.common:tcp_tw_pcbs)
                  20017ba8    00000004     (.common:tcphdr)
                  20017bac    00000004     (.common:tcpip_tcp_timer_active)
                  20017bb0    00000004     (.common:timeouts_last_time)
                  20017bb4    00000004     (.common:udp_pcbs)
                  20017bb8    00000002     (.common:ip_id)
                  20017bba    00000002     (.common:tcplen)
                  20017bbc    00000001     (.common:etharp_cached_entry)
                  20017bbd    00000001     (.common:flags)
                  20017bbe    00000001     (.common:netif_num)
                  20017bbf    00000001     (.common:pbuf_free_ooseq_pending)
                  20017bc0    00000001     (.common:recv_flags)
                  20017bc1    00000001     (.common:tcp_active_pcbs_changed)
                  20017bc2    00000001     (.common:tcp_timer)
                  20017bc3    00000001     (.common:tcp_timer_ctr)

.TI.noinit 
*          0    20000000    00000000     UNINITIALIZED

.stack     0    20017bc4    00000400     UNINITIALIZED
                  20017bc4    00000400     --HOLE--

.data      0    20017fc4    00000084     UNINITIALIZED
                  20017fc4    0000004c     lwiplib.obj (.data)
                  20018010    0000000c     enet_io.obj (.data)
                  2001801c    0000000c     httpd.obj (.data)
                  20018028    00000008     rtsv7M4_T_le_v4SPD16_eabi.lib : _lock.obj (.data)
                  20018030    00000008                                   : exit.obj (.data)
                  20018038    00000005     uartstdio.obj (.data)
                  2001803d    00000003     --HOLE--
                  20018040    00000004     io.obj (.data)
                  20018044    00000004     rtsv7M4_T_le_v4SPD16_eabi.lib : stkdepth_vars.obj (.data)

.TI.persistent 
*          0    20017fc4    00000000     UNINITIALIZED


LINKER GENERATED COPY TABLES

__TI_cinit_table @ 00048ed0 records: 2, size/record: 8, table size: 16
	.data: load addr=00048e70, load size=00000046 bytes, run addr=20017fc4, run size=00000084 bytes, compression=rle
	.bss: load addr=00048ec8, load size=00000008 bytes, run addr=20000000, run size=00017bc4 bytes, compression=zero_init


LINKER GENERATED HANDLER TABLE

__TI_handler_table @ 00048eb8 records: 3, size/record: 4, table size: 12
	index: 0, handler: __TI_decompress_rle24
	index: 1, handler: __TI_decompress_none
	index: 2, handler: __TI_zero_init


GLOBAL SYMBOLS: SORTED ALPHABETICALLY BY Name 

address   name                         
-------   ----                         
00048679  AnimTimerIntHandler          
00047ef9  C$$EXIT                      
00048d47  CPUcpsie                     
00046925  CheckDecimalParam            
00047245  DecodeFormString             
00047fc1  DecodeHexEscape              
000480b5  DisplayIPAddress             
000489a5  EMACAddrGet                  
000480ed  EMACConfigGet                
000482e5  EMACConfigSet                
00048cc9  EMACFrameFilterSet           
00046835  EMACInit                     
00048319  EMACIntClear                 
00048041  EMACIntEnable                
00048575  EMACIntStatus                
0004757d  EMACPHYConfigSet             
000486c9  EMACPHYRead                  
000486ef  EMACPHYWrite                 
00048b49  EMACReset                    
00048df7  EMACRxDMADescriptorListSet   
00048b5f  EMACRxEnable                 
00048dfd  EMACTimestampIntStatus       
00048e03  EMACTxDMADescriptorListSet   
00048dd7  EMACTxDMAPollDemand          
00048b75  EMACTxEnable                 
00048519  FindCGIParameter             
00048bcd  FlashUserGet                 
000485f9  GPIODirModeSet               
000446d3  GPIOPadConfigSet             
00048e09  GPIOPinRead                  
00048c81  GPIOPinTypeEthernetLED       
00048e0f  GPIOPinWrite                 
000485a1  GetCGIParam                  
00048623  HexDigit                     
00045889  InitDMADescriptors           
00046d15  IntEnable                    
00048cd9  IntMasterEnable              
00048789  IntPrioritySet               
000488a5  IsValidHexDigit              
00048125  LocatorAppTitleSet           
000476dd  LocatorInit                  
000488c5  LocatorMACAddrSet            
000434b1  PinoutSet                    
00048e15  ResetISR                     
UNDEFED   SHT$$INIT_ARRAY$$Base        
UNDEFED   SHT$$INIT_ARRAY$$Limit       
000436c5  SysCtlClockFreqSet           
00048e1b  SysCtlDelay                  
00048d55  SysCtlMOSCConfigSet          
0004815d  SysCtlPeripheralReady        
00047829  SysCtlPeripheralReset        
00048be1  SysTickEnable                
00048bf5  SysTickIntEnable             
00048e21  SysTickIntHandler            
00048ce9  SysTickPeriodSet             
00048e51  TimerIntClear                
000471e5  UARTStdioConfig              
00048a51  UARTprintf                   
000438c9  UARTvprintf                  
00047c71  UARTwrite                    
20017fc4  __STACK_END                  
00000400  __STACK_SIZE                 
20017fc4  __STACK_TOP                  
00048ed0  __TI_CINIT_Base              
00048ee0  __TI_CINIT_Limit             
00048eb8  __TI_Handler_Table_Base      
00048ec4  __TI_Handler_Table_Limit     
00046c3d  __TI_auto_init               
20018030  __TI_cleanup_ptr             
00048d39  __TI_decompress_none         
00048e27  __TI_decompress_rle24        
20018034  __TI_dtors_ptr               
00000000  __TI_static_base__           
00048d61  __TI_zero_init               
0004673d  __aeabi_memclr               
0004673d  __aeabi_memclr4              
0004673d  __aeabi_memclr8              
0004603b  __aeabi_memcpy               
0004603b  __aeabi_memcpy4              
0004603b  __aeabi_memcpy8              
0004673f  __aeabi_memset               
0004673f  __aeabi_memset4              
0004673f  __aeabi_memset8              
00047f3d  __aeabi_uidiv                
00047f3d  __aeabi_uidivmod             
ffffffff  __binit__                    
ffffffff  __c_args__                   
20017bc4  __stack                      
00048ae9  _args_main                   
000479b9  _c_int00                     
20018028  _lock                        
00048c3f  _nop                         
00048c37  _register_lock               
00048c31  _register_unlock             
00048e59  _system_pre_init             
2001802c  _unlock                      
00047efd  abort                        
ffffffff  binit                        
00047af5  copy_in                      
20017b20  current_header               
20017b24  current_iphdr_dest           
20017b28  current_iphdr_src            
20017b2c  current_netif                
00044a49  etharp_output                
00044b61  etharp_query                 
000485cd  etharp_request               
00048001  etharp_tmr                   
000417c4  ethbroadcast                 
00045ef9  ethernet_input               
000417ca  ethzero                      
00047f05  exit                         
00041238  file_404_htm                 
00041224  file_about_htm               
00041210  file_block_htm               
000411fc  file_block_jpg               
000411e8  file_ek_tm4c1294xl_jpg       
000411d4  file_favicon_ico             
000411c0  file_index_htm               
000411ac  file_io_cgi_ssi              
00041198  file_io_http_htm             
00041184  file_javascript_js           
00041170  file_javascript_load_js      
0004115c  file_overview_htm            
00041148  file_perror_htm              
00041134  file_styles_css              
00041120  file_ti_jpg                  
0004110c  file_tm4c_jpg                
00048ddf  fs_bytes_left                
00048e55  fs_close                     
00044929  fs_open                      
0004807b  fs_read                      
20017fd8  g_RxDescList                 
20017fc8  g_TxDescList                 
20017b30  g_iNumCGIs                   
20018020  g_iNumTags                   
20017b34  g_pCGIs                      
20017750  g_pRxDescriptors             
200173f0  g_pTxDescriptors             
00041894  g_pcSSIExtensions            
000418a4  g_pcTagLeadIn                
000418a8  g_pcTagLeadOut               
2001801c  g_pfnSSIHandler              
20017b38  g_pfnTimerHandler            
00000000  g_pfnVectors                 
20018024  g_ppcTags                    
00041838  g_psDefaultFilenames         
20017b3c  g_ui32AbnormalInts           
20017b48  g_ui32IPAddress              
20017ff4  g_ui32LocalTimer             
20017b50  g_ui32NormalInts             
20017b54  g_ui32SysClock               
20018040  g_ulAnimSpeed                
00048c09  http_set_cgi_handlers        
000489e1  http_set_ssi_handler         
00048d6d  httpd_init                   
00048def  icmp_dest_unreach            
00043fe1  icmp_input                   
00048cf9  inet_chksum                  
000474c9  inet_chksum_pbuf             
00045cf9  inet_chksum_pseudo           
00048d79  io_get_animation_speed       
00048ab9  io_get_animation_speed_string
000481cd  io_get_ledstate              
0004643d  io_init                      
000487d1  io_is_led_on                 
00048c1d  io_set_animation_speed       
00048381  io_set_animation_speed_string
000489fd  io_set_led                   
00048485  ip4_addr_isbroadcast         
000417bc  ip_addr_any                  
000417c0  ip_addr_broadcast            
00043ab5  ip_input                     
00047d91  ip_output                    
00044f9d  ip_output_if                 
00047aa9  ip_route                     
000472a1  lwIPEthernetIntHandler       
00045c45  lwIPHostTimerHandler         
0004544d  lwIPInit                     
00048d85  lwIPLocalIPAddrGet           
00048905  lwIPTimer                    
00048a6b  lwip_htonl                   
00048d91  lwip_htons                   
00048d09  lwip_init                    
00048a6b  lwip_ntohl                   
00048d91  lwip_ntohs                   
20017870  lwip_stats                   
00043e31  main                         
20018044  main_func_sp                 
000470b9  mem_free                     
000472fd  mem_init                     
00045095  mem_malloc                   
00045365  mem_trim                     
00048883  memcmp                       
0004603b  memcpy                       
00048205  memp_free                    
00046bd1  memp_init                    
0004762d  memp_malloc                  
00046745  memset                       
00047969  netif_add                    
20017b64  netif_default                
20017b68  netif_list                   
00048a19  netif_set_addr               
00048d9d  netif_set_default            
00048da9  netif_set_gw                 
00047359  netif_set_ipaddr             
00048c93  netif_set_link_down          
000487f5  netif_set_link_up            
00048db5  netif_set_netmask            
00048819  netif_set_up                 
0004459d  pbuf_alloc                   
000486a1  pbuf_cat                     
00048d19  pbuf_chain                   
00048ca5  pbuf_clen                    
00046175  pbuf_copy                    
00046e4d  pbuf_copy_partial            
00047a59  pbuf_free                    
20017bbf  pbuf_free_ooseq_pending      
00047181  pbuf_header                  
00047523  pbuf_realloc                 
00048ba1  pbuf_ref                     
20000000  ram_heap                     
00046a0d  raw_input                    
00048bb7  strchr                       
00048b01  strcmp                       
00048c45  strlen                       
0004873b  strncmp                      
000483b5  strstr                       
00048d29  sys_arch_protect             
00048c59  sys_arch_unprotect           
00048dc1  sys_now                      
00046eb5  sys_timeout                  
00048925  sys_timeouts_init            
00046209  tcp_abandon                  
00048e2d  tcp_abort                    
00048e5d  tcp_accept                   
20017b8c  tcp_active_pcbs              
20017bc1  tcp_active_pcbs_changed      
000457b9  tcp_alloc                    
00048e61  tcp_arg                      
00041534  tcp_backoff                  
00046645  tcp_bind                     
20017b90  tcp_bound_pcbs               
00048c6d  tcp_close                    
00048945  tcp_eff_send_mss             
00045e51  tcp_enqueue_flags            
00048e39  tcp_err                      
00046af5  tcp_fasttmr                  
0004252d  tcp_input                    
20017b94  tcp_input_pcb                
000473b5  tcp_keepalive                
20017b98  tcp_listen_pcbs              
000460d9  tcp_listen_with_backlog      
00048e3f  tcp_new                      
00048b19  tcp_next_iss                 
00044185  tcp_output                   
000417ac  tcp_pcb_lists                
00047f7f  tcp_pcb_purge                
00047411  tcp_pcb_remove               
00041541  tcp_persist_backoff          
00048dcd  tcp_poll                     
00046f85  tcp_process_refused_data     
00048e45  tcp_recv                     
00048761  tcp_recv_null                
000484b7  tcp_recved                   
00047685  tcp_rexmit                   
00047e21  tcp_rexmit_fast              
00048547  tcp_rexmit_rto               
00046299  tcp_rst                      
0004883d  tcp_seg_copy                 
00048b31  tcp_seg_free                 
00048cb7  tcp_segs_free                
0004746d  tcp_send_empty_ack           
00047eb1  tcp_send_fin                 
00048e65  tcp_sent                     
00048e69  tcp_setprio                  
00042f99  tcp_slowtmr                  
20017b9c  tcp_ticks                    
0004841d  tcp_timer_needed             
20017ba0  tcp_tmp_pcb                  
00048965  tcp_tmr                      
20017ba4  tcp_tw_pcbs                  
000484e9  tcp_update_rcv_ann_wnd       
00042cad  tcp_write                    
00045da5  tcp_zero_window_probe        
00048451  tivaif_init                  
00047b8d  tivaif_interrupt             
000466c1  tivaif_process_phy_interrupt 
00046fed  udp_bind                     
00043c75  udp_input                    
00048a35  udp_new                      
20017bb4  udp_pcbs                     
00048e4b  udp_recv                     
00048275  udp_sendto                   
00045279  udp_sendto_if                
00048a85  usnprintf                    
00048985  usprintf                     
000482ad  ustrncmp                     
0004864d  ustrncpy                     
00043261  uvsnprintf                   


GLOBAL SYMBOLS: SORTED BY Symbol Address 

address   name                         
-------   ----                         
00000000  __TI_static_base__           
00000000  g_pfnVectors                 
00000400  __STACK_SIZE                 
0004110c  file_tm4c_jpg                
00041120  file_ti_jpg                  
00041134  file_styles_css              
00041148  file_perror_htm              
0004115c  file_overview_htm            
00041170  file_javascript_load_js      
00041184  file_javascript_js           
00041198  file_io_http_htm             
000411ac  file_io_cgi_ssi              
000411c0  file_index_htm               
000411d4  file_favicon_ico             
000411e8  file_ek_tm4c1294xl_jpg       
000411fc  file_block_jpg               
00041210  file_block_htm               
00041224  file_about_htm               
00041238  file_404_htm                 
00041534  tcp_backoff                  
00041541  tcp_persist_backoff          
000417ac  tcp_pcb_lists                
000417bc  ip_addr_any                  
000417c0  ip_addr_broadcast            
000417c4  ethbroadcast                 
000417ca  ethzero                      
00041838  g_psDefaultFilenames         
00041894  g_pcSSIExtensions            
000418a4  g_pcTagLeadIn                
000418a8  g_pcTagLeadOut               
0004252d  tcp_input                    
00042cad  tcp_write                    
00042f99  tcp_slowtmr                  
00043261  uvsnprintf                   
000434b1  PinoutSet                    
000436c5  SysCtlClockFreqSet           
000438c9  UARTvprintf                  
00043ab5  ip_input                     
00043c75  udp_input                    
00043e31  main                         
00043fe1  icmp_input                   
00044185  tcp_output                   
0004459d  pbuf_alloc                   
000446d3  GPIOPadConfigSet             
00044929  fs_open                      
00044a49  etharp_output                
00044b61  etharp_query                 
00044f9d  ip_output_if                 
00045095  mem_malloc                   
00045279  udp_sendto_if                
00045365  mem_trim                     
0004544d  lwIPInit                     
000457b9  tcp_alloc                    
00045889  InitDMADescriptors           
00045c45  lwIPHostTimerHandler         
00045cf9  inet_chksum_pseudo           
00045da5  tcp_zero_window_probe        
00045e51  tcp_enqueue_flags            
00045ef9  ethernet_input               
0004603b  __aeabi_memcpy               
0004603b  __aeabi_memcpy4              
0004603b  __aeabi_memcpy8              
0004603b  memcpy                       
000460d9  tcp_listen_with_backlog      
00046175  pbuf_copy                    
00046209  tcp_abandon                  
00046299  tcp_rst                      
0004643d  io_init                      
00046645  tcp_bind                     
000466c1  tivaif_process_phy_interrupt 
0004673d  __aeabi_memclr               
0004673d  __aeabi_memclr4              
0004673d  __aeabi_memclr8              
0004673f  __aeabi_memset               
0004673f  __aeabi_memset4              
0004673f  __aeabi_memset8              
00046745  memset                       
00046835  EMACInit                     
00046925  CheckDecimalParam            
00046a0d  raw_input                    
00046af5  tcp_fasttmr                  
00046bd1  memp_init                    
00046c3d  __TI_auto_init               
00046d15  IntEnable                    
00046e4d  pbuf_copy_partial            
00046eb5  sys_timeout                  
00046f85  tcp_process_refused_data     
00046fed  udp_bind                     
000470b9  mem_free                     
00047181  pbuf_header                  
000471e5  UARTStdioConfig              
00047245  DecodeFormString             
000472a1  lwIPEthernetIntHandler       
000472fd  mem_init                     
00047359  netif_set_ipaddr             
000473b5  tcp_keepalive                
00047411  tcp_pcb_remove               
0004746d  tcp_send_empty_ack           
000474c9  inet_chksum_pbuf             
00047523  pbuf_realloc                 
0004757d  EMACPHYConfigSet             
0004762d  memp_malloc                  
00047685  tcp_rexmit                   
000476dd  LocatorInit                  
00047829  SysCtlPeripheralReset        
00047969  netif_add                    
000479b9  _c_int00                     
00047a59  pbuf_free                    
00047aa9  ip_route                     
00047af5  copy_in                      
00047b8d  tivaif_interrupt             
00047c71  UARTwrite                    
00047d91  ip_output                    
00047e21  tcp_rexmit_fast              
00047eb1  tcp_send_fin                 
00047ef9  C$$EXIT                      
00047efd  abort                        
00047f05  exit                         
00047f3d  __aeabi_uidiv                
00047f3d  __aeabi_uidivmod             
00047f7f  tcp_pcb_purge                
00047fc1  DecodeHexEscape              
00048001  etharp_tmr                   
00048041  EMACIntEnable                
0004807b  fs_read                      
000480b5  DisplayIPAddress             
000480ed  EMACConfigGet                
00048125  LocatorAppTitleSet           
0004815d  SysCtlPeripheralReady        
000481cd  io_get_ledstate              
00048205  memp_free                    
00048275  udp_sendto                   
000482ad  ustrncmp                     
000482e5  EMACConfigSet                
00048319  EMACIntClear                 
00048381  io_set_animation_speed_string
000483b5  strstr                       
0004841d  tcp_timer_needed             
00048451  tivaif_init                  
00048485  ip4_addr_isbroadcast         
000484b7  tcp_recved                   
000484e9  tcp_update_rcv_ann_wnd       
00048519  FindCGIParameter             
00048547  tcp_rexmit_rto               
00048575  EMACIntStatus                
000485a1  GetCGIParam                  
000485cd  etharp_request               
000485f9  GPIODirModeSet               
00048623  HexDigit                     
0004864d  ustrncpy                     
00048679  AnimTimerIntHandler          
000486a1  pbuf_cat                     
000486c9  EMACPHYRead                  
000486ef  EMACPHYWrite                 
0004873b  strncmp                      
00048761  tcp_recv_null                
00048789  IntPrioritySet               
000487d1  io_is_led_on                 
000487f5  netif_set_link_up            
00048819  netif_set_up                 
0004883d  tcp_seg_copy                 
00048883  memcmp                       
000488a5  IsValidHexDigit              
000488c5  LocatorMACAddrSet            
00048905  lwIPTimer                    
00048925  sys_timeouts_init            
00048945  tcp_eff_send_mss             
00048965  tcp_tmr                      
00048985  usprintf                     
000489a5  EMACAddrGet                  
000489e1  http_set_ssi_handler         
000489fd  io_set_led                   
00048a19  netif_set_addr               
00048a35  udp_new                      
00048a51  UARTprintf                   
00048a6b  lwip_htonl                   
00048a6b  lwip_ntohl                   
00048a85  usnprintf                    
00048ab9  io_get_animation_speed_string
00048ae9  _args_main                   
00048b01  strcmp                       
00048b19  tcp_next_iss                 
00048b31  tcp_seg_free                 
00048b49  EMACReset                    
00048b5f  EMACRxEnable                 
00048b75  EMACTxEnable                 
00048ba1  pbuf_ref                     
00048bb7  strchr                       
00048bcd  FlashUserGet                 
00048be1  SysTickEnable                
00048bf5  SysTickIntEnable             
00048c09  http_set_cgi_handlers        
00048c1d  io_set_animation_speed       
00048c31  _register_unlock             
00048c37  _register_lock               
00048c3f  _nop                         
00048c45  strlen                       
00048c59  sys_arch_unprotect           
00048c6d  tcp_close                    
00048c81  GPIOPinTypeEthernetLED       
00048c93  netif_set_link_down          
00048ca5  pbuf_clen                    
00048cb7  tcp_segs_free                
00048cc9  EMACFrameFilterSet           
00048cd9  IntMasterEnable              
00048ce9  SysTickPeriodSet             
00048cf9  inet_chksum                  
00048d09  lwip_init                    
00048d19  pbuf_chain                   
00048d29  sys_arch_protect             
00048d39  __TI_decompress_none         
00048d47  CPUcpsie                     
00048d55  SysCtlMOSCConfigSet          
00048d61  __TI_zero_init               
00048d6d  httpd_init                   
00048d79  io_get_animation_speed       
00048d85  lwIPLocalIPAddrGet           
00048d91  lwip_htons                   
00048d91  lwip_ntohs                   
00048d9d  netif_set_default            
00048da9  netif_set_gw                 
00048db5  netif_set_netmask            
00048dc1  sys_now                      
00048dcd  tcp_poll                     
00048dd7  EMACTxDMAPollDemand          
00048ddf  fs_bytes_left                
00048def  icmp_dest_unreach            
00048df7  EMACRxDMADescriptorListSet   
00048dfd  EMACTimestampIntStatus       
00048e03  EMACTxDMADescriptorListSet   
00048e09  GPIOPinRead                  
00048e0f  GPIOPinWrite                 
00048e15  ResetISR                     
00048e1b  SysCtlDelay                  
00048e21  SysTickIntHandler            
00048e27  __TI_decompress_rle24        
00048e2d  tcp_abort                    
00048e39  tcp_err                      
00048e3f  tcp_new                      
00048e45  tcp_recv                     
00048e4b  udp_recv                     
00048e51  TimerIntClear                
00048e55  fs_close                     
00048e59  _system_pre_init             
00048e5d  tcp_accept                   
00048e61  tcp_arg                      
00048e65  tcp_sent                     
00048e69  tcp_setprio                  
00048eb8  __TI_Handler_Table_Base      
00048ec4  __TI_Handler_Table_Limit     
00048ed0  __TI_CINIT_Base              
00048ee0  __TI_CINIT_Limit             
20000000  ram_heap                     
200173f0  g_pTxDescriptors             
20017750  g_pRxDescriptors             
20017870  lwip_stats                   
20017b20  current_header               
20017b24  current_iphdr_dest           
20017b28  current_iphdr_src            
20017b2c  current_netif                
20017b30  g_iNumCGIs                   
20017b34  g_pCGIs                      
20017b38  g_pfnTimerHandler            
20017b3c  g_ui32AbnormalInts           
20017b48  g_ui32IPAddress              
20017b50  g_ui32NormalInts             
20017b54  g_ui32SysClock               
20017b64  netif_default                
20017b68  netif_list                   
20017b8c  tcp_active_pcbs              
20017b90  tcp_bound_pcbs               
20017b94  tcp_input_pcb                
20017b98  tcp_listen_pcbs              
20017b9c  tcp_ticks                    
20017ba0  tcp_tmp_pcb                  
20017ba4  tcp_tw_pcbs                  
20017bb4  udp_pcbs                     
20017bbf  pbuf_free_ooseq_pending      
20017bc1  tcp_active_pcbs_changed      
20017bc4  __stack                      
20017fc4  __STACK_END                  
20017fc4  __STACK_TOP                  
20017fc8  g_TxDescList                 
20017fd8  g_RxDescList                 
20017ff4  g_ui32LocalTimer             
2001801c  g_pfnSSIHandler              
20018020  g_iNumTags                   
20018024  g_ppcTags                    
20018028  _lock                        
2001802c  _unlock                      
20018030  __TI_cleanup_ptr             
20018034  __TI_dtors_ptr               
20018040  g_ulAnimSpeed                
20018044  main_func_sp                 
ffffffff  __binit__                    
ffffffff  __c_args__                   
ffffffff  binit                        
UNDEFED   SHT$$INIT_ARRAY$$Base        
UNDEFED   SHT$$INIT_ARRAY$$Limit       

[299 symbols]
