******************************************************************************
                  TI ARM Linker PC v5.2.2                      
******************************************************************************
>> Linked Fri Jun 05 13:50:05 2015

OUTPUT FILE NAME:   <qs_iot.out>
ENTRY POINT SYMBOL: "_c_int00"  address: 000094cd


MEMORY CONFIGURATION

         name            origin    length      used     unused   attr    fill
----------------------  --------  ---------  --------  --------  ----  --------
  FLASH                 00000000   00100000  0000be68  000f4198  R  X
  SRAM                  20000000   00040000  0000f0e1  00030f1f  RW X


SEGMENT ALLOCATION MAP

run origin  load origin   length   init length attrs members
----------  ----------- ---------- ----------- ----- -------
00000000    00000000    0000be70   0000be70    r-x
  00000000    00000000    00000200   00000200    r-- .intvecs
  00000200    00000200    0000b2ba   0000b2ba    r-x .text
  0000b4bc    0000b4bc    00000756   00000756    r-- .const
  0000bc18    0000bc18    00000258   00000258    r-- .cinit
20000000    20000000    0000f0e4   00000000    rw-
  20000000    20000000    0000dbe1   00000000    rw- .bss
  2000dbe4    2000dbe4    00001000   00000000    rw- .stack
  2000ebe4    2000ebe4    00000500   00000000    rw- .data


SECTION ALLOCATION MAP

 output                                  attributes/
section   page    origin      length       input sections
--------  ----  ----------  ----------   ----------------
.intvecs   0    00000000    00000200     
                  00000000    00000200     startup_ccs.obj (.intvecs)

.text      0    00000200    0000b2ba     
                  00000200    000007bc     lwiplib.obj (.text:tcp_receive)
                  000009bc    000005a8     qs_iot.obj (.text:main)
                  00000f64    00000441     qs_iot.obj (.text:PrintConnectionHelp)
                  000013a5    00000001     --HOLE-- [fill = 0]
                  000013a6    00000002     startup_ccs.obj (.text:FaultISR)
                  000013a8    000003b0     lwiplib.obj (.text:tcp_input)
                  00001758    000003b0     lwiplib.obj (.text:tcp_process)
                  00001b08    000002ec     lwiplib.obj (.text:tcp_write)
                  00001df4    000002c8     lwiplib.obj (.text:tcp_slowtmr)
                  000020bc    000002a8     tictactoe.obj (.text:AdvanceGameState)
                  00002364    00000264     commands.obj (.text:Cmd_setproxy)
                  000025c8    0000024d     ustdlib.obj (.text:uvsnprintf)
                  00002815    00000001     --HOLE-- [fill = 0]
                  00002816    00000002     startup_ccs.obj (.text:IntDefaultHandler)
                  00002818    0000022c     exosite.obj (.text:sendLine)
                  00002a44    00000228     lwiplib.obj (.text:dhcp_parse_reply)
                  00002c6c    00000224     qs_iot.obj (.text:PrintAllData)
                  00002e90    00000215     qs_iot.obj (.text:ProvisionCIK)
                  000030a5    00000001     --HOLE-- [fill = 0]
                  000030a6    00000002     startup_ccs.obj (.text:NmiSR)
                  000030a8    00000214     pinout.obj (.text:PinoutSet)
                  000032bc    00000204     driverlib.lib : sysctl.obj (.text:SysCtlClockFreqSet)
                  000034c0    000001ea     uartstdio.obj (.text:UARTvprintf)
                  000036aa    00000002     exosite_hal_lwip.obj (.text:exoHAL_EraseMeta)
                  000036ac    000001d0     lwiplib.obj (.text:ip_input)
                  0000387c    000001c4     lwiplib.obj (.text:udp_input)
                  00003a40    000001a0     exosite.obj (.text:Exosite_Activate)
                  00003be0    00000190     lwiplib.obj (.text:tcp_output)
                  00003d70    00000184     lwiplib.obj (.text:icmp_input)
                  00003ef4    00000160     uartstdio.obj (.text:UARTStdioIntHandler)
                  00004054    00000148     lwiplib.obj (.text:tcp_close_shutdown)
                  0000419c    00000140     lwiplib.obj (.text:tivaif_receive)
                  000042dc    00000138     lwiplib.obj (.text:pbuf_alloc)
                  00004414    00000134     lwiplib.obj (.text:dns_recv)
                  00004548    00000134     lwiplib.obj (.text:etharp_arp_input)
                  0000467c    00000130     driverlib.lib : gpio.obj (.text:GPIOPadConfigSet)
                  000047ac    00000124     lwiplib.obj (.text:dhcp_create_msg)
                  000048d0    00000120     commands.obj (.text:Cmd_led)
                  000049f0    00000118     exosite_hal_lwip.obj (.text:exoHAL_ExositeEnetEvents)
                  00004b08    00000114     lwiplib.obj (.text:etharp_query)
                  00004c1c    00000114     eth_client_lwip.obj (.text:lwIPHostTimerHandler)
                  00004d30    00000114     lwiplib.obj (.text:tcp_listen_input)
                  00004e44    00000110     lwiplib.obj (.text:etharp_output)
                  00004f54    00000110     lwiplib.obj (.text:ipaddr_aton)
                  00005064    00000108     lwiplib.obj (.text:mem_malloc)
                  0000516c    00000104     qs_iot.obj (.text:GetEEPROMCIK)
                  00005270    00000100     exosite.obj (.text:Exosite_Read)
                  00005370    00000100     lwiplib.obj (.text:mem_trim)
                  00005470    00000100     lwiplib.obj (.text:tivaif_transmit)
                  00005570    000000f8     commands.obj (.text:Cmd_connect)
                  00005668    000000f8     lwiplib.obj (.text:tcp_connect)
                  00005760    000000ec     tictactoe.obj (.text:ShowBoard)
                  0000584c    000000e4     lwiplib.obj (.text:lwIPInit)
                  00005930    000000e0     lwiplib.obj (.text:etharp_find_entry)
                  00005a10    000000dc     commands.obj (.text:Cmd_alert)
                  00005aec    000000d4     tictactoe.obj (.text:CheckWinner)
                  00005bc0    000000d4     http.obj (.text:HTTPMessageTypeSet)
                  00005c94    000000d0     exosite_hal_lwip.obj (.text:exoHAL_SocketOpenTCP)
                  00005d64    000000d0     lwiplib.obj (.text:tcp_alloc)
                  00005e34    000000cc     lwiplib.obj (.text:dhcp_recv)
                  00005f00    000000cc     lwiplib.obj (.text:dhcp_select)
                  00005fcc    000000c8     exosite.obj (.text:Exosite_Write)
                  00006094    000000c8     requests.obj (.text:SyncWithExosite)
                  0000615c    000000c8     lwiplib.obj (.text:udp_sendto_if)
                  00006224    000000c4     driverlib.lib : eeprom.obj (.text:EEPROMProgram)
                  000062e8    000000c4     lwiplib.obj (.text:InitDMADescriptors)
                  000063ac    000000c4     lwiplib.obj (.text:etharp_raw)
                  00006470    000000c0     exosite.obj (.text:info_assemble)
                  00006530    000000c0     lwiplib.obj (.text:tcp_output_segment)
                  000065f0    000000bc     lwiplib.obj (.text:tcp_create_segment)
                  000066ac    000000bc     lwiplib.obj (.text:tivaif_hwinit)
                  00006768    000000b8     commands.obj (.text:Cmd_setemail)
                  00006820    000000b8     lwiplib.obj (.text:dhcp_bind)
                  000068d8    000000b8     lwiplib.obj (.text:dns_send)
                  00006990    000000b4     lwiplib.obj (.text:lwIPServiceTimers)
                  00006a44    000000b0     uartstdio.obj (.text:UARTStdioConfig)
                  00006af4    000000ac     lwiplib.obj (.text:dns_enqueue)
                  00006ba0    000000a8     uartstdio.obj (.text:UARTwrite)
                  00006c48    000000a8     lwiplib.obj (.text:dhcp_discover)
                  00006cf0    000000a8     lwiplib.obj (.text:dhcp_start)
                  00006d98    000000a8     lwiplib.obj (.text:tcp_enqueue_flags)
                  00006e40    000000a4     lwiplib.obj (.text:dhcp_release)
                  00006ee4    000000a4     lwiplib.obj (.text:dns_check_entry)
                  00006f88    000000a4     lwiplib.obj (.text:ethernet_input)
                  0000702c    000000a4     lwiplib.obj (.text:ip_output_if)
                  000070d0    000000a0     tictactoe.obj (.text:ProcessTurn)
                  00007170    0000009c     qs_iot.obj (.text:CheckForUserCommands)
                  0000720c    0000009c     http.obj (.text:HTTPResponseParse)
                  000072a8    0000009c     lwiplib.obj (.text:dhcp_handle_ack)
                  00007344    0000009c     rtsv7M4_T_le_v4SPD16_eabi.lib : memcpy_t2.obj (.text)
                  000073e0    0000009c     ustdlib.obj (.text:ustrtoul)
                  0000747c    00000098     qs_iot.obj (.text:Timer0IntHandler)
                  00007514    00000098     lwiplib.obj (.text:dhcp_reboot)
                  000075ac    00000098     exosite_hal_lwip.obj (.text:exoHAL_ExositeInit)
                  00007644    00000094     lwiplib.obj (.text:lwIPPrivateNetworkConfigChange)
                  000076d8    00000092     lwiplib.obj (.text:pbuf_copy)
                  0000776a    00000002     --HOLE-- [fill = 0]
                  0000776c    00000090     lwiplib.obj (.text:tcp_abandon)
                  000077fc    0000008c     buttons.obj (.text:ButtonsPoll)
                  00007888    0000008c     tictactoe.obj (.text:SetGameMode)
                  00007914    0000008c     uartstdio.obj (.text:UARTPrimeTransmit)
                  000079a0    0000008c     lwiplib.obj (.text:tcp_zero_window_probe)
                  00007a2c    00000084     eth_client_lwip.obj (.text:EthClientInit)
                  00007ab0    00000084     lwiplib.obj (.text:tcp_timewait_input)
                  00007b34    00000080     lwiplib.obj (.text:dhcp_rebind)
                  00007bb4    00000080     lwiplib.obj (.text:dhcp_renew)
                  00007c34    00000080     exosite_hal_lwip.obj (.text:exoHAL_SocketRecv)
                  00007cb4    00000080     lwiplib.obj (.text:lwIPPrivateInit)
                  00007d34    00000080     lwiplib.obj (.text:tcp_parseopt)
                  00007db4    0000007c     qs_iot.obj (.text:UpdateInternalTemp)
                  00007e30    0000007c     lwiplib.obj (.text:dhcp_timeout)
                  00007eac    0000007c     lwiplib.obj (.text:tcp_rst)
                  00007f28    0000007c     lwiplib.obj (.text:tivaif_process_phy_interrupt)
                  00007fa4    0000007a     rtsv7M4_T_le_v4SPD16_eabi.lib : memset_t2.obj (.text)
                  0000801e    00000002     --HOLE-- [fill = 0]
                  00008020    00000078     driverlib.lib : emac.obj (.text:EMACInit)
                  00008098    00000078     lwiplib.obj (.text:tcp_oos_insert_segment)
                  00008110    00000074     eth_client_lwip.obj (.text:TCPConnected)
                  00008184    00000074     lwiplib.obj (.text:etharp_update_arp_entry)
                  000081f8    00000074     lwiplib.obj (.text:raw_input)
                  0000826c    00000070     qs_iot.obj (.text:ConfigureTimer0)
                  000082dc    00000070     eth_client_lwip.obj (.text:EthClientTCPConnect)
                  0000834c    00000070     exosite.obj (.text:Exosite_Init)
                  000083bc    00000070     lwiplib.obj (.text:tcp_fasttmr)
                  0000842c    0000006c     lwiplib.obj (.text:icmp_send_response)
                  00008498    0000006c     lwiplib.obj (.text:memp_init)
                  00008504    0000006c     rtsv7M4_T_le_v4SPD16_eabi.lib : autoinit.obj (.text)
                  00008570    0000006a                                   : copy_decompress_rle.obj (.text)
                  000085da    00000002     --HOLE-- [fill = 0]
                  000085dc    00000068     driverlib.lib : interrupt.obj (.text:IntEnable)
                  00008644    00000068     lwiplib.obj (.text:dhcp_decline)
                  000086ac    00000068     lwiplib.obj (.text:lwIPLinkDetect)
                  00008714    00000068     lwiplib.obj (.text:lwip_standard_chksum)
                  0000877c    00000068     lwiplib.obj (.text:pbuf_copy_partial)
                  000087e4    00000068     lwiplib.obj (.text:sys_timeout)
                  0000884c    00000068     lwiplib.obj (.text:tcp_output_alloc_header)
                  000088b4    00000068     lwiplib.obj (.text:tcp_process_refused_data)
                  0000891c    00000068     lwiplib.obj (.text:udp_bind)
                  00008984    00000064     cmdline.obj (.text:CmdLineProcess)
                  000089e8    00000064     eth_client_lwip.obj (.text:EthClientSend)
                  00008a4c    00000064     lwiplib.obj (.text:dns_init)
                  00008ab0    00000064     lwiplib.obj (.text:mem_free)
                  00008b14    00000064     lwiplib.obj (.text:plug_holes)
                  00008b78    00000062     requests.obj (.text:ExtractValueByAlias)
                  00008bda    00000062     lwiplib.obj (.text:pbuf_header)
                  00008c3c    00000060     commands.obj (.text:Cmd_help)
                  00008c9c    0000005c     qs_iot.obj (.text:ConfigureADC0)
                  00008cf8    0000005c     lwiplib.obj (.text:dns_gethostbyname)
                  00008d54    0000005c     lwiplib.obj (.text:lwIPEthernetIntHandler)
                  00008db0    0000005c     lwiplib.obj (.text:memp_malloc)
                  00008e0c    0000005c     lwiplib.obj (.text:netif_set_ipaddr)
                  00008e68    0000005c     lwiplib.obj (.text:tcp_pcb_remove)
                  00008ec4    0000005a     stats.obj (.text:StatRequestFormat)
                  00008f1e    0000005a     lwiplib.obj (.text:inet_chksum_pbuf)
                  00008f78    0000005a     lwiplib.obj (.text:pbuf_realloc)
                  00008fd2    00000002     --HOLE-- [fill = 0]
                  00008fd4    00000059     exosite_hal_lwip.obj (.text:exoHAL_ReadUUID)
                  0000902d    00000003     --HOLE-- [fill = 0]
                  00009030    00000058     driverlib.lib : emac.obj (.text:EMACPHYConfigSet)
                  00009088    00000058     stats.obj (.text:StatPrintValue)
                  000090e0    00000058     exosite_hal_lwip.obj (.text:exoHAL_ResetConnection)
                  00009138    00000056     lwiplib.obj (.text:tcp_rexmit)
                  0000918e    00000002     --HOLE-- [fill = 0]
                  00009190    00000054     requests.obj (.text:AddSyncRequest)
                  000091e4    00000054     eth_client_lwip.obj (.text:EthClientDNSResolve)
                  00009238    00000054     exosite.obj (.text:Exosite_GetCIK)
                  0000928c    00000054     uartstdio.obj (.text:UARTgets)
                  000092e0    00000054     lwiplib.obj (.text:mem_init)
                  00009334    00000054     lwiplib.obj (.text:tcp_new_port)
                  00009388    00000052     lwiplib.obj (.text:tcp_pbuf_prealloc)
                  000093da    00000052     lwiplib.obj (.text:tivaif_process_transmit)
                  0000942c    00000050     driverlib.lib : sysctl.obj (.text:SysCtlPeripheralReset)
                  0000947c    00000050     lwiplib.obj (.text:netif_add)
                  000094cc    00000050     rtsv7M4_T_le_v4SPD16_eabi.lib : boot.obj (.text)
                  0000951c    00000050     lwiplib.obj (.text:sys_timeouts_init)
                  0000956c    00000050     lwiplib.obj (.text:tcp_write_checks)
                  000095bc    0000004e     exosite_meta.obj (.text:exosite_meta_read)
                  0000960a    0000004e     lwiplib.obj (.text:pbuf_free)
                  00009658    0000004c     buttons.obj (.text:ButtonsInit)
                  000096a4    0000004c     qs_iot.obj (.text:UpdateLEDs)
                  000096f0    0000004c     exosite_hal_lwip.obj (.text:exoHAL_ExositeConstructProxyRequest)
                  0000973c    0000004c     exosite_hal_lwip.obj (.text:exoHAL_SocketSend)
                  00009788    0000004c     lwiplib.obj (.text:ip_route)
                  000097d4    0000004c     rtsv7M4_T_le_v4SPD16_eabi.lib : cpy_tbl.obj (.text)
                  00009820    0000004c     lwiplib.obj (.text:tivaif_interrupt)
                  0000986c    0000004c     lwiplib.obj (.text:udp_connect)
                  000098b8    0000004c     lwiplib.obj (.text:udp_new_port)
                  00009904    00000048     driverlib.lib : sysctl.obj (.text:_SysCtlFrequencyGet)
                  0000994c    00000048     lwiplib.obj (.text:etharp_output_to_arp_index)
                  00009994    00000048     lwiplib.obj (.text:ip_output)
                  000099dc    00000048     lwiplib.obj (.text:tcp_kill_prio)
                  00009a24    00000048     lwiplib.obj (.text:tcp_rexmit_fast)
                  00009a6c    00000048     lwiplib.obj (.text:tivaif_check_pbuf)
                  00009ab4    00000046     lwiplib.obj (.text:tcp_send_empty_ack)
                  00009afa    00000046     lwiplib.obj (.text:tcp_send_fin)
                  00009b40    00000044     requests.obj (.text:AddRequest)
                  00009b84    00000044     eth_client_lwip.obj (.text:EthClientDHCPConnect)
                  00009bc8    00000044     http.obj (.text:InsertRequest)
                  00009c0c    00000044     uartstdio.obj (.text:UARTPeek)
                  00009c50    00000044     exosite_meta.obj (.text:exosite_meta_write)
                  00009c94    00000044     rtsv7M4_T_le_v4SPD16_eabi.lib : exit.obj (.text)
                  00009cd8    00000044     lwiplib.obj (.text:tcp_keepalive)
                  00009d1c    00000042     qs_iot.obj (.text:PrintMac)
                  00009d5e    00000042     lwiplib.obj (.text:dhcp_option_long)
                  00009da0    00000042     rtsv7M4_T_le_v4SPD16_eabi.lib : u_divt2.obj (.text)
                  00009de2    00000042     lwiplib.obj (.text:tcp_pcb_purge)
                  00009e24    00000040     driverlib.lib : eeprom.obj (.text:EEPROMInit)
                  00009e64    00000040     eth_client_lwip.obj (.text:TCPReceived)
                  00009ea4    00000040     lwiplib.obj (.text:etharp_tmr)
                  00009ee4    0000003c     uartstdio.obj (.text:UARTFlushTx)
                  00009f20    0000003c     qs_iot.obj (.text:UpdateButtons)
                  00009f5c    0000003c     driverlib.lib : eeprom.obj (.text:_EEPROMSectorMaskSet)
                  00009f98    0000003c     lwiplib.obj (.text:dhcp_coarse_tmr)
                  00009fd4    0000003a     driverlib.lib : emac.obj (.text:EMACIntEnable)
                  0000a00e    0000003a     lwiplib.obj (.text:dns_compare_name)
                  0000a048    00000038     eth_client_lwip.obj (.text:DNSServerFound)
                  0000a080    00000038     driverlib.lib : emac.obj (.text:EMACConfigGet)
                  0000a0b8    00000038                   : sysctl.obj (.text:SysCtlPeripheralReady)
                  0000a0f0    00000038     lwiplib.obj (.text:dhcp_fine_tmr)
                  0000a128    00000038     lwiplib.obj (.text:dhcp_handle_nak)
                  0000a160    00000038     lwiplib.obj (.text:dns_lookup)
                  0000a198    00000038     exosite_meta.obj (.text:exosite_meta_defaults)
                  0000a1d0    00000038     lwiplib.obj (.text:tcpip_tcp_timer)
                  0000a208    00000038     lwiplib.obj (.text:udp_sendto)
                  0000a240    00000036     qs_iot.obj (.text:PrintStats)
                  0000a276    00000036     exosite.obj (.text:connect_to_exosite)
                  0000a2ac    00000036     exosite_meta.obj (.text:exosite_meta_init)
                  0000a2e2    00000036     ustdlib.obj (.text:ustrncmp)
                  0000a318    00000034     driverlib.lib : eeprom.obj (.text:EEPROMRead)
                  0000a34c    00000034                   : emac.obj (.text:EMACConfigSet)
                  0000a380    00000034                   : emac.obj (.text:EMACIntClear)
                  0000a3b4    00000034                   : sysctl.obj (.text:SysCtlPeripheralEnable)
                  0000a3e8    00000034                   : eeprom.obj (.text:_EEPROMSectorMaskClear)
                  0000a41c    00000034     lwiplib.obj (.text:dhcp_network_changed)
                  0000a450    00000034     lwiplib.obj (.text:memp_free)
                  0000a484    00000034     lwiplib.obj (.text:netif_set_link_up)
                  0000a4b8    00000034     lwiplib.obj (.text:tcp_kill_timewait)
                  0000a4ec    00000034     lwiplib.obj (.text:tcp_timer_needed)
                  0000a520    00000034     lwiplib.obj (.text:tivaif_init)
                  0000a554    00000032     lwiplib.obj (.text:ip4_addr_isbroadcast)
                  0000a586    00000032     lwiplib.obj (.text:tcp_recved)
                  0000a5b8    00000031     qs_iot.obj (.text:LocateValidCIK)
                  0000a5e9    00000003     --HOLE-- [fill = 0]
                  0000a5ec    00000030     eth_client_lwip.obj (.text:ResetConnection)
                  0000a61c    00000030     ringbuf.obj (.text:UpdateIndexAtomic)
                  0000a64c    00000030     exosite.obj (.text:get_http_status)
                  0000a67c    00000030     rtsv7M4_T_le_v4SPD16_eabi.lib : strncpy.obj (.text)
                  0000a6ac    00000030     lwiplib.obj (.text:tcp_update_rcv_ann_wnd)
                  0000a6dc    00000030     lwiplib.obj (.text:udp_remove)
                  0000a70c    0000002e     stats.obj (.text:StatSetVal)
                  0000a73a    0000002e     lwiplib.obj (.text:dhcp_option_trailer)
                  0000a768    0000002e     lwiplib.obj (.text:tcp_rexmit_rto)
                  0000a796    0000002e     ustdlib.obj (.text:ustrstr)
                  0000a7c4    0000002c     driverlib.lib : emac.obj (.text:EMACIntStatus)
                  0000a7f0    0000002c     uartstdio.obj (.text:UARTFlushRx)
                  0000a81c    0000002c     lwiplib.obj (.text:dhcp_handle_offer)
                  0000a848    0000002c     lwiplib.obj (.text:etharp_request)
                  0000a874    0000002c     exosite_hal_lwip.obj (.text:exoHAL_ReadMetaItem)
                  0000a8a0    0000002c     exosite_hal_lwip.obj (.text:exoHAL_ServerConnect)
                  0000a8cc    0000002c     exosite_hal_lwip.obj (.text:exoHAL_WriteMetaItem)
                  0000a8f8    0000002a     driverlib.lib : gpio.obj (.text:GPIODirModeSet)
                  0000a922    0000002a     lwiplib.obj (.text:dhcp_stop)
                  0000a94c    0000002a     ustdlib.obj (.text:ustrncpy)
                  0000a976    00000002     --HOLE-- [fill = 0]
                  0000a978    00000028     exosite.obj (.text:Exosite_SetCIK)
                  0000a9a0    00000028     tictactoe.obj (.text:GameInit)
                  0000a9c8    00000028     lwiplib.obj (.text:etharp_cleanup_netif)
                  0000a9f0    00000028     exosite_hal_lwip.obj (.text:exoHAL_ExositeProxySet)
                  0000aa18    00000028     lwiplib.obj (.text:pbuf_cat)
                  0000aa40    00000026     http.obj (.text:BufferFillToEOL)
                  0000aa66    00000026     driverlib.lib : emac.obj (.text:EMACPHYRead)
                  0000aa8c    00000026                   : emac.obj (.text:EMACPHYWrite)
                  0000aab2    00000026     lwiplib.obj (.text:dhcp_check)
                  0000aad8    00000026     rtsv7M4_T_le_v4SPD16_eabi.lib : strncmp.obj (.text)
                  0000aafe    00000026     lwiplib.obj (.text:tcp_recv_null)
                  0000ab24    00000024     eth_client_lwip.obj (.text:EthClientTCPDisconnect)
                  0000ab48    00000024     driverlib.lib : interrupt.obj (.text:IntPrioritySet)
                  0000ab6c    00000024     lwiplib.obj (.text:dns_setserver)
                  0000ab90    00000024     lwiplib.obj (.text:etharp_free_entry)
                  0000abb4    00000024     lwiplib.obj (.text:lwIPNetworkConfigChange)
                  0000abd8    00000024     lwiplib.obj (.text:netif_set_up)
                  0000abfc    00000024     lwiplib.obj (.text:tcp_seg_copy)
                  0000ac20    00000022     lwiplib.obj (.text:dhcp_option_short)
                  0000ac42    00000022     rtsv7M4_T_le_v4SPD16_eabi.lib : memcmp.obj (.text)
                  0000ac64    00000020     http.obj (.text:BufferFillToCharacter)
                  0000ac84    00000020     commands.obj (.text:Cmd_activate)
                  0000aca4    00000020     eth_client_lwip.obj (.text:EthClientTick)
                  0000acc4    00000020     driverlib.lib : interrupt.obj (.text:IntPriorityGroupingSet)
                  0000ace4    00000020     lwiplib.obj (.text:dhcp_option)
                  0000ad04    00000020     lwiplib.obj (.text:etharp_send_ip)
                  0000ad24    00000020     lwiplib.obj (.text:lwIPTimer)
                  0000ad44    00000020     lwiplib.obj (.text:tcp_eff_send_mss)
                  0000ad64    00000020     lwiplib.obj (.text:tcp_tmr)
                  0000ad84    00000020     ustdlib.obj (.text:usprintf)
                  0000ada4    0000001e     driverlib.lib : emac.obj (.text:EMACAddrGet)
                  0000adc2    0000001e     lwiplib.obj (.text:netif_set_down)
                  0000ade0    0000001e     rtsv7M4_T_le_v4SPD16_eabi.lib : strcat.obj (.text)
                  0000adfe    00000002     --HOLE-- [fill = 0]
                  0000ae00    0000001c     eth_client_lwip.obj (.text:EthClientMACAddrGet)
                  0000ae1c    0000001c     ringbuf.obj (.text:RingBufRead)
                  0000ae38    0000001c     ringbuf.obj (.text:RingBufWrite)
                  0000ae54    0000001c     driverlib.lib : sysctl.obj (.text:_SysCtlMemTimingGet)
                  0000ae70    0000001c     lwiplib.obj (.text:dns_parse_name)
                  0000ae8c    0000001c     exosite_hal_lwip.obj (.text:exoHAL_EnableMeta)
                  0000aea8    0000001c     lwiplib.obj (.text:lwIPLocalIPAddrGet)
                  0000aec4    0000001c     lwiplib.obj (.text:netif_set_addr)
                  0000aee0    0000001c     lwiplib.obj (.text:udp_new)
                  0000aefc    0000001a     uartstdio.obj (.text:UARTprintf)
                  0000af16    0000001a     lwiplib.obj (.text:dhcp_arp_reply)
                  0000af30    0000001a     lwiplib.obj (.text:lwip_htonl)
                  0000af4a    00000018     uartstdio.obj (.text:IsBufferFull)
                  0000af62    00000002     --HOLE-- [fill = 0]
                  0000af64    00000018     eth_client_lwip.obj (.text:TCPError)
                  0000af7c    00000018     eth_client_lwip.obj (.text:TCPSent)
                  0000af94    00000018     lwiplib.obj (.text:arp_timer)
                  0000afac    00000018     lwiplib.obj (.text:dhcp_timer_coarse)
                  0000afc4    00000018     lwiplib.obj (.text:dhcp_timer_fine)
                  0000afdc    00000018     lwiplib.obj (.text:dns_timer)
                  0000aff4    00000018     lwiplib.obj (.text:pbuf_pool_is_empty)
                  0000b00c    00000018     rtsv7M4_T_le_v4SPD16_eabi.lib : args_main.obj (.text)
                  0000b024    00000018                                   : strcmp.obj (.text)
                  0000b03c    00000018     lwiplib.obj (.text:tcp_next_iss)
                  0000b054    00000018     lwiplib.obj (.text:tcp_seg_free)
                  0000b06c    00000016     driverlib.lib : emac.obj (.text:EMACReset)
                  0000b082    00000016                   : emac.obj (.text:EMACRxEnable)
                  0000b098    00000016                   : emac.obj (.text:EMACTxEnable)
                  0000b0ae    00000016     ringbuf.obj (.text:RingBufFlush)
                  0000b0c4    00000016     ringbuf.obj (.text:RingBufReadOne)
                  0000b0da    00000016     ringbuf.obj (.text:RingBufUsed)
                  0000b0f0    00000016     lwiplib.obj (.text:dhcp_delete_msg)
                  0000b106    00000016     lwiplib.obj (.text:dhcp_t1_timeout)
                  0000b11c    00000016     lwiplib.obj (.text:dhcp_t2_timeout)
                  0000b132    00000016     lwiplib.obj (.text:pbuf_ref)
                  0000b148    00000014     commands.obj (.text:Cmd_clear)
                  0000b15c    00000014     commands.obj (.text:Cmd_tictactoe)
                  0000b170    00000014     driverlib.lib : flash.obj (.text:FlashUserGet)
                  0000b184    00000014                   : systick.obj (.text:SysTickEnable)
                  0000b198    00000014                   : systick.obj (.text:SysTickIntEnable)
                  0000b1ac    00000014     lwiplib.obj (.text:ipaddr_addr)
                  0000b1c0    00000014     lwiplib.obj (.text:lwip_init)
                  0000b1d4    00000014     rtsv7M4_T_le_v4SPD16_eabi.lib : _lock.obj (.text)
                  0000b1e8    00000014                                   : strlen.obj (.text)
                  0000b1fc    00000014     lwiplib.obj (.text:sys_arch_unprotect)
                  0000b210    00000014     lwiplib.obj (.text:tcp_close)
                  0000b224    00000012     driverlib.lib : gpio.obj (.text:GPIOPinTypeEthernetLED)
                  0000b236    00000012     uartstdio.obj (.text:GetBufferCount)
                  0000b248    00000012     ringbuf.obj (.text:RingBufFree)
                  0000b25a    00000012     lwiplib.obj (.text:dhcp_option_byte)
                  0000b26c    00000012     lwiplib.obj (.text:dns_check_entries)
                  0000b27e    00000012     lwiplib.obj (.text:netif_set_link_down)
                  0000b290    00000012     lwiplib.obj (.text:pbuf_clen)
                  0000b2a2    00000012     lwiplib.obj (.text:tcp_segs_free)
                  0000b2b4    00000012     ustdlib.obj (.text:ustrlen)
                  0000b2c6    00000002     --HOLE-- [fill = 0]
                  0000b2c8    00000010     commands.obj (.text:Cmd_stats)
                  0000b2d8    00000010     driverlib.lib : emac.obj (.text:EMACFrameFilterSet)
                  0000b2e8    00000010     eth_client_lwip.obj (.text:EthClientHostSet)
                  0000b2f8    00000010     eth_client_lwip.obj (.text:EthClientProxySet)
                  0000b308    00000010     driverlib.lib : interrupt.obj (.text:IntMasterDisable)
                  0000b318    00000010                   : interrupt.obj (.text:IntMasterEnable)
                  0000b328    00000010     ringbuf.obj (.text:RingBufWriteOne)
                  0000b338    00000010     driverlib.lib : systick.obj (.text:SysTickPeriodSet)
                  0000b348    00000010                   : eeprom.obj (.text:_EEPROMWaitForDone)
                  0000b358    00000010     lwiplib.obj (.text:dhcp_set_state)
                  0000b368    00000010     lwiplib.obj (.text:dns_tmr)
                  0000b378    00000010     lwiplib.obj (.text:inet_chksum)
                  0000b388    00000010     lwiplib.obj (.text:pbuf_chain)
                  0000b398    00000010     lwiplib.obj (.text:sys_arch_protect)
                  0000b3a8    0000000e     uartstdio.obj (.text:IsBufferEmpty)
                  0000b3b6    0000000e     rtsv7M4_T_le_v4SPD16_eabi.lib : copy_decompress_none.obj (.text:decompress:none)
                  0000b3c4    0000000c     driverlib.lib : cpu.obj (.text:CPUcpsid)
                  0000b3d0    0000000c                   : cpu.obj (.text:CPUcpsie)
                  0000b3dc    0000000c     exosite.obj (.text:Exosite_StatusCode)
                  0000b3e8    0000000c     ringbuf.obj (.text:RingBufInit)
                  0000b3f4    0000000c     rtsv7M4_T_le_v4SPD16_eabi.lib : copy_zero_init.obj (.text:decompress:ZI)
                  0000b400    0000000c     exosite_hal_lwip.obj (.text:exoHAL_SocketClose)
                  0000b40c    0000000c     lwiplib.obj (.text:lwip_htons)
                  0000b418    0000000c     lwiplib.obj (.text:netif_set_default)
                  0000b424    0000000c     lwiplib.obj (.text:netif_set_gw)
                  0000b430    0000000c     lwiplib.obj (.text:netif_set_netmask)
                  0000b43c    0000000c     lwiplib.obj (.text:sys_now)
                  0000b448    0000000a     commands.obj (.text:Cmd_getmac)
                  0000b452    00000008     driverlib.lib : emac.obj (.text:EMACTxDMAPollDemand)
                  0000b45a    00000008     lwiplib.obj (.text:icmp_dest_unreach)
                  0000b462    00000008     ustdlib.obj (.text:ustrcmp)
                  0000b46a    00000006     driverlib.lib : emac.obj (.text:EMACRxDMADescriptorListSet)
                  0000b470    00000006                   : emac.obj (.text:EMACTimestampIntStatus)
                  0000b476    00000006                   : emac.obj (.text:EMACTxDMADescriptorListSet)
                  0000b47c    00000006     startup_ccs.obj (.text:ResetISR)
                  0000b482    00000006     driverlib.lib : sysctl.obj (.text:SysCtlDelay)
                  0000b488    00000006     exosite_hal_lwip.obj (.text:SysTickIntHandler)
                  0000b48e    00000006     rtsv7M4_T_le_v4SPD16_eabi.lib : copy_decompress_rle.obj (.text:decompress:rle24)
                  0000b494    00000006     lwiplib.obj (.text:tcp_abort)
                  0000b49a    00000006     lwiplib.obj (.text:tcp_err)
                  0000b4a0    00000006     lwiplib.obj (.text:tcp_new)
                  0000b4a6    00000006     lwiplib.obj (.text:tcp_recv)
                  0000b4ac    00000006     lwiplib.obj (.text:udp_recv)
                  0000b4b2    00000004     rtsv7M4_T_le_v4SPD16_eabi.lib : pre_init.obj (.text)
                  0000b4b6    00000004     lwiplib.obj (.text:tcp_sent)

.const     0    0000b4bc    00000756     
                  0000b4bc    0000027a     commands.obj (.const:.string)
                  0000b736    00000002     --HOLE-- [fill = 0]
                  0000b738    00000120     driverlib.lib : sysctl.obj (.const:g_pppui32XTALtoVCO)
                  0000b858    000000d2     qs_iot.obj (.const:.string)
                  0000b92a    00000002     --HOLE-- [fill = 0]
                  0000b92c    0000009c     driverlib.lib : interrupt.obj (.const:g_pui32Regs)
                  0000b9c8    0000008a     lwiplib.obj (.const:.string)
                  0000ba52    00000002     --HOLE-- [fill = 0]
                  0000ba54    00000070     driverlib.lib : interrupt.obj (.const)
                  0000bac4    0000006c                   : sysctl.obj (.const:g_pui32Xtals)
                  0000bb30    00000044     lwiplib.obj (.const)
                  0000bb74    00000030     driverlib.lib : sysctl.obj (.const:g_sXTALtoMEMTIM)
                  0000bba4    00000028     uartstdio.obj (.const)
                  0000bbcc    00000018     driverlib.lib : emac.obj (.const)
                  0000bbe4    00000012     uartstdio.obj (.const:.string)
                  0000bbf6    0000000e     http.obj (.const:.string)
                  0000bc04    00000008     driverlib.lib : sysctl.obj (.const)
                  0000bc0c    00000006     exosite_meta.obj (.const:.string)

.cinit     0    0000bc18    00000258     
                  0000bc18    00000231     (.cinit..data.load) [load image, compression = rle]
                  0000be49    00000003     --HOLE-- [fill = 0]
                  0000be4c    0000000c     (__TI_handler_table)
                  0000be58    00000008     (.cinit..bss.load) [load image, compression = zero_init]
                  0000be60    00000010     (__TI_cinit_table)

.init_array 
*          0    00000000    00000000     UNINITIALIZED

.bss       0    20000000    0000dbe1     UNINITIALIZED
                  20000000    00008014     lwiplib.obj (.bss:ram_heap)
                  20008014    00002eb4     lwiplib.obj (.bss:memp_memory)
                  2000aec8    00001000     eth_client_lwip.obj (.bss:g_pui8SendBuff)
                  2000bec8    00000460     lwiplib.obj (.bss:dns_table)
                  2000c328    00000400     qs_iot.obj (.bss:g_cInput)
                  2000c728    00000400     uartstdio.obj (.bss:g_pcUARTTxBuffer)
                  2000cb28    00000400     exosite_hal_lwip.obj (.bss:g_ui8Data)
                  2000cf28    00000204     lwiplib.obj (.bss:dns_payload_buffer)
                  2000d12c    00000120     lwiplib.obj (.bss:g_pRxDescriptors)
                  2000d24c    00000120     lwiplib.obj (.bss:g_pTxDescriptors)
                  2000d36c    00000100     requests.obj (.bss:g_pcReadRequest)
                  2000d46c    00000100     requests.obj (.bss:g_pcResponse)
                  2000d56c    00000100     http.obj (.bss:g_pcTempData)
                  2000d66c    00000100     requests.obj (.bss:g_pcWriteRequest)
                  2000d76c    000000ea     lwiplib.obj (.bss:lwip_stats)
                  2000d856    00000002     (.common:ip_id)
                  2000d858    000000c8     lwiplib.obj (.bss:arp_table)
                  2000d920    00000080     uartstdio.obj (.bss:g_pcUARTRxBuffer)
                  2000d9a0    00000044     exosite.obj (.bss:exosite_provision_info)
                  2000d9e4    00000038     eth_client_lwip.obj (.bss:g_sEnet)
                  2000da1c    00000034     exosite_hal_lwip.obj (.bss:g_pcProxyAddress)
                  2000da50    00000034     lwiplib.obj (.bss:g_sNetIF)
                  2000da84    00000028     lwiplib.obj (.bss:dhcp_rx_options_val)
                  2000daac    00000024     cmdline.obj (.bss:g_ppcArgv)
                  2000dad0    00000020     (.common:memp_tab)
                  2000daf0    00000014     (.common:g_sExosite)
                  2000db04    00000010     (.common:g_sEnetBuffer)
                  2000db14    00000010     (.common:inseg)
                  2000db24    0000000c     (.common:dhcp_rx_options_given)
                  2000db30    0000000c     (.common:g_pcGameInput)
                  2000db3c    00000008     (.common:dns_servers)
                  2000db44    00000004     (.common:ackno)
                  2000db48    00000004     (.common:current_header)
                  2000db4c    00000004     (.common:current_iphdr_dest)
                  2000db50    00000004     (.common:current_iphdr_src)
                  2000db54    00000004     (.common:current_netif)
                  2000db58    00000004     (.common:dns_payload)
                  2000db5c    00000004     (.common:dns_pcb)
                  2000db60    00000004     (.common:g_pfnTimerHandler)
                  2000db64    00000004     (.common:g_ui32AbnormalInts)
                  2000db68    00000004     (.common:g_ui32GWAddr)
                  2000db6c    00000004     (.common:g_ui32IPAddr)
                  2000db70    00000004     (.common:g_ui32IPAddr)
                  2000db74    00000004     (.common:g_ui32NetMask)
                  2000db78    00000004     (.common:g_ui32NormalInts)
                  2000db7c    00000004     (.common:g_ui32PortNum)
                  2000db80    00000004     (.common:iphdr)
                  2000db84    00000004     (.common:lfree)
                  2000db88    00000004     (.common:netif_default)
                  2000db8c    00000004     (.common:netif_list)
                  2000db90    00000004     (.common:next_timeout)
                  2000db94    00000004     (.common:ram)
                  2000db98    00000004     (.common:ram_end)
                  2000db9c    00000004     (.common:raw_pcbs)
                  2000dba0    00000004     (.common:recv_data)
                  2000dba4    00000004     (.common:seqno)
                  2000dba8    00000004     (.common:tcp_active_pcbs)
                  2000dbac    00000004     (.common:tcp_bound_pcbs)
                  2000dbb0    00000004     (.common:tcp_input_pcb)
                  2000dbb4    00000004     (.common:tcp_listen_pcbs)
                  2000dbb8    00000004     (.common:tcp_ticks)
                  2000dbbc    00000004     (.common:tcp_tmp_pcb)
                  2000dbc0    00000004     (.common:tcp_tw_pcbs)
                  2000dbc4    00000004     (.common:tcphdr)
                  2000dbc8    00000004     (.common:tcpip_tcp_timer_active)
                  2000dbcc    00000004     (.common:timeouts_last_time)
                  2000dbd0    00000004     (.common:udp_pcbs)
                  2000dbd4    00000002     (.common:tcplen)
                  2000dbd6    00000001     (.common:dns_seqno)
                  2000dbd7    00000001     (.common:etharp_cached_entry)
                  2000dbd8    00000001     (.common:flags)
                  2000dbd9    00000001     (.common:g_bDisableEcho)
                  2000dbda    00000001     (.common:g_ui32GameState)
                  2000dbdb    00000001     (.common:netif_num)
                  2000dbdc    00000001     (.common:pbuf_free_ooseq_pending)
                  2000dbdd    00000001     (.common:recv_flags)
                  2000dbde    00000001     (.common:tcp_active_pcbs_changed)
                  2000dbdf    00000001     (.common:tcp_timer)
                  2000dbe0    00000001     (.common:tcp_timer_ctr)

.TI.noinit 
*          0    20000000    00000000     UNINITIALIZED

.stack     0    2000dbe4    00001000     UNINITIALIZED
                  2000dbe4    00001000     --HOLE--

.data      0    2000ebe4    00000500     UNINITIALIZED
                  2000ebe4    00000100     exosite_hal_lwip.obj (.data:g_pcRequest)
                  2000ece4    000000dc     qs_iot.obj (.data)
                  2000edc0    000000a8     commands.obj (.data:g_psCmdTable)
                  2000ee68    0000008c     qs_iot.obj (.data:g_pcAlert)
                  2000eef4    00000064     qs_iot.obj (.data:g_pcContactEmail)
                  2000ef58    00000064     lwiplib.obj (.data)
                  2000efbc    0000003e     http.obj (.data)
                  2000effa    00000002     --HOLE--
                  2000effc    00000038     tictactoe.obj (.data)
                  2000f034    00000032     qs_iot.obj (.data:g_pcLocation)
                  2000f066    00000002     --HOLE--
                  2000f068    00000030     qs_iot.obj (.data:g_psDeviceStatistics)
                  2000f098    00000015     uartstdio.obj (.data)
                  2000f0ad    00000003     buttons.obj (.data)
                  2000f0b0    0000000c     commands.obj (.data)
                  2000f0bc    0000000c     exosite_hal_lwip.obj (.data)
                  2000f0c8    00000008     exosite.obj (.data)
                  2000f0d0    00000008     rtsv7M4_T_le_v4SPD16_eabi.lib : _lock.obj (.data)
                  2000f0d8    00000008                                   : exit.obj (.data)
                  2000f0e0    00000004                                   : stkdepth_vars.obj (.data)

.TI.persistent 
*          0    2000ebe4    00000000     UNINITIALIZED


LINKER GENERATED COPY TABLES

__TI_cinit_table @ 0000be60 records: 2, size/record: 8, table size: 16
	.data: load addr=0000bc18, load size=00000231 bytes, run addr=2000ebe4, run size=00000500 bytes, compression=rle
	.bss: load addr=0000be58, load size=00000008 bytes, run addr=20000000, run size=0000dbe1 bytes, compression=zero_init


LINKER GENERATED HANDLER TABLE

__TI_handler_table @ 0000be4c records: 3, size/record: 4, table size: 12
	index: 0, handler: __TI_decompress_rle24
	index: 1, handler: __TI_decompress_none
	index: 2, handler: __TI_zero_init


GLOBAL SYMBOLS: SORTED ALPHABETICALLY BY Name 

address   name                        
-------   ----                        
00009b41  AddRequest                  
00009191  AddSyncRequest              
000020bd  AdvanceGameState            
00009659  ButtonsInit                 
000077fd  ButtonsPoll                 
00009c95  C$$EXIT                     
0000b3c5  CPUcpsid                    
0000b3d1  CPUcpsie                    
00007171  CheckForUserCommands        
00005aed  CheckWinner                 
00008985  CmdLineProcess              
0000ac85  Cmd_activate                
00005a11  Cmd_alert                   
0000b149  Cmd_clear                   
00005571  Cmd_connect                 
0000b449  Cmd_getmac                  
00008c3d  Cmd_help                    
000048d1  Cmd_led                     
00006769  Cmd_setemail                
00002365  Cmd_setproxy                
0000b2c9  Cmd_stats                   
0000b15d  Cmd_tictactoe               
00008c9d  ConfigureADC0               
0000826d  ConfigureTimer0             
00009e25  EEPROMInit                  
00006225  EEPROMProgram               
0000a319  EEPROMRead                  
0000ada5  EMACAddrGet                 
0000a081  EMACConfigGet               
0000a34d  EMACConfigSet               
0000b2d9  EMACFrameFilterSet          
00008021  EMACInit                    
0000a381  EMACIntClear                
00009fd5  EMACIntEnable               
0000a7c5  EMACIntStatus               
00009031  EMACPHYConfigSet            
0000aa67  EMACPHYRead                 
0000aa8d  EMACPHYWrite                
0000b06d  EMACReset                   
0000b46b  EMACRxDMADescriptorListSet  
0000b083  EMACRxEnable                
0000b471  EMACTimestampIntStatus      
0000b477  EMACTxDMADescriptorListSet  
0000b453  EMACTxDMAPollDemand         
0000b099  EMACTxEnable                
0000aea9  EthClientAddrGet            
00009b85  EthClientDHCPConnect        
000091e5  EthClientDNSResolve         
0000b2e9  EthClientHostSet            
00007a2d  EthClientInit               
0000ae01  EthClientMACAddrGet         
0000b2f9  EthClientProxySet           
000089e9  EthClientSend               
000082dd  EthClientTCPConnect         
0000ab25  EthClientTCPDisconnect      
0000aca5  EthClientTick               
00003a41  Exosite_Activate            
00009239  Exosite_GetCIK              
0000834d  Exosite_Init                
00005271  Exosite_Read                
0000a979  Exosite_SetCIK              
0000b3dd  Exosite_StatusCode          
00005fcd  Exosite_Write               
00008b79  ExtractValueByAlias         
0000b171  FlashUserGet                
0000a8f9  GPIODirModeSet              
0000467d  GPIOPadConfigSet            
0000b225  GPIOPinTypeEthernetLED      
0000a9a1  GameInit                    
0000516d  GetEEPROMCIK                
00005bc1  HTTPMessageTypeSet          
0000720d  HTTPResponseParse           
000062e9  InitDMADescriptors          
000085dd  IntEnable                   
0000b309  IntMasterDisable            
0000b319  IntMasterEnable             
0000acc5  IntPriorityGroupingSet      
0000ab49  IntPrioritySet              
0000a5b9  LocateValidCIK              
000030a9  PinoutSet                   
00002c6d  PrintAllData                
00000f65  PrintConnectionHelp         
00009d1d  PrintMac                    
0000a241  PrintStats                  
000070d1  ProcessTurn                 
00002e91  ProvisionCIK                
0000b47d  ResetISR                    
0000b0af  RingBufFlush                
0000b249  RingBufFree                 
0000b3e9  RingBufInit                 
0000ae1d  RingBufRead                 
0000b0c5  RingBufReadOne              
0000b0db  RingBufUsed                 
0000ae39  RingBufWrite                
0000b329  RingBufWriteOne             
UNDEFED   SHT$$INIT_ARRAY$$Base       
UNDEFED   SHT$$INIT_ARRAY$$Limit      
00007889  SetGameMode                 
00005761  ShowBoard                   
00009089  StatPrintValue              
00008ec5  StatRequestFormat           
0000a70d  StatSetVal                  
00006095  SyncWithExosite             
000032bd  SysCtlClockFreqSet          
0000b483  SysCtlDelay                 
0000a3b5  SysCtlPeripheralEnable      
0000a0b9  SysCtlPeripheralReady       
0000942d  SysCtlPeripheralReset       
0000b185  SysTickEnable               
0000b199  SysTickIntEnable            
0000b489  SysTickIntHandler           
0000b339  SysTickPeriodSet            
00008111  TCPConnected                
0000af65  TCPError                    
00009e65  TCPReceived                 
0000af7d  TCPSent                     
0000747d  Timer0IntHandler            
0000a7f1  UARTFlushRx                 
00009ee5  UARTFlushTx                 
00009c0d  UARTPeek                    
00006a45  UARTStdioConfig             
00003ef5  UARTStdioIntHandler         
0000928d  UARTgets                    
0000aefd  UARTprintf                  
000034c1  UARTvprintf                 
00006ba1  UARTwrite                   
00009f21  UpdateButtons               
00007db5  UpdateInternalTemp          
000096a5  UpdateLEDs                  
2000ebe4  __STACK_END                 
00001000  __STACK_SIZE                
2000ebe4  __STACK_TOP                 
0000be60  __TI_CINIT_Base             
0000be70  __TI_CINIT_Limit            
0000be4c  __TI_Handler_Table_Base     
0000be58  __TI_Handler_Table_Limit    
00008505  __TI_auto_init              
2000f0d8  __TI_cleanup_ptr            
0000b3b7  __TI_decompress_none        
0000b48f  __TI_decompress_rle24       
2000f0dc  __TI_dtors_ptr              
00000000  __TI_static_base__          
0000b3f5  __TI_zero_init              
00007fa5  __aeabi_memclr              
00007fa5  __aeabi_memclr4             
00007fa5  __aeabi_memclr8             
00007345  __aeabi_memcpy              
00007345  __aeabi_memcpy4             
00007345  __aeabi_memcpy8             
00007fa7  __aeabi_memset              
00007fa7  __aeabi_memset4             
00007fa7  __aeabi_memset8             
00009da1  __aeabi_uidiv               
00009da1  __aeabi_uidivmod            
ffffffff  __binit__                   
ffffffff  __c_args__                  
2000dbe4  __stack                     
0000b00d  _args_main                  
000094cd  _c_int00                    
2000f0d0  _lock                       
0000b1e3  _nop                        
0000b1db  _register_lock              
0000b1d5  _register_unlock            
0000b4b3  _system_pre_init            
2000f0d4  _unlock                     
00009c99  abort                       
ffffffff  binit                       
0000a277  connect_to_exosite          
000097d5  copy_in                     
2000db48  current_header              
2000db4c  current_iphdr_dest          
2000db50  current_iphdr_src           
2000db54  current_netif               
0000af17  dhcp_arp_reply              
00009f99  dhcp_coarse_tmr             
0000a0f1  dhcp_fine_tmr               
0000a41d  dhcp_network_changed        
00006e41  dhcp_release                
00007bb5  dhcp_renew                  
2000db24  dhcp_rx_options_given       
2000da84  dhcp_rx_options_val         
00006cf1  dhcp_start                  
0000a923  dhcp_stop                   
00008cf9  dns_gethostbyname           
00008a4d  dns_init                    
0000ab6d  dns_setserver               
0000b369  dns_tmr                     
0000a9c9  etharp_cleanup_netif        
00004e45  etharp_output               
00004b09  etharp_query                
0000a849  etharp_request              
00009ea5  etharp_tmr                  
0000bb68  ethbroadcast                
00006f89  ethernet_input              
0000bb6e  ethzero                     
00009ca1  exit                        
0000ae8d  exoHAL_EnableMeta           
000036ab  exoHAL_EraseMeta            
000049f1  exoHAL_ExositeEnetEvents    
000075ad  exoHAL_ExositeInit          
0000a9f1  exoHAL_ExositeProxySet      
0000a875  exoHAL_ReadMetaItem         
00008fd5  exoHAL_ReadUUID             
000090e1  exoHAL_ResetConnection      
0000a8a1  exoHAL_ServerConnect        
0000b401  exoHAL_SocketClose          
00005c95  exoHAL_SocketOpenTCP        
00007c35  exoHAL_SocketRecv           
0000973d  exoHAL_SocketSend           
0000a8cd  exoHAL_WriteMetaItem        
0000a199  exosite_meta_defaults       
0000a2ad  exosite_meta_init           
000095bd  exosite_meta_read           
00009c51  exosite_meta_write          
2000d9a0  exosite_provision_info      
2000ef6c  g_RxDescList                
2000ef5c  g_TxDescList                
2000edb9  g_bGameActive               
2000edba  g_bOnline                   
2000edb8  g_bPrintingData             
2000f0bc  g_bUseProxy                 
2000c328  g_cInput                    
2000d12c  g_pRxDescriptors            
2000d24c  g_pTxDescriptors            
2000ee68  g_pcAlert                   
2000eef4  g_pcContactEmail            
2000db30  g_pcGameInput               
2000f034  g_pcLocation                
2000da1c  g_pcProxyAddress            
2000d36c  g_pcReadRequest             
2000ebe4  g_pcRequest                 
2000d46c  g_pcResponse                
2000d66c  g_pcWriteRequest            
2000db60  g_pfnTimerHandler           
00000000  g_pfnVectors                
2000f0b0  g_ppcAlertMessages          
2000edc0  g_psCmdTable                
2000f068  g_psDeviceStatistics        
2000aec8  g_pui8SendBuff              
2000eda4  g_sAlert                    
2000ed84  g_sBoardState               
2000ed94  g_sContactEmail             
2000d9e4  g_sEnet                     
2000db04  g_sEnetBuffer               
2000daf0  g_sExosite                  
2000ed34  g_sInternalTempC            
2000ed24  g_sInternalTempF            
2000ed54  g_sLEDD1                    
2000ed64  g_sLEDD2                    
2000ed74  g_sLocation                 
2000ed04  g_sSW1Presses               
2000ed14  g_sSW2Presses               
2000ed44  g_sSecondsOnTime            
2000f0be  g_ui16ProxyPort             
2000db64  g_ui32AbnormalInts          
2000effc  g_ui32BoardState            
2000f008  g_ui32Col                   
2000f0c4  g_ui32EEStatus              
2000edbb  g_ui32Err                   
2000dbda  g_ui32GameState             
2000db6c  g_ui32IPAddr                
2000ecf0  g_ui32InternalTempC         
2000ecec  g_ui32InternalTempF         
2000ecfc  g_ui32LEDD1                 
2000ed00  g_ui32LEDD2                 
2000f000  g_ui32LastState             
2000edbc  g_ui32LinkRetries           
2000ef88  g_ui32LocalTimer            
2000f010  g_ui32Mode                  
2000db78  g_ui32NormalInts            
2000f00c  g_ui32Player                
2000f004  g_ui32Row                   
2000ece4  g_ui32SW1Presses            
2000ece8  g_ui32SW2Presses            
2000ecf8  g_ui32SecondsOnTime         
2000edb4  g_ui32SysClock              
2000ecf4  g_ui32TimerIntCount         
2000f014  g_ui32WinConditions         
2000cb28  g_ui8Data                   
2000f0c0  g_ui8RequestSize            
0000a64d  get_http_status             
0000b45b  icmp_dest_unreach           
00003d71  icmp_input                  
0000b379  inet_chksum                 
00008f1f  inet_chksum_pbuf            
00006471  info_assemble               
0000a555  ip4_addr_isbroadcast        
0000bb60  ip_addr_any                 
0000bb64  ip_addr_broadcast           
000036ad  ip_input                    
00009995  ip_output                   
0000702d  ip_output_if                
00009789  ip_route                    
0000b1ad  ipaddr_addr                 
00004f55  ipaddr_aton                 
00008d55  lwIPEthernetIntHandler      
00004c1d  lwIPHostTimerHandler        
0000584d  lwIPInit                    
0000aea9  lwIPLocalIPAddrGet          
0000abb5  lwIPNetworkConfigChange     
0000ad25  lwIPTimer                   
0000af31  lwip_htonl                  
0000b40d  lwip_htons                  
0000b1c1  lwip_init                   
0000af31  lwip_ntohl                  
0000b40d  lwip_ntohs                  
2000d76c  lwip_stats                  
000009bd  main                        
2000f0e0  main_func_sp                
00008ab1  mem_free                    
000092e1  mem_init                    
00005065  mem_malloc                  
00005371  mem_trim                    
0000ac43  memcmp                      
00007345  memcpy                      
0000a451  memp_free                   
00008499  memp_init                   
00008db1  memp_malloc                 
00007fad  memset                      
0000947d  netif_add                   
2000db88  netif_default               
2000db8c  netif_list                  
0000aec5  netif_set_addr              
0000b419  netif_set_default           
0000adc3  netif_set_down              
0000b425  netif_set_gw                
00008e0d  netif_set_ipaddr            
0000b27f  netif_set_link_down         
0000a485  netif_set_link_up           
0000b431  netif_set_netmask           
0000abd9  netif_set_up                
000042dd  pbuf_alloc                  
0000aa19  pbuf_cat                    
0000b389  pbuf_chain                  
0000b291  pbuf_clen                   
000076d9  pbuf_copy                   
0000877d  pbuf_copy_partial           
0000960b  pbuf_free                   
2000dbdc  pbuf_free_ooseq_pending     
00008bdb  pbuf_header                 
00008f79  pbuf_realloc                
0000b133  pbuf_ref                    
20000000  ram_heap                    
000081f9  raw_input                   
00002819  sendLine                    
0000ade1  strcat                      
0000b025  strcmp                      
0000b1e9  strlen                      
0000aad9  strncmp                     
0000a67d  strncpy                     
0000b399  sys_arch_protect            
0000b1fd  sys_arch_unprotect          
0000b43d  sys_now                     
000087e5  sys_timeout                 
0000951d  sys_timeouts_init           
0000776d  tcp_abandon                 
0000b495  tcp_abort                   
2000dba8  tcp_active_pcbs             
2000dbde  tcp_active_pcbs_changed     
00005d65  tcp_alloc                   
0000b9c8  tcp_backoff                 
2000dbac  tcp_bound_pcbs              
0000b211  tcp_close                   
00005669  tcp_connect                 
0000ad45  tcp_eff_send_mss            
00006d99  tcp_enqueue_flags           
0000b49b  tcp_err                     
000083bd  tcp_fasttmr                 
000013a9  tcp_input                   
2000dbb0  tcp_input_pcb               
00009cd9  tcp_keepalive               
2000dbb4  tcp_listen_pcbs             
0000b4a1  tcp_new                     
0000b03d  tcp_next_iss                
00003be1  tcp_output                  
0000bb50  tcp_pcb_lists               
00009de3  tcp_pcb_purge               
00008e69  tcp_pcb_remove              
0000b9d5  tcp_persist_backoff         
000088b5  tcp_process_refused_data    
0000b4a7  tcp_recv                    
0000aaff  tcp_recv_null               
0000a587  tcp_recved                  
00009139  tcp_rexmit                  
00009a25  tcp_rexmit_fast             
0000a769  tcp_rexmit_rto              
00007ead  tcp_rst                     
0000abfd  tcp_seg_copy                
0000b055  tcp_seg_free                
0000b2a3  tcp_segs_free               
00009ab5  tcp_send_empty_ack          
00009afb  tcp_send_fin                
0000b4b7  tcp_sent                    
00001df5  tcp_slowtmr                 
2000dbb8  tcp_ticks                   
0000a4ed  tcp_timer_needed            
2000dbbc  tcp_tmp_pcb                 
0000ad65  tcp_tmr                     
2000dbc0  tcp_tw_pcbs                 
0000a6ad  tcp_update_rcv_ann_wnd      
00001b09  tcp_write                   
000079a1  tcp_zero_window_probe       
0000a521  tivaif_init                 
00009821  tivaif_interrupt            
00007f29  tivaif_process_phy_interrupt
0000891d  udp_bind                    
0000986d  udp_connect                 
0000387d  udp_input                   
0000aee1  udp_new                     
2000dbd0  udp_pcbs                    
0000b4ad  udp_recv                    
0000a6dd  udp_remove                  
0000a209  udp_sendto                  
0000615d  udp_sendto_if               
0000ad85  usprintf                    
0000b463  ustrcmp                     
0000b2b5  ustrlen                     
0000a2e3  ustrncmp                    
0000a94d  ustrncpy                    
0000a797  ustrstr                     
000073e1  ustrtoul                    
000025c9  uvsnprintf                  


GLOBAL SYMBOLS: SORTED BY Symbol Address 

address   name                        
-------   ----                        
00000000  __TI_static_base__          
00000000  g_pfnVectors                
000009bd  main                        
00000f65  PrintConnectionHelp         
00001000  __STACK_SIZE                
000013a9  tcp_input                   
00001b09  tcp_write                   
00001df5  tcp_slowtmr                 
000020bd  AdvanceGameState            
00002365  Cmd_setproxy                
000025c9  uvsnprintf                  
00002819  sendLine                    
00002c6d  PrintAllData                
00002e91  ProvisionCIK                
000030a9  PinoutSet                   
000032bd  SysCtlClockFreqSet          
000034c1  UARTvprintf                 
000036ab  exoHAL_EraseMeta            
000036ad  ip_input                    
0000387d  udp_input                   
00003a41  Exosite_Activate            
00003be1  tcp_output                  
00003d71  icmp_input                  
00003ef5  UARTStdioIntHandler         
000042dd  pbuf_alloc                  
0000467d  GPIOPadConfigSet            
000048d1  Cmd_led                     
000049f1  exoHAL_ExositeEnetEvents    
00004b09  etharp_query                
00004c1d  lwIPHostTimerHandler        
00004e45  etharp_output               
00004f55  ipaddr_aton                 
00005065  mem_malloc                  
0000516d  GetEEPROMCIK                
00005271  Exosite_Read                
00005371  mem_trim                    
00005571  Cmd_connect                 
00005669  tcp_connect                 
00005761  ShowBoard                   
0000584d  lwIPInit                    
00005a11  Cmd_alert                   
00005aed  CheckWinner                 
00005bc1  HTTPMessageTypeSet          
00005c95  exoHAL_SocketOpenTCP        
00005d65  tcp_alloc                   
00005fcd  Exosite_Write               
00006095  SyncWithExosite             
0000615d  udp_sendto_if               
00006225  EEPROMProgram               
000062e9  InitDMADescriptors          
00006471  info_assemble               
00006769  Cmd_setemail                
00006a45  UARTStdioConfig             
00006ba1  UARTwrite                   
00006cf1  dhcp_start                  
00006d99  tcp_enqueue_flags           
00006e41  dhcp_release                
00006f89  ethernet_input              
0000702d  ip_output_if                
000070d1  ProcessTurn                 
00007171  CheckForUserCommands        
0000720d  HTTPResponseParse           
00007345  __aeabi_memcpy              
00007345  __aeabi_memcpy4             
00007345  __aeabi_memcpy8             
00007345  memcpy                      
000073e1  ustrtoul                    
0000747d  Timer0IntHandler            
000075ad  exoHAL_ExositeInit          
000076d9  pbuf_copy                   
0000776d  tcp_abandon                 
000077fd  ButtonsPoll                 
00007889  SetGameMode                 
000079a1  tcp_zero_window_probe       
00007a2d  EthClientInit               
00007bb5  dhcp_renew                  
00007c35  exoHAL_SocketRecv           
00007db5  UpdateInternalTemp          
00007ead  tcp_rst                     
00007f29  tivaif_process_phy_interrupt
00007fa5  __aeabi_memclr              
00007fa5  __aeabi_memclr4             
00007fa5  __aeabi_memclr8             
00007fa7  __aeabi_memset              
00007fa7  __aeabi_memset4             
00007fa7  __aeabi_memset8             
00007fad  memset                      
00008021  EMACInit                    
00008111  TCPConnected                
000081f9  raw_input                   
0000826d  ConfigureTimer0             
000082dd  EthClientTCPConnect         
0000834d  Exosite_Init                
000083bd  tcp_fasttmr                 
00008499  memp_init                   
00008505  __TI_auto_init              
000085dd  IntEnable                   
0000877d  pbuf_copy_partial           
000087e5  sys_timeout                 
000088b5  tcp_process_refused_data    
0000891d  udp_bind                    
00008985  CmdLineProcess              
000089e9  EthClientSend               
00008a4d  dns_init                    
00008ab1  mem_free                    
00008b79  ExtractValueByAlias         
00008bdb  pbuf_header                 
00008c3d  Cmd_help                    
00008c9d  ConfigureADC0               
00008cf9  dns_gethostbyname           
00008d55  lwIPEthernetIntHandler      
00008db1  memp_malloc                 
00008e0d  netif_set_ipaddr            
00008e69  tcp_pcb_remove              
00008ec5  StatRequestFormat           
00008f1f  inet_chksum_pbuf            
00008f79  pbuf_realloc                
00008fd5  exoHAL_ReadUUID             
00009031  EMACPHYConfigSet            
00009089  StatPrintValue              
000090e1  exoHAL_ResetConnection      
00009139  tcp_rexmit                  
00009191  AddSyncRequest              
000091e5  EthClientDNSResolve         
00009239  Exosite_GetCIK              
0000928d  UARTgets                    
000092e1  mem_init                    
0000942d  SysCtlPeripheralReset       
0000947d  netif_add                   
000094cd  _c_int00                    
0000951d  sys_timeouts_init           
000095bd  exosite_meta_read           
0000960b  pbuf_free                   
00009659  ButtonsInit                 
000096a5  UpdateLEDs                  
0000973d  exoHAL_SocketSend           
00009789  ip_route                    
000097d5  copy_in                     
00009821  tivaif_interrupt            
0000986d  udp_connect                 
00009995  ip_output                   
00009a25  tcp_rexmit_fast             
00009ab5  tcp_send_empty_ack          
00009afb  tcp_send_fin                
00009b41  AddRequest                  
00009b85  EthClientDHCPConnect        
00009c0d  UARTPeek                    
00009c51  exosite_meta_write          
00009c95  C$$EXIT                     
00009c99  abort                       
00009ca1  exit                        
00009cd9  tcp_keepalive               
00009d1d  PrintMac                    
00009da1  __aeabi_uidiv               
00009da1  __aeabi_uidivmod            
00009de3  tcp_pcb_purge               
00009e25  EEPROMInit                  
00009e65  TCPReceived                 
00009ea5  etharp_tmr                  
00009ee5  UARTFlushTx                 
00009f21  UpdateButtons               
00009f99  dhcp_coarse_tmr             
00009fd5  EMACIntEnable               
0000a081  EMACConfigGet               
0000a0b9  SysCtlPeripheralReady       
0000a0f1  dhcp_fine_tmr               
0000a199  exosite_meta_defaults       
0000a209  udp_sendto                  
0000a241  PrintStats                  
0000a277  connect_to_exosite          
0000a2ad  exosite_meta_init           
0000a2e3  ustrncmp                    
0000a319  EEPROMRead                  
0000a34d  EMACConfigSet               
0000a381  EMACIntClear                
0000a3b5  SysCtlPeripheralEnable      
0000a41d  dhcp_network_changed        
0000a451  memp_free                   
0000a485  netif_set_link_up           
0000a4ed  tcp_timer_needed            
0000a521  tivaif_init                 
0000a555  ip4_addr_isbroadcast        
0000a587  tcp_recved                  
0000a5b9  LocateValidCIK              
0000a64d  get_http_status             
0000a67d  strncpy                     
0000a6ad  tcp_update_rcv_ann_wnd      
0000a6dd  udp_remove                  
0000a70d  StatSetVal                  
0000a769  tcp_rexmit_rto              
0000a797  ustrstr                     
0000a7c5  EMACIntStatus               
0000a7f1  UARTFlushRx                 
0000a849  etharp_request              
0000a875  exoHAL_ReadMetaItem         
0000a8a1  exoHAL_ServerConnect        
0000a8cd  exoHAL_WriteMetaItem        
0000a8f9  GPIODirModeSet              
0000a923  dhcp_stop                   
0000a94d  ustrncpy                    
0000a979  Exosite_SetCIK              
0000a9a1  GameInit                    
0000a9c9  etharp_cleanup_netif        
0000a9f1  exoHAL_ExositeProxySet      
0000aa19  pbuf_cat                    
0000aa67  EMACPHYRead                 
0000aa8d  EMACPHYWrite                
0000aad9  strncmp                     
0000aaff  tcp_recv_null               
0000ab25  EthClientTCPDisconnect      
0000ab49  IntPrioritySet              
0000ab6d  dns_setserver               
0000abb5  lwIPNetworkConfigChange     
0000abd9  netif_set_up                
0000abfd  tcp_seg_copy                
0000ac43  memcmp                      
0000ac85  Cmd_activate                
0000aca5  EthClientTick               
0000acc5  IntPriorityGroupingSet      
0000ad25  lwIPTimer                   
0000ad45  tcp_eff_send_mss            
0000ad65  tcp_tmr                     
0000ad85  usprintf                    
0000ada5  EMACAddrGet                 
0000adc3  netif_set_down              
0000ade1  strcat                      
0000ae01  EthClientMACAddrGet         
0000ae1d  RingBufRead                 
0000ae39  RingBufWrite                
0000ae8d  exoHAL_EnableMeta           
0000aea9  EthClientAddrGet            
0000aea9  lwIPLocalIPAddrGet          
0000aec5  netif_set_addr              
0000aee1  udp_new                     
0000aefd  UARTprintf                  
0000af17  dhcp_arp_reply              
0000af31  lwip_htonl                  
0000af31  lwip_ntohl                  
0000af65  TCPError                    
0000af7d  TCPSent                     
0000b00d  _args_main                  
0000b025  strcmp                      
0000b03d  tcp_next_iss                
0000b055  tcp_seg_free                
0000b06d  EMACReset                   
0000b083  EMACRxEnable                
0000b099  EMACTxEnable                
0000b0af  RingBufFlush                
0000b0c5  RingBufReadOne              
0000b0db  RingBufUsed                 
0000b133  pbuf_ref                    
0000b149  Cmd_clear                   
0000b15d  Cmd_tictactoe               
0000b171  FlashUserGet                
0000b185  SysTickEnable               
0000b199  SysTickIntEnable            
0000b1ad  ipaddr_addr                 
0000b1c1  lwip_init                   
0000b1d5  _register_unlock            
0000b1db  _register_lock              
0000b1e3  _nop                        
0000b1e9  strlen                      
0000b1fd  sys_arch_unprotect          
0000b211  tcp_close                   
0000b225  GPIOPinTypeEthernetLED      
0000b249  RingBufFree                 
0000b27f  netif_set_link_down         
0000b291  pbuf_clen                   
0000b2a3  tcp_segs_free               
0000b2b5  ustrlen                     
0000b2c9  Cmd_stats                   
0000b2d9  EMACFrameFilterSet          
0000b2e9  EthClientHostSet            
0000b2f9  EthClientProxySet           
0000b309  IntMasterDisable            
0000b319  IntMasterEnable             
0000b329  RingBufWriteOne             
0000b339  SysTickPeriodSet            
0000b369  dns_tmr                     
0000b379  inet_chksum                 
0000b389  pbuf_chain                  
0000b399  sys_arch_protect            
0000b3b7  __TI_decompress_none        
0000b3c5  CPUcpsid                    
0000b3d1  CPUcpsie                    
0000b3dd  Exosite_StatusCode          
0000b3e9  RingBufInit                 
0000b3f5  __TI_zero_init              
0000b401  exoHAL_SocketClose          
0000b40d  lwip_htons                  
0000b40d  lwip_ntohs                  
0000b419  netif_set_default           
0000b425  netif_set_gw                
0000b431  netif_set_netmask           
0000b43d  sys_now                     
0000b449  Cmd_getmac                  
0000b453  EMACTxDMAPollDemand         
0000b45b  icmp_dest_unreach           
0000b463  ustrcmp                     
0000b46b  EMACRxDMADescriptorListSet  
0000b471  EMACTimestampIntStatus      
0000b477  EMACTxDMADescriptorListSet  
0000b47d  ResetISR                    
0000b483  SysCtlDelay                 
0000b489  SysTickIntHandler           
0000b48f  __TI_decompress_rle24       
0000b495  tcp_abort                   
0000b49b  tcp_err                     
0000b4a1  tcp_new                     
0000b4a7  tcp_recv                    
0000b4ad  udp_recv                    
0000b4b3  _system_pre_init            
0000b4b7  tcp_sent                    
0000b9c8  tcp_backoff                 
0000b9d5  tcp_persist_backoff         
0000bb50  tcp_pcb_lists               
0000bb60  ip_addr_any                 
0000bb64  ip_addr_broadcast           
0000bb68  ethbroadcast                
0000bb6e  ethzero                     
0000be4c  __TI_Handler_Table_Base     
0000be58  __TI_Handler_Table_Limit    
0000be60  __TI_CINIT_Base             
0000be70  __TI_CINIT_Limit            
20000000  ram_heap                    
2000aec8  g_pui8SendBuff              
2000c328  g_cInput                    
2000cb28  g_ui8Data                   
2000d12c  g_pRxDescriptors            
2000d24c  g_pTxDescriptors            
2000d36c  g_pcReadRequest             
2000d46c  g_pcResponse                
2000d66c  g_pcWriteRequest            
2000d76c  lwip_stats                  
2000d9a0  exosite_provision_info      
2000d9e4  g_sEnet                     
2000da1c  g_pcProxyAddress            
2000da84  dhcp_rx_options_val         
2000daf0  g_sExosite                  
2000db04  g_sEnetBuffer               
2000db24  dhcp_rx_options_given       
2000db30  g_pcGameInput               
2000db48  current_header              
2000db4c  current_iphdr_dest          
2000db50  current_iphdr_src           
2000db54  current_netif               
2000db60  g_pfnTimerHandler           
2000db64  g_ui32AbnormalInts          
2000db6c  g_ui32IPAddr                
2000db78  g_ui32NormalInts            
2000db88  netif_default               
2000db8c  netif_list                  
2000dba8  tcp_active_pcbs             
2000dbac  tcp_bound_pcbs              
2000dbb0  tcp_input_pcb               
2000dbb4  tcp_listen_pcbs             
2000dbb8  tcp_ticks                   
2000dbbc  tcp_tmp_pcb                 
2000dbc0  tcp_tw_pcbs                 
2000dbd0  udp_pcbs                    
2000dbda  g_ui32GameState             
2000dbdc  pbuf_free_ooseq_pending     
2000dbde  tcp_active_pcbs_changed     
2000dbe4  __stack                     
2000ebe4  __STACK_END                 
2000ebe4  __STACK_TOP                 
2000ebe4  g_pcRequest                 
2000ece4  g_ui32SW1Presses            
2000ece8  g_ui32SW2Presses            
2000ecec  g_ui32InternalTempF         
2000ecf0  g_ui32InternalTempC         
2000ecf4  g_ui32TimerIntCount         
2000ecf8  g_ui32SecondsOnTime         
2000ecfc  g_ui32LEDD1                 
2000ed00  g_ui32LEDD2                 
2000ed04  g_sSW1Presses               
2000ed14  g_sSW2Presses               
2000ed24  g_sInternalTempF            
2000ed34  g_sInternalTempC            
2000ed44  g_sSecondsOnTime            
2000ed54  g_sLEDD1                    
2000ed64  g_sLEDD2                    
2000ed74  g_sLocation                 
2000ed84  g_sBoardState               
2000ed94  g_sContactEmail             
2000eda4  g_sAlert                    
2000edb4  g_ui32SysClock              
2000edb8  g_bPrintingData             
2000edb9  g_bGameActive               
2000edba  g_bOnline                   
2000edbb  g_ui32Err                   
2000edbc  g_ui32LinkRetries           
2000edc0  g_psCmdTable                
2000ee68  g_pcAlert                   
2000eef4  g_pcContactEmail            
2000ef5c  g_TxDescList                
2000ef6c  g_RxDescList                
2000ef88  g_ui32LocalTimer            
2000effc  g_ui32BoardState            
2000f000  g_ui32LastState             
2000f004  g_ui32Row                   
2000f008  g_ui32Col                   
2000f00c  g_ui32Player                
2000f010  g_ui32Mode                  
2000f014  g_ui32WinConditions         
2000f034  g_pcLocation                
2000f068  g_psDeviceStatistics        
2000f0b0  g_ppcAlertMessages          
2000f0bc  g_bUseProxy                 
2000f0be  g_ui16ProxyPort             
2000f0c0  g_ui8RequestSize            
2000f0c4  g_ui32EEStatus              
2000f0d0  _lock                       
2000f0d4  _unlock                     
2000f0d8  __TI_cleanup_ptr            
2000f0dc  __TI_dtors_ptr              
2000f0e0  main_func_sp                
ffffffff  __binit__                   
ffffffff  __c_args__                  
ffffffff  binit                       
UNDEFED   SHT$$INIT_ARRAY$$Base       
UNDEFED   SHT$$INIT_ARRAY$$Limit      

[422 symbols]
