******************************************************************************
                  TI ARM Linker PC v5.2.2                      
******************************************************************************
>> Linked Fri Jun 05 13:50:21 2015

OUTPUT FILE NAME:   <usb_dev_cserial.out>
ENTRY POINT SYMBOL: "_c_int00"  address: 00002f35


MEMORY CONFIGURATION

         name            origin    length      used     unused   attr    fill
----------------------  --------  ---------  --------  --------  ----  --------
  FLASH                 00000000   00100000  00004d4e  000fb2b2  R  X
  SRAM                  20000000   00040000  00000ea8  0003f158  RW X


SEGMENT ALLOCATION MAP

run origin  load origin   length   init length attrs members
----------  ----------- ---------- ----------- ----- -------
00000000    00000000    00004d50   00004d50    r-x
  00000000    00000000    00000200   00000200    r-- .intvecs
  00000200    00000200    000044be   000044be    r-x .text
  000046c0    000046c0    000004c8   000004c8    r-- .const
  00004b88    00004b88    000001c8   000001c8    r-- .cinit
20000000    20000000    00000ea8   00000000    rw-
  20000000    20000000    000007a4   00000000    rw- .bss
  200007a4    200007a4    00000400   00000000    rw- .stack
  20000ba4    20000ba4    00000304   00000000    rw- .data


SECTION ALLOCATION MAP

 output                                  attributes/
section   page    origin      length       input sections
--------  ----  ----------  ----------   ----------------
.intvecs   0    00000000    00000200     
                  00000000    00000200     startup_ccs.obj (.intvecs)

.text      0    00000200    000044be     
                  00000200    00000214     pinout.obj (.text:PinoutSet)
                  00000414    00000204     driverlib.lib : sysctl.obj (.text:SysCtlClockFreqSet)
                  00000618    000001f8     usblib.lib : usbdcomp.obj (.text:BuildCompositeDescriptor)
                  00000810    000001d8     usb_dev_cserial.obj (.text:main)
                  000009e8    00000170     usblib.lib : usbdma.obj (.text:USBLibDMAInit)
                  00000b58    00000150                : usbdenum.obj (.text:USBDEP0StateTxConfig)
                  00000ca8    00000150                : usbdenum.obj (.text:USBDeviceIntHandlerInternal)
                  00000df8    00000148                : usbdenum.obj (.text:USBDCDInit)
                  00000f40    00000140                : usbdconfig.obj (.text:USBDeviceConfig)
                  00001080    00000130     driverlib.lib : gpio.obj (.text:GPIOPadConfigSet)
                  000011b0    000000ec     usb_dev_cserial.obj (.text:Cmd_led)
                  0000129c    000000ea     usblib.lib : usbdma.obj (.text:iDMAUSBTransfer)
                  00001386    00000002     startup_ccs.obj (.text:FaultISR)
                  00001388    000000e4     usblib.lib : usbdenum.obj (.text:USBDGetDescriptor)
                  0000146c    000000d8                : usbdenum.obj (.text:USBDeviceEnumHandler)
                  00001544    000000d4                : usbdcdc.obj (.text:HandleRequests)
                  00001618    000000d4                : usbdcomp.obj (.text:USBDCompositeInit)
                  000016ec    000000c4     usb_dev_cserial.obj (.text:ControlHandler)
                  000017b0    000000c0     usblib.lib : usbdma.obj (.text:uDMAUSBChannelAllocate)
                  00001870    000000bc                : usbbuffer.obj (.text:HandleRxAvailable)
                  0000192c    000000ba                : usbdma.obj (.text:uDMAUSBTransfer)
                  000019e6    000000a8                : usbdcdc.obj (.text:HandleDevice)
                  00001a8e    00000002     startup_ccs.obj (.text:IntDefaultHandler)
                  00001a90    000000a0     usblib.lib : usbdcdc.obj (.text:USBDCDCCompositeInit)
                  00001b30    0000009c     usb_dev_cserial.obj (.text:RxHandlerCmd)
                  00001bcc    0000009c     rtsv7M4_T_le_v4SPD16_eabi.lib : memcpy_t2.obj (.text)
                  00001c68    00000098     usblib.lib : usbdenum.obj (.text:USBDSetInterface)
                  00001d00    00000096                : usbdcdc.obj (.text:CDCTickHandler)
                  00001d96    00000094                : usbbuffer.obj (.text:ScheduleNextTransmission)
                  00001e2a    00000092                : usbdcdc.obj (.text:SendSerialState)
                  00001ebc    00000090                : usbdcdc.obj (.text:USBDCDCPacketRead)
                  00001f4c    0000008c                : usbdenum.obj (.text:USBDSetConfiguration)
                  00001fd8    0000008c                : usbdconfig.obj (.text:USBDeviceConfigAlternate)
                  00002064    00000084     usb_dev_cserial.obj (.text:GetLineCoding)
                  000020e8    00000084     usblib.lib : usbdma.obj (.text:iDMAUSBChannelAllocate)
                  0000216c    00000084     driverlib.lib : udma.obj (.text:uDMAChannelTransferSet)
                  000021f0    0000007c     usblib.lib : usbdenum.obj (.text:USBDClearFeature)
                  0000226c    0000007a     driverlib.lib : usb.obj (.text:USBDevEndpointConfigSet)
                  000022e6    0000007a     rtsv7M4_T_le_v4SPD16_eabi.lib : memset_t2.obj (.text)
                  00002360    00000074     usblib.lib : usbdenum.obj (.text:USBDGetStatus)
                  000023d4    00000072                : usbdcdc.obj (.text:ProcessDataFromHost)
                  00002446    00000072                : usbdma.obj (.text:uDMAUSBArbSizeSet)
                  000024b8    00000070                : usbdenum.obj (.text:USBDEP0StateTx)
                  00002528    00000070                : usbdma.obj (.text:uDMAUSBUnitSizeSet)
                  00002598    0000006c     rtsv7M4_T_le_v4SPD16_eabi.lib : autoinit.obj (.text)
                  00002604    0000006a                                   : copy_decompress_rle.obj (.text)
                  0000266e    00000002     startup_ccs.obj (.text:NmiSR)
                  00002670    00000068     driverlib.lib : interrupt.obj (.text:IntDisable)
                  000026d8    00000068                   : interrupt.obj (.text:IntEnable)
                  00002740    00000068     usb_dev_cserial.obj (.text:SetLineCoding)
                  000027a8    00000068     usblib.lib : usbdenum.obj (.text:USBDSetFeature)
                  00002810    00000064     cmdline.obj (.text:CmdLineProcess)
                  00002874    00000064     usb_dev_cserial.obj (.text:Cmd_help)
                  000028d8    00000064     driverlib.lib : interrupt.obj (.text:IntIsEnabled)
                  0000293c    00000064     usblib.lib : usbdma.obj (.text:uDMAUSBChannelEnable)
                  000029a0    00000060     usb_dev_cserial.obj (.text:Echo)
                  00002a00    00000060     usblib.lib : usbdcomp.obj (.text:GetDescriptor)
                  00002a60    00000060                : usbdcomp.obj (.text:HandleRequests)
                  00002ac0    00000060     usb_dev_cserial.obj (.text:ReadUARTData)
                  00002b20    00000060     usblib.lib : usbbuffer.obj (.text:USBBufferEventCallback)
                  00002b80    00000060                : usbdenum.obj (.text:USBDReadAndDispatchRequest)
                  00002be0    0000005e                : usbdcdc.obj (.text:ProcessDataToHost)
                  00002c3e    0000005e     driverlib.lib : usb.obj (.text:USBDevEndpointStatusClear)
                  00002c9c    00000058     usblib.lib : usbdcomp.obj (.text:HandleDevice)
                  00002cf4    00000058                : usbdcdc.obj (.text:USBDCDCPacketWrite)
                  00002d4c    00000056                : usbdma.obj (.text:uDMAUSBChannelRelease)
                  00002da2    00000052                : usbulpi.obj (.text:ULPIConfigSet)
                  00002df4    00000050     driverlib.lib : sysctl.obj (.text:SysCtlPeripheralReset)
                  00002e44    00000050     usblib.lib : usbdcdesc.obj (.text:USBDCDConfigDescGet)
                  00002e94    00000050                : usbdenum.obj (.text:USBDeviceResumeTickHandler)
                  00002ee4    00000050     usb_dev_cserial.obj (.text:USBUARTIntHandler)
                  00002f34    00000050     rtsv7M4_T_le_v4SPD16_eabi.lib : boot.obj (.text)
                  00002f84    0000004e     driverlib.lib : usb.obj (.text:USBDevEndpointStallClear)
                  00002fd2    0000004c     usblib.lib : usbdcdesc.obj (.text:ConfigAlternateInterfaceGet)
                  0000301e    0000004c                : usbdconfig.obj (.text:GetEPDescriptorType)
                  0000306a    0000004c                : usbdcdc.obj (.text:HandleEndpoints)
                  000030b6    0000004c     driverlib.lib : usb.obj (.text:USBEndpointDMAConfigSet)
                  00003102    00000002     usblib.lib : usbdma.obj (.text:iDMAUSBArbSizeSet)
                  00003104    0000004c     rtsv7M4_T_le_v4SPD16_eabi.lib : cpy_tbl.obj (.text)
                  00003150    0000004a     usblib.lib : usbdma.obj (.text:iDMAUSBChannelEnable)
                  0000319a    0000004a                : usbdma.obj (.text:uDMAUSBChannelDisable)
                  000031e4    00000048                : usbdcdc.obj (.text:HandleEP0Data)
                  0000322c    00000048                : usbdenum.obj (.text:USBDStringIndexFromRequest)
                  00003274    00000048                : usbdenum.obj (.text:USBDeviceEnumResetHandler)
                  000032bc    00000048     driverlib.lib : sysctl.obj (.text:_SysCtlFrequencyGet)
                  00003304    00000048                   : udma.obj (.text:uDMAChannelAttributeDisable)
                  0000334c    00000044     usb_dev_cserial.obj (.text:CommandPrint)
                  00003390    00000044     usblib.lib : usbdenum.obj (.text:USBDCDDeviceInfoInit)
                  000033d4    00000044                : usbdenum.obj (.text:USBDGetInterface)
                  00003418    00000044     driverlib.lib : usb.obj (.text:USBEndpointDataGet)
                  0000345c    00000044     usb_dev_cserial.obj (.text:USBUARTPrimeTransmit)
                  000034a0    00000044     rtsv7M4_T_le_v4SPD16_eabi.lib : exit.obj (.text)
                  000034e4    00000042     driverlib.lib : uart.obj (.text:UARTConfigSetExpClk)
                  00003526    0000003e     usblib.lib : usbdcomp.obj (.text:ConfigChangeHandler)
                  00003564    0000003c                : usbdma.obj (.text:iDMAUSBChannelRelease)
                  000035a0    0000003a                : usbdcdesc.obj (.text:USBDCDConfigGetInterfaceEndpoint)
                  000035da    0000003a     driverlib.lib : usb.obj (.text:USBFIFOConfigSet)
                  00003614    00000038     usblib.lib : usbdcomp.obj (.text:EndpointToIndex)
                  0000364c    00000038                : usbdcomp.obj (.text:HandleDisconnect)
                  00003684    00000038                : usbtick.obj (.text:InternalUSBRegisterTickHandler)
                  000036bc    00000038                : usbdcomp.obj (.text:ResetHandler)
                  000036f4    00000038                : usbdcomp.obj (.text:ResumeHandler)
                  0000372c    00000038                : usbdcdc.obj (.text:SendBreak)
                  00003764    00000038                : usbdcomp.obj (.text:SuspendHandler)
                  0000379c    00000038     driverlib.lib : usb.obj (.text:USBIntStatusControl)
                  000037d4    00000038     usblib.lib : usbringbuf.obj (.text:USBRingBufAdvanceWrite)
                  0000380c    00000034                : usbtick.obj (.text:InternalUSBStartOfFrameTick)
                  00003840    00000034     usb_dev_cserial.obj (.text:RxHandlerEcho)
                  00003874    00000034     driverlib.lib : sysctl.obj (.text:SysCtlPeripheralEnable)
                  000038a8    00000034     usblib.lib : usbdcdc.obj (.text:USBDCDCSerialStateChange)
                  000038dc    00000034                : usbdma.obj (.text:iDMAUSBChannelStatus)
                  00003910    00000032                : usbdcdc.obj (.text:HandleConfigChange)
                  00003942    00000032                : usbdcomp.obj (.text:InterfaceChange)
                  00003974    00000032                : usbdcdesc.obj (.text:NextConfigDescGet)
                  000039a6    00000032                : usbdcdc.obj (.text:ProcessNotificationToHost)
                  000039d8    00000032     driverlib.lib : usb.obj (.text:USBDevEndpointStall)
                  00003a0a    00000032     usblib.lib : usbdma.obj (.text:iDMAUSBChannelDisable)
                  00003a3c    00000030                : usbdma.obj (.text:DMAUSBIntHandler)
                  00003a6c    00000030                : usbdcomp.obj (.text:HandleEndpoints)
                  00003a9c    00000030                : usbtick.obj (.text:InternalUSBTickInit)
                  00003acc    00000030                : usbdenum.obj (.text:USBDGetConfiguration)
                  00003afc    00000030     driverlib.lib : usb.obj (.text:USBEndpointDataPut)
                  00003b2c    00000030     usblib.lib : usbringbuf.obj (.text:UpdateIndexAtomic)
                  00003b5c    0000002e                : usbbuffer.obj (.text:USBBufferWrite)
                  00003b8a    0000002e                : usbdcdc.obj (.text:USBDCDCRxPacketAvailable)
                  00003bb8    0000002e     driverlib.lib : usb.obj (.text:USBEndpointDataSend)
                  00003be6    0000002c     usblib.lib : usbdcomp.obj (.text:InterfaceToIndex)
                  00003c12    0000002c                : usbdesc.obj (.text:USBDescGet)
                  00003c3e    0000002c                : usbdma.obj (.text:uDMAUSBIntStatus)
                  00003c6a    0000002a     usb_dev_cserial.obj (.text:CheckForSerialStateChange)
                  00003c94    0000002a     driverlib.lib : gpio.obj (.text:GPIODirModeSet)
                  00003cbe    0000002a     usblib.lib : usbbuffer.obj (.text:HandleRequestBuffer)
                  00003ce8    0000002a                : usbdcdesc.obj (.text:USBDCDConfigDescGetNum)
                  00003d12    00000028                : usbbuffer.obj (.text:USBBufferRead)
                  00003d3a    00000002                : usbdma.obj (.text:iDMAUSBUnitSizeSet)
                  00003d3c    00000028                : usbdenum.obj (.text:USBDSetAddress)
                  00003d64    00000028                : usbdesc.obj (.text:USBDescGetNum)
                  00003d8c    00000028     driverlib.lib : usb.obj (.text:USBIntEnableControl)
                  00003db4    00000028                   : udma.obj (.text:uDMAChannelModeGet)
                  00003ddc    00000026                   : uart.obj (.text:UARTConfigGetExpClk)
                  00003e02    00000024     usblib.lib : usbdcdc.obj (.text:SendLineStateChange)
                  00003e26    00000024     driverlib.lib : usb.obj (.text:USBDevEndpointDataAck)
                  00003e4a    00000024                   : usb.obj (.text:USBEndpointDMADisable)
                  00003e6e    00000024                   : usb.obj (.text:USBEndpointDMAEnable)
                  00003e92    00000002     usblib.lib : usbdma.obj (.text:uDMAUSBChannelIntDisable)
                  00003e94    00000024     driverlib.lib : udma.obj (.text:uDMAChannelControlSet)
                  00003eb8    00000022     usblib.lib : usbdcomp.obj (.text:DataReceived)
                  00003eda    00000022                : usbdcomp.obj (.text:DataSent)
                  00003efc    00000022                : usbdcdc.obj (.text:HandleDisconnect)
                  00003f1e    00000022                : usbdcdc.obj (.text:SendLineCodingChange)
                  00003f40    00000022                : usbdma.obj (.text:uDMAUSBChannelStatus)
                  00003f62    00000020                : usbdconfig.obj (.text:GetEndpointFIFOSize)
                  00003f82    00000020                : usbbuffer.obj (.text:HandleDataRemaining)
                  00003fa2    00000002                : usbdma.obj (.text:uDMAUSBChannelIntEnable)
                  00003fa4    00000020     usb_dev_cserial.obj (.text:SendBreak)
                  00003fc4    00000020     usblib.lib : usbringbuf.obj (.text:USBRingBufAdvanceRead)
                  00003fe4    0000001e                : usbdcdc.obj (.text:CheckAndSendBreak)
                  00004002    0000001e     driverlib.lib : usb.obj (.text:USBULPIRegRead)
                  00004020    0000001e                   : usb.obj (.text:USBULPIRegWrite)
                  0000403e    0000001c     usblib.lib : usbdcomp.obj (.text:CompositeEPChange)
                  0000405a    0000001c                : usbdcomp.obj (.text:CompositeIfaceChange)
                  00004076    00000002     --HOLE-- [fill = 0]
                  00004078    0000001c     driverlib.lib : uart.obj (.text:UARTDisable)
                  00004094    0000001c     usblib.lib : usbdcdesc.obj (.text:USBDCDConfigGetInterface)
                  000040b0    0000001c                : usbdenum.obj (.text:USBDCDStallEP0)
                  000040cc    0000001c     driverlib.lib : usb.obj (.text:USBEndpointDataAvail)
                  000040e8    0000001c     usblib.lib : usbringbuf.obj (.text:USBRingBufContigFree)
                  00004104    0000001c     driverlib.lib : sysctl.obj (.text:_SysCtlMemTimingGet)
                  00004120    0000001a     usblib.lib : usbdcdc.obj (.text:DeviceConsumedAllData)
                  0000413a    0000001a     driverlib.lib : usb.obj (.text:USBEndpointDMAChannel)
                  00004154    0000001a     usblib.lib : usbringbuf.obj (.text:USBRingBufRead)
                  0000416e    0000001a                : usbringbuf.obj (.text:USBRingBufWrite)
                  00004188    00000018                : usbdcdc.obj (.text:SetDeferredOpFlag)
                  000041a0    00000018                : usbdhandler.obj (.text:USB0DeviceIntHandler)
                  000041b8    00000018                : usbbuffer.obj (.text:USBBufferInit)
                  000041d0    00000018                : usbdcdesc.obj (.text:USBDCDConfigDescGetSize)
                  000041e8    00000018                : usbdenum.obj (.text:USBDSetDescriptor)
                  00004200    00000018                : usbdenum.obj (.text:USBDSyncFrame)
                  00004218    00000018     rtsv7M4_T_le_v4SPD16_eabi.lib : args_main.obj (.text)
                  00004230    00000018                                   : strcmp.obj (.text)
                  00004248    00000018     driverlib.lib : udma.obj (.text:uDMAChannelDisable)
                  00004260    00000018                   : udma.obj (.text:uDMAChannelEnable)
                  00004278    00000016     usblib.lib : usbdcdc.obj (.text:CheckAndSendLineCodingChange)
                  0000428e    00000016                : usbdcdc.obj (.text:CheckAndSendLineStateChange)
                  000042a4    00000016                : usbringbuf.obj (.text:USBRingBufFlush)
                  000042ba    00000016                : usbringbuf.obj (.text:USBRingBufReadOne)
                  000042d0    00000016                : usbringbuf.obj (.text:USBRingBufUsed)
                  000042e6    00000014                : usbbuffer.obj (.text:HandleTxComplete)
                  000042fa    00000002     --HOLE-- [fill = 0]
                  000042fc    00000014     driverlib.lib : sysctl.obj (.text:SysCtlUSBPLLEnable)
                  00004310    00000014                   : systick.obj (.text:SysTickEnable)
                  00004324    00000014                   : systick.obj (.text:SysTickIntEnable)
                  00004338    00000014                   : uart.obj (.text:UARTBreakCtl)
                  0000434c    00000014                   : uart.obj (.text:UARTEnable)
                  00004360    00000014     usblib.lib : usbdenum.obj (.text:USBDCDRequestDataEP0)
                  00004374    00000014                : usbdenum.obj (.text:USBDCDSendDataEP0)
                  00004388    00000014     driverlib.lib : usb.obj (.text:USBDMAChannelConfigSet)
                  0000439c    00000014                   : usb.obj (.text:USBHostResume)
                  000043b0    00000014                   : usb.obj (.text:USBIntEnableEndpoint)
                  000043c4    00000014                   : usb.obj (.text:_USBIndexWrite)
                  000043d8    00000014     rtsv7M4_T_le_v4SPD16_eabi.lib : _lock.obj (.text)
                  000043ec    00000012     driverlib.lib : gpio.obj (.text:GPIOPinTypeEthernetLED)
                  000043fe    00000012     usblib.lib : usbdcdc.obj (.text:HandleResume)
                  00004410    00000012                : usbdcdc.obj (.text:HandleSuspend)
                  00004422    00000012     driverlib.lib : usb.obj (.text:USBDMAChannelDisable)
                  00004434    00000012                   : usb.obj (.text:USBDMAChannelEnable)
                  00004446    00000012                   : usb.obj (.text:USBDMAChannelIntDisable)
                  00004458    00000012                   : usb.obj (.text:USBDMAChannelIntEnable)
                  0000446a    00000012     usblib.lib : usbringbuf.obj (.text:USBRingBufFree)
                  0000447c    00000010     driverlib.lib : interrupt.obj (.text:IntMasterDisable)
                  0000448c    00000010                   : interrupt.obj (.text:IntMasterEnable)
                  0000449c    00000010     usb_dev_cserial.obj (.text:SysTickIntHandler)
                  000044ac    00000010     driverlib.lib : systick.obj (.text:SysTickPeriodSet)
                  000044bc    00000010                   : usb.obj (.text:USBEndpointStatus)
                  000044cc    00000010     usblib.lib : usbringbuf.obj (.text:USBRingBufContigUsed)
                  000044dc    00000010                : usbringbuf.obj (.text:USBRingBufWriteOne)
                  000044ec    0000000e                : usbdma.obj (.text:DMAUSBIntStatusClear)
                  000044fa    0000000e     driverlib.lib : uart.obj (.text:UARTCharGetNonBlocking)
                  00004508    0000000e     usblib.lib : usbdcdc.obj (.text:USBDCDCTxPacketAvailable)
                  00004516    0000000e     driverlib.lib : usb.obj (.text:USBDMAChannelStatus)
                  00004524    0000000e                   : usb.obj (.text:USBDevLPMDisable)
                  00004532    0000000e                   : usb.obj (.text:USBDevLPMEnable)
                  00004540    0000000e                   : usb.obj (.text:USBULPIDisable)
                  0000454e    0000000e                   : usb.obj (.text:USBULPIEnable)
                  0000455c    0000000e     rtsv7M4_T_le_v4SPD16_eabi.lib : copy_decompress_none.obj (.text:decompress:none)
                  0000456a    0000000c     driverlib.lib : cpu.obj (.text:CPUcpsid)
                  00004576    0000000c                   : cpu.obj (.text:CPUcpsie)
                  00004582    0000000c                   : uart.obj (.text:UARTCharsAvail)
                  0000458e    0000000c                   : uart.obj (.text:UARTSpaceAvail)
                  0000459a    0000000c                   : usb.obj (.text:USBEndpointPacketCountSet)
                  000045a6    0000000c                   : usb.obj (.text:USBLPMIntEnable)
                  000045b2    0000000c     usblib.lib : usbringbuf.obj (.text:USBRingBufInit)
                  000045be    0000000c     rtsv7M4_T_le_v4SPD16_eabi.lib : copy_zero_init.obj (.text:decompress:ZI)
                  000045ca    0000000a     driverlib.lib : uart.obj (.text:UARTCharPut)
                  000045d4    0000000a                   : uart.obj (.text:UARTIntDisable)
                  000045de    0000000a                   : uart.obj (.text:UARTIntStatus)
                  000045e8    0000000a                   : usb.obj (.text:USBClockEnable)
                  000045f2    0000000a                   : usb.obj (.text:USBControllerVersion)
                  000045fc    0000000a                   : usb.obj (.text:USBDMAChannelAddressSet)
                  00004606    0000000a                   : usb.obj (.text:USBDMAChannelCountSet)
                  00004610    0000000a                   : usb.obj (.text:USBDevConnect)
                  0000461a    0000000a                   : usb.obj (.text:USBDevDisconnect)
                  00004624    0000000a                   : usb.obj (.text:USBIntStatusEndpoint)
                  0000462e    00000008                   : uart.obj (.text:UARTBusy)
                  00004636    00000008                   : uart.obj (.text:UARTIntEnable)
                  0000463e    00000008                   : usb.obj (.text:USBDevMode)
                  00004646    00000008                   : usb.obj (.text:USBFIFOAddrGet)
                  0000464e    00000008                   : usb.obj (.text:USBOTGMode)
                  00004656    00000008     usblib.lib : usbdma.obj (.text:iDMAUSBChannelIntDisable)
                  0000465e    00000008                : usbdma.obj (.text:iDMAUSBChannelIntEnable)
                  00004666    00000006     startup_ccs.obj (.text:ResetISR)
                  0000466c    00000006     driverlib.lib : uart.obj (.text:UARTFIFOLevelSet)
                  00004672    00000006     usblib.lib : usbbuffer.obj (.text:USBBufferDataAvailable)
                  00004678    00000006                : usbbuffer.obj (.text:USBBufferFlush)
                  0000467e    00000006                : usbbuffer.obj (.text:USBBufferSpaceAvailable)
                  00004684    00000006     driverlib.lib : usb.obj (.text:USBDMAChannelIntStatus)
                  0000468a    00000006                   : usb.obj (.text:USBDevLPMConfig)
                  00004690    00000006                   : usb.obj (.text:USBLPMIntStatus)
                  00004696    00000006     rtsv7M4_T_le_v4SPD16_eabi.lib : copy_decompress_rle.obj (.text:decompress:rle24)
                  0000469c    00000006     usblib.lib : usbdma.obj (.text:iDMAUSBIntStatus)
                  000046a2    00000004     usb_dev_cserial.obj (.text:Cmd_echo)
                  000046a6    00000004     usblib.lib : usbdma.obj (.text:DMAUSBStatus)
                  000046aa    00000004     usb_dev_cserial.obj (.text:TxHandlerCmd)
                  000046ae    00000004     usb_dev_cserial.obj (.text:TxHandlerEcho)
                  000046b2    00000004     driverlib.lib : uart.obj (.text:UARTIntClear)
                  000046b6    00000004                   : usb.obj (.text:USBDevAddrSet)
                  000046ba    00000004     rtsv7M4_T_le_v4SPD16_eabi.lib : pre_init.obj (.text)

.const     0    000046c0    000004c8     
                  000046c0    00000120     driverlib.lib : sysctl.obj (.const:g_pppui32XTALtoVCO)
                  000047e0    000000a6     usb_dev_cserial.obj (.const:.string)
                  00004886    00000002     --HOLE-- [fill = 0]
                  00004888    00000070     driverlib.lib : interrupt.obj (.const)
                  000048f8    0000006c                   : sysctl.obj (.const:g_pui32Xtals)
                  00004964    00000038     usblib.lib : usbdcdc.obj (.const)
                  0000499c    00000036     usb_structs.obj (.const:.string:g_pui8ConfigString)
                  000049d2    00000002     --HOLE-- [fill = 0]
                  000049d4    00000034     usblib.lib : usbdenum.obj (.const:g_psUSBDStdRequests)
                  00004a08    00000030                : usbdcdc.obj (.const:g_sCDCHandlers)
                  00004a38    00000030                : usbdcomp.obj (.const:g_sCompHandlers)
                  00004a68    00000030     driverlib.lib : sysctl.obj (.const:g_sXTALtoMEMTIM)
                  00004a98    0000002c     usb_structs.obj (.const:.string:g_pui8ControlInterfaceString)
                  00004ac4    00000024     usb_structs.obj (.const:.string:g_pui8ManufacturerString)
                  00004ae8    00000023     usblib.lib : usbdcdc.obj (.const:.string:g_pui8CDCSerCommInterface)
                  00004b0b    00000022     usb_structs.obj (.const:.string:g_pui8ProductString)
                  00004b2d    00000003     --HOLE-- [fill = 0]
                  00004b30    00000018     usb_structs.obj (.const)
                  00004b48    00000017     usblib.lib : usbdcdc.obj (.const:.string)
                  00004b5f    00000016     usb_structs.obj (.const:.string)
                  00004b75    00000009     usblib.lib : usbdcomp.obj (.const:.string)
                  00004b7e    00000002     --HOLE-- [fill = 0]
                  00004b80    00000008     driverlib.lib : sysctl.obj (.const)

.cinit     0    00004b88    000001c8     
                  00004b88    000001a1     (.cinit..data.load) [load image, compression = rle]
                  00004d29    00000003     --HOLE-- [fill = 0]
                  00004d2c    0000000c     (__TI_handler_table)
                  00004d38    00000008     (.cinit..bss.load) [load image, compression = zero_init]
                  00004d40    00000010     (__TI_cinit_table)

.init_array 
*          0    00000000    00000000     UNINITIALIZED

.bss       0    20000000    000007a4     UNINITIALIZED
                  20000000    00000200     usb_structs.obj (.bss:g_ppcUSBTxBuffer)
                  20000200    00000200     usb_structs.obj (.bss:g_ppui8USBRxBuffer)
                  20000400    00000110     usblib.lib : usbdma.obj (.bss:g_psUSBDMAInst)
                  20000510    00000100     usb_dev_cserial.obj (.bss:g_pcCmdBuf)
                  20000610    00000084     usb_dev_cserial.obj (.bss:g_pucDescriptorData)
                  20000694    00000050     usblib.lib : usbdenum.obj (.bss:g_psDCDInst)
                  200006e4    00000040                : usbdenum.obj (.bss:g_pui8DataBufferIn)
                  20000724    00000024     cmdline.obj (.bss:g_ppcArgv)
                  20000748    00000018     (.common:g_pfnTickHandlers)
                  20000760    00000018     (.common:g_psCompEntries)
                  20000778    00000018     (.common:g_pvTickInstance)
                  20000790    00000004     (.common:g_pcStatus)
                  20000794    00000004     (.common:g_ppCompConfigDescriptors)
                  20000798    00000004     (.common:g_ppsDevInfo)
                  2000079c    00000004     (.common:g_ui32ULPISupport)
                  200007a0    00000004     (.common:ui32CmdIdx)

.TI.noinit 
*          0    20000000    00000000     UNINITIALIZED

.stack     0    200007a4    00000400     UNINITIALIZED
                  200007a4    00000400     --HOLE--

.data      0    20000ba4    00000304     UNINITIALIZED
                  20000ba4    000000c0     usb_structs.obj (.data:g_psCDCDevice)
                  20000c64    0000007c     usb_structs.obj (.data:g_sCompDevice)
                  20000ce0    00000070     usb_structs.obj (.data:g_psRxBuffer)
                  20000d50    00000070     usb_structs.obj (.data:g_psTxBuffer)
                  20000dc0    00000048     usb_dev_cserial.obj (.data:g_psCmdTable)
                  20000e08    00000040     usblib.lib : usbdcdc.obj (.data)
                  20000e48    00000019     usb_dev_cserial.obj (.data)
                  20000e61    00000012     usblib.lib : usbdcomp.obj (.data)
                  20000e73    00000001     --HOLE--
                  20000e74    0000000c                : usbtick.obj (.data)
                  20000e80    00000009                : usbmode.obj (.data)
                  20000e89    00000003     --HOLE--
                  20000e8c    00000008     rtsv7M4_T_le_v4SPD16_eabi.lib : _lock.obj (.data)
                  20000e94    00000008                                   : exit.obj (.data)
                  20000e9c    00000008     usblib.lib : usbdenum.obj (.data)
                  20000ea4    00000004     rtsv7M4_T_le_v4SPD16_eabi.lib : stkdepth_vars.obj (.data)

.TI.persistent 
*          0    20000ba4    00000000     UNINITIALIZED


LINKER GENERATED COPY TABLES

__TI_cinit_table @ 00004d40 records: 2, size/record: 8, table size: 16
	.data: load addr=00004b88, load size=000001a1 bytes, run addr=20000ba4, run size=00000304 bytes, compression=rle
	.bss: load addr=00004d38, load size=00000008 bytes, run addr=20000000, run size=000007a4 bytes, compression=zero_init


LINKER GENERATED HANDLER TABLE

__TI_handler_table @ 00004d2c records: 3, size/record: 4, table size: 12
	index: 0, handler: __TI_decompress_rle24
	index: 1, handler: __TI_decompress_none
	index: 2, handler: __TI_zero_init


GLOBAL SYMBOLS: SORTED ALPHABETICALLY BY Name 

address   name                            
-------   ----                            
00000619  BuildCompositeDescriptor        
000034a1  C$$EXIT                         
0000456b  CPUcpsid                        
00004577  CPUcpsie                        
00002811  CmdLineProcess                  
000046a3  Cmd_echo                        
00002875  Cmd_help                        
000011b1  Cmd_led                         
0000334d  CommandPrint                    
000016ed  ControlHandler                  
000029a1  Echo                            
00003c95  GPIODirModeSet                  
00001081  GPIOPadConfigSet                
000043ed  GPIOPinTypeEthernetLED          
00002671  IntDisable                      
000026d9  IntEnable                       
000028d9  IntIsEnabled                    
0000447d  IntMasterDisable                
0000448d  IntMasterEnable                 
00003685  InternalUSBRegisterTickHandler  
0000380d  InternalUSBStartOfFrameTick     
00003a9d  InternalUSBTickInit             
00000201  PinoutSet                       
000023d5  ProcessDataFromHost             
00002be1  ProcessDataToHost               
000039a7  ProcessNotificationToHost       
00004667  ResetISR                        
00001b31  RxHandlerCmd                    
00003841  RxHandlerEcho                   
UNDEFED   SHT$$INIT_ARRAY$$Base           
UNDEFED   SHT$$INIT_ARRAY$$Limit          
00000415  SysCtlClockFreqSet              
00003875  SysCtlPeripheralEnable          
00002df5  SysCtlPeripheralReset           
000042fd  SysCtlUSBPLLEnable              
00004311  SysTickEnable                   
00004325  SysTickIntEnable                
0000449d  SysTickIntHandler               
000044ad  SysTickPeriodSet                
000046ab  TxHandlerCmd                    
000046af  TxHandlerEcho                   
00004339  UARTBreakCtl                    
0000462f  UARTBusy                        
000044fb  UARTCharGetNonBlocking          
000045cb  UARTCharPut                     
00004583  UARTCharsAvail                  
00003ddd  UARTConfigGetExpClk             
000034e5  UARTConfigSetExpClk             
00004079  UARTDisable                     
0000434d  UARTEnable                      
0000466d  UARTFIFOLevelSet                
000046b3  UARTIntClear                    
000045d5  UARTIntDisable                  
00004637  UARTIntEnable                   
000045df  UARTIntStatus                   
0000458f  UARTSpaceAvail                  
00002da3  ULPIConfigSet                   
000041a1  USB0DeviceIntHandler            
00004673  USBBufferDataAvailable          
00002b21  USBBufferEventCallback          
00004679  USBBufferFlush                  
000041b9  USBBufferInit                   
00003d13  USBBufferRead                   
0000467f  USBBufferSpaceAvailable         
00003b5d  USBBufferWrite                  
000045e9  USBClockEnable                  
000045f3  USBControllerVersion            
00001a91  USBDCDCCompositeInit            
00001ebd  USBDCDCPacketRead               
00002cf5  USBDCDCPacketWrite              
00003b8b  USBDCDCRxPacketAvailable        
000038a9  USBDCDCSerialStateChange        
00004509  USBDCDCTxPacketAvailable        
00002e45  USBDCDConfigDescGet             
00003ce9  USBDCDConfigDescGetNum          
000041d1  USBDCDConfigDescGetSize         
00004095  USBDCDConfigGetInterface        
000035a1  USBDCDConfigGetInterfaceEndpoint
00003391  USBDCDDeviceInfoInit            
00000df9  USBDCDInit                      
00004361  USBDCDRequestDataEP0            
00004375  USBDCDSendDataEP0               
000040b1  USBDCDStallEP0                  
00001619  USBDCompositeInit               
000045fd  USBDMAChannelAddressSet         
00004389  USBDMAChannelConfigSet          
00004607  USBDMAChannelCountSet           
00004423  USBDMAChannelDisable            
00004435  USBDMAChannelEnable             
00004447  USBDMAChannelIntDisable         
00004459  USBDMAChannelIntEnable          
00004685  USBDMAChannelIntStatus          
00004517  USBDMAChannelStatus             
00003c13  USBDescGet                      
00003d65  USBDescGetNum                   
000046b7  USBDevAddrSet                   
00004611  USBDevConnect                   
0000461b  USBDevDisconnect                
0000226d  USBDevEndpointConfigSet         
00003e27  USBDevEndpointDataAck           
000039d9  USBDevEndpointStall             
00002f85  USBDevEndpointStallClear        
00002c3f  USBDevEndpointStatusClear       
0000468b  USBDevLPMConfig                 
00004525  USBDevLPMDisable                
00004533  USBDevLPMEnable                 
0000463f  USBDevMode                      
00000f41  USBDeviceConfig                 
00001fd9  USBDeviceConfigAlternate        
0000146d  USBDeviceEnumHandler            
00003275  USBDeviceEnumResetHandler       
00000ca9  USBDeviceIntHandlerInternal     
00002e95  USBDeviceResumeTickHandler      
0000413b  USBEndpointDMAChannel           
000030b7  USBEndpointDMAConfigSet         
00003e4b  USBEndpointDMADisable           
00003e6f  USBEndpointDMAEnable            
000040cd  USBEndpointDataAvail            
00003419  USBEndpointDataGet              
00003afd  USBEndpointDataPut              
00003bb9  USBEndpointDataSend             
0000459b  USBEndpointPacketCountSet       
000044bd  USBEndpointStatus               
00004647  USBFIFOAddrGet                  
000035db  USBFIFOConfigSet                
0000439d  USBHostResume                   
00003d8d  USBIntEnableControl             
000043b1  USBIntEnableEndpoint            
0000379d  USBIntStatusControl             
00004625  USBIntStatusEndpoint            
000045a7  USBLPMIntEnable                 
00004691  USBLPMIntStatus                 
000009e9  USBLibDMAInit                   
0000464f  USBOTGMode                      
00003fc5  USBRingBufAdvanceRead           
000037d5  USBRingBufAdvanceWrite          
000040e9  USBRingBufContigFree            
000044cd  USBRingBufContigUsed            
000042a5  USBRingBufFlush                 
0000446b  USBRingBufFree                  
000045b3  USBRingBufInit                  
00004155  USBRingBufRead                  
000042bb  USBRingBufReadOne               
000042d1  USBRingBufUsed                  
0000416f  USBRingBufWrite                 
000044dd  USBRingBufWriteOne              
00002ee5  USBUARTIntHandler               
00004541  USBULPIDisable                  
0000454f  USBULPIEnable                   
00004003  USBULPIRegRead                  
00004021  USBULPIRegWrite                 
20000ba4  __STACK_END                     
00000400  __STACK_SIZE                    
20000ba4  __STACK_TOP                     
00004d40  __TI_CINIT_Base                 
00004d50  __TI_CINIT_Limit                
00004d2c  __TI_Handler_Table_Base         
00004d38  __TI_Handler_Table_Limit        
00002599  __TI_auto_init                  
20000e94  __TI_cleanup_ptr                
0000455d  __TI_decompress_none            
00004697  __TI_decompress_rle24           
20000e98  __TI_dtors_ptr                  
00000000  __TI_static_base__              
000045bf  __TI_zero_init                  
000022e7  __aeabi_memclr                  
000022e7  __aeabi_memclr4                 
000022e7  __aeabi_memclr8                 
00001bcd  __aeabi_memcpy                  
00001bcd  __aeabi_memcpy4                 
00001bcd  __aeabi_memcpy8                 
000022e9  __aeabi_memset                  
000022e9  __aeabi_memset4                 
000022e9  __aeabi_memset8                 
ffffffff  __binit__                       
ffffffff  __c_args__                      
200007a4  __stack                         
00004219  _args_main                      
00002f35  _c_int00                        
20000e8c  _lock                           
000043e7  _nop                            
000043df  _register_lock                  
000043d9  _register_unlock                
000046bb  _system_pre_init                
20000e90  _unlock                         
000034a5  abort                           
ffffffff  binit                           
00003105  copy_in                         
000034ad  exit                            
20000e74  g_bUSBTimerInitialized          
20000e80  g_iUSBMode                      
00004998  g_pCDCCompSerConfigDescriptors  
20000790  g_pcStatus                      
20000748  g_pfnTickHandlers               
00000000  g_pfnVectors                    
00004994  g_ppCDCSerConfigDescriptors     
20000794  g_ppCompConfigDescriptors       
20000000  g_ppcUSBTxBuffer                
20000798  g_ppsDevInfo                    
20000200  g_ppui8USBRxBuffer              
20000e38  g_psCDCCompSerSections          
20000ba4  g_psCDCDevice                   
20000e2c  g_psCDCSerSections              
20000dc0  g_psCmdTable                    
20000760  g_psCompEntries                 
20000694  g_psDCDInst                     
20000ce0  g_psRxBuffer                    
20000d50  g_psTxBuffer                    
20000610  g_pucDescriptorData             
00004ae8  g_pui8CDCSerCommInterface       
00004b48  g_pui8CDCSerDataInterface       
20000e1a  g_pui8CDCSerDescriptor          
20000e08  g_pui8CDCSerDeviceDescriptor    
0000499c  g_pui8ConfigString              
00004a98  g_pui8ControlInterfaceString    
20000e23  g_pui8IADSerDescriptor          
00004b5f  g_pui8LangDescriptor            
00004ac4  g_pui8ManufacturerString        
00004b0b  g_pui8ProductString             
00004b63  g_pui8SerialNumberString        
00004b30  g_pui8StringDescriptors         
20000778  g_pvTickInstance                
0000498c  g_sCDCCompSerConfigHeader       
00004a08  g_sCDCHandlers                  
00004974  g_sCDCSerCommInterfaceSection   
00004984  g_sCDCSerConfigHeader           
00004964  g_sCDCSerConfigSection          
0000497c  g_sCDCSerDataInterfaceSection   
20000c64  g_sCompDevice                   
00004a38  g_sCompHandlers                 
0000496c  g_sIADSerConfigSection          
20000e78  g_ui32CurrentUSBTick            
20000e5c  g_ui32Flags                     
20000e48  g_ui32SysClock                  
20000e58  g_ui32SysTickCount              
20000e50  g_ui32UARTRxCount               
20000e4c  g_ui32UARTTxCount               
20000e7c  g_ui32USBSOFCount               
20000e84  g_ui32WaitTicks                 
00000811  main                            
20000ea4  main_func_sp                    
00001bcd  memcpy                          
000022ef  memset                          
00004231  strcmp                          
00003305  uDMAChannelAttributeDisable     
00003e95  uDMAChannelControlSet           
00004249  uDMAChannelDisable              
00004261  uDMAChannelEnable               
00003db5  uDMAChannelModeGet              
0000216d  uDMAChannelTransferSet          


GLOBAL SYMBOLS: SORTED BY Symbol Address 

address   name                            
-------   ----                            
00000000  __TI_static_base__              
00000000  g_pfnVectors                    
00000201  PinoutSet                       
00000400  __STACK_SIZE                    
00000415  SysCtlClockFreqSet              
00000619  BuildCompositeDescriptor        
00000811  main                            
000009e9  USBLibDMAInit                   
00000ca9  USBDeviceIntHandlerInternal     
00000df9  USBDCDInit                      
00000f41  USBDeviceConfig                 
00001081  GPIOPadConfigSet                
000011b1  Cmd_led                         
0000146d  USBDeviceEnumHandler            
00001619  USBDCompositeInit               
000016ed  ControlHandler                  
00001a91  USBDCDCCompositeInit            
00001b31  RxHandlerCmd                    
00001bcd  __aeabi_memcpy                  
00001bcd  __aeabi_memcpy4                 
00001bcd  __aeabi_memcpy8                 
00001bcd  memcpy                          
00001ebd  USBDCDCPacketRead               
00001fd9  USBDeviceConfigAlternate        
0000216d  uDMAChannelTransferSet          
0000226d  USBDevEndpointConfigSet         
000022e7  __aeabi_memclr                  
000022e7  __aeabi_memclr4                 
000022e7  __aeabi_memclr8                 
000022e9  __aeabi_memset                  
000022e9  __aeabi_memset4                 
000022e9  __aeabi_memset8                 
000022ef  memset                          
000023d5  ProcessDataFromHost             
00002599  __TI_auto_init                  
00002671  IntDisable                      
000026d9  IntEnable                       
00002811  CmdLineProcess                  
00002875  Cmd_help                        
000028d9  IntIsEnabled                    
000029a1  Echo                            
00002b21  USBBufferEventCallback          
00002be1  ProcessDataToHost               
00002c3f  USBDevEndpointStatusClear       
00002cf5  USBDCDCPacketWrite              
00002da3  ULPIConfigSet                   
00002df5  SysCtlPeripheralReset           
00002e45  USBDCDConfigDescGet             
00002e95  USBDeviceResumeTickHandler      
00002ee5  USBUARTIntHandler               
00002f35  _c_int00                        
00002f85  USBDevEndpointStallClear        
000030b7  USBEndpointDMAConfigSet         
00003105  copy_in                         
00003275  USBDeviceEnumResetHandler       
00003305  uDMAChannelAttributeDisable     
0000334d  CommandPrint                    
00003391  USBDCDDeviceInfoInit            
00003419  USBEndpointDataGet              
000034a1  C$$EXIT                         
000034a5  abort                           
000034ad  exit                            
000034e5  UARTConfigSetExpClk             
000035a1  USBDCDConfigGetInterfaceEndpoint
000035db  USBFIFOConfigSet                
00003685  InternalUSBRegisterTickHandler  
0000379d  USBIntStatusControl             
000037d5  USBRingBufAdvanceWrite          
0000380d  InternalUSBStartOfFrameTick     
00003841  RxHandlerEcho                   
00003875  SysCtlPeripheralEnable          
000038a9  USBDCDCSerialStateChange        
000039a7  ProcessNotificationToHost       
000039d9  USBDevEndpointStall             
00003a9d  InternalUSBTickInit             
00003afd  USBEndpointDataPut              
00003b5d  USBBufferWrite                  
00003b8b  USBDCDCRxPacketAvailable        
00003bb9  USBEndpointDataSend             
00003c13  USBDescGet                      
00003c95  GPIODirModeSet                  
00003ce9  USBDCDConfigDescGetNum          
00003d13  USBBufferRead                   
00003d65  USBDescGetNum                   
00003d8d  USBIntEnableControl             
00003db5  uDMAChannelModeGet              
00003ddd  UARTConfigGetExpClk             
00003e27  USBDevEndpointDataAck           
00003e4b  USBEndpointDMADisable           
00003e6f  USBEndpointDMAEnable            
00003e95  uDMAChannelControlSet           
00003fc5  USBRingBufAdvanceRead           
00004003  USBULPIRegRead                  
00004021  USBULPIRegWrite                 
00004079  UARTDisable                     
00004095  USBDCDConfigGetInterface        
000040b1  USBDCDStallEP0                  
000040cd  USBEndpointDataAvail            
000040e9  USBRingBufContigFree            
0000413b  USBEndpointDMAChannel           
00004155  USBRingBufRead                  
0000416f  USBRingBufWrite                 
000041a1  USB0DeviceIntHandler            
000041b9  USBBufferInit                   
000041d1  USBDCDConfigDescGetSize         
00004219  _args_main                      
00004231  strcmp                          
00004249  uDMAChannelDisable              
00004261  uDMAChannelEnable               
000042a5  USBRingBufFlush                 
000042bb  USBRingBufReadOne               
000042d1  USBRingBufUsed                  
000042fd  SysCtlUSBPLLEnable              
00004311  SysTickEnable                   
00004325  SysTickIntEnable                
00004339  UARTBreakCtl                    
0000434d  UARTEnable                      
00004361  USBDCDRequestDataEP0            
00004375  USBDCDSendDataEP0               
00004389  USBDMAChannelConfigSet          
0000439d  USBHostResume                   
000043b1  USBIntEnableEndpoint            
000043d9  _register_unlock                
000043df  _register_lock                  
000043e7  _nop                            
000043ed  GPIOPinTypeEthernetLED          
00004423  USBDMAChannelDisable            
00004435  USBDMAChannelEnable             
00004447  USBDMAChannelIntDisable         
00004459  USBDMAChannelIntEnable          
0000446b  USBRingBufFree                  
0000447d  IntMasterDisable                
0000448d  IntMasterEnable                 
0000449d  SysTickIntHandler               
000044ad  SysTickPeriodSet                
000044bd  USBEndpointStatus               
000044cd  USBRingBufContigUsed            
000044dd  USBRingBufWriteOne              
000044fb  UARTCharGetNonBlocking          
00004509  USBDCDCTxPacketAvailable        
00004517  USBDMAChannelStatus             
00004525  USBDevLPMDisable                
00004533  USBDevLPMEnable                 
00004541  USBULPIDisable                  
0000454f  USBULPIEnable                   
0000455d  __TI_decompress_none            
0000456b  CPUcpsid                        
00004577  CPUcpsie                        
00004583  UARTCharsAvail                  
0000458f  UARTSpaceAvail                  
0000459b  USBEndpointPacketCountSet       
000045a7  USBLPMIntEnable                 
000045b3  USBRingBufInit                  
000045bf  __TI_zero_init                  
000045cb  UARTCharPut                     
000045d5  UARTIntDisable                  
000045df  UARTIntStatus                   
000045e9  USBClockEnable                  
000045f3  USBControllerVersion            
000045fd  USBDMAChannelAddressSet         
00004607  USBDMAChannelCountSet           
00004611  USBDevConnect                   
0000461b  USBDevDisconnect                
00004625  USBIntStatusEndpoint            
0000462f  UARTBusy                        
00004637  UARTIntEnable                   
0000463f  USBDevMode                      
00004647  USBFIFOAddrGet                  
0000464f  USBOTGMode                      
00004667  ResetISR                        
0000466d  UARTFIFOLevelSet                
00004673  USBBufferDataAvailable          
00004679  USBBufferFlush                  
0000467f  USBBufferSpaceAvailable         
00004685  USBDMAChannelIntStatus          
0000468b  USBDevLPMConfig                 
00004691  USBLPMIntStatus                 
00004697  __TI_decompress_rle24           
000046a3  Cmd_echo                        
000046ab  TxHandlerCmd                    
000046af  TxHandlerEcho                   
000046b3  UARTIntClear                    
000046b7  USBDevAddrSet                   
000046bb  _system_pre_init                
00004964  g_sCDCSerConfigSection          
0000496c  g_sIADSerConfigSection          
00004974  g_sCDCSerCommInterfaceSection   
0000497c  g_sCDCSerDataInterfaceSection   
00004984  g_sCDCSerConfigHeader           
0000498c  g_sCDCCompSerConfigHeader       
00004994  g_ppCDCSerConfigDescriptors     
00004998  g_pCDCCompSerConfigDescriptors  
0000499c  g_pui8ConfigString              
00004a08  g_sCDCHandlers                  
00004a38  g_sCompHandlers                 
00004a98  g_pui8ControlInterfaceString    
00004ac4  g_pui8ManufacturerString        
00004ae8  g_pui8CDCSerCommInterface       
00004b0b  g_pui8ProductString             
00004b30  g_pui8StringDescriptors         
00004b48  g_pui8CDCSerDataInterface       
00004b5f  g_pui8LangDescriptor            
00004b63  g_pui8SerialNumberString        
00004d2c  __TI_Handler_Table_Base         
00004d38  __TI_Handler_Table_Limit        
00004d40  __TI_CINIT_Base                 
00004d50  __TI_CINIT_Limit                
20000000  g_ppcUSBTxBuffer                
20000200  g_ppui8USBRxBuffer              
20000610  g_pucDescriptorData             
20000694  g_psDCDInst                     
20000748  g_pfnTickHandlers               
20000760  g_psCompEntries                 
20000778  g_pvTickInstance                
20000790  g_pcStatus                      
20000794  g_ppCompConfigDescriptors       
20000798  g_ppsDevInfo                    
200007a4  __stack                         
20000ba4  __STACK_END                     
20000ba4  __STACK_TOP                     
20000ba4  g_psCDCDevice                   
20000c64  g_sCompDevice                   
20000ce0  g_psRxBuffer                    
20000d50  g_psTxBuffer                    
20000dc0  g_psCmdTable                    
20000e08  g_pui8CDCSerDeviceDescriptor    
20000e1a  g_pui8CDCSerDescriptor          
20000e23  g_pui8IADSerDescriptor          
20000e2c  g_psCDCSerSections              
20000e38  g_psCDCCompSerSections          
20000e48  g_ui32SysClock                  
20000e4c  g_ui32UARTTxCount               
20000e50  g_ui32UARTRxCount               
20000e58  g_ui32SysTickCount              
20000e5c  g_ui32Flags                     
20000e74  g_bUSBTimerInitialized          
20000e78  g_ui32CurrentUSBTick            
20000e7c  g_ui32USBSOFCount               
20000e80  g_iUSBMode                      
20000e84  g_ui32WaitTicks                 
20000e8c  _lock                           
20000e90  _unlock                         
20000e94  __TI_cleanup_ptr                
20000e98  __TI_dtors_ptr                  
20000ea4  main_func_sp                    
ffffffff  __binit__                       
ffffffff  __c_args__                      
ffffffff  binit                           
UNDEFED   SHT$$INIT_ARRAY$$Base           
UNDEFED   SHT$$INIT_ARRAY$$Limit          

[250 symbols]
