******************************************************************************
                  TI ARM Linker PC v5.2.2                      
******************************************************************************
>> Linked Tue Jul 07 10:10:23 2015

OUTPUT FILE NAME:   <bluetooth.out>
ENTRY POINT SYMBOL: "_c_int00"  address: 00001149


MEMORY CONFIGURATION

         name            origin    length      used     unused   attr    fill
----------------------  --------  ---------  --------  --------  ----  --------
  FLASH                 00000000   00040000  0000177f  0003e881  R  X
  SRAM                  20000000   00008000  00000484  00007b7c  RW X


SEGMENT ALLOCATION MAP

run origin  load origin   length   init length attrs members
----------  ----------- ---------- ----------- ----- -------
00000000    00000000    00001788   00001788    r-x
  00000000    00000000    0000026c   0000026c    r-- .intvecs
  0000026c    0000026c    0000133a   0000133a    r-x .text
  000015a8    000015a8    000001a1   000001a1    r-- .const
  00001750    00001750    00000038   00000038    r-- .cinit
20000000    20000000    00000484   00000000    rw-
  20000000    20000000    0000026c   00000000    rw- .vtable
  2000026c    2000026c    00000200   00000000    rw- .stack
  2000046c    2000046c    00000018   00000000    rw- .data


SECTION ALLOCATION MAP

 output                                  attributes/
section   page    origin      length       input sections
--------  ----  ----------  ----------   ----------------
.intvecs   0    00000000    0000026c     
                  00000000    0000026c     tm4c123gh6pm_startup_ccs.obj (.intvecs)

.text      0    0000026c    0000133a     
                  0000026c    00000614     main.obj (.text)
                  00000880    000001f4     rtsv7M4_T_le_v4SPD16_eabi.lib : ull_div_t2.obj (.text)
                  00000a74    00000184     pin_config.obj (.text)
                  00000bf8    00000132     driverlib.lib : gpio.obj (.text:GPIOPadConfigSet)
                  00000d2a    00000002     --HOLE-- [fill = 0]
                  00000d2c    000000f4                   : sysctl.obj (.text:SysCtlClockSet)
                  00000e20    0000009c     rtsv7M4_T_le_v4SPD16_eabi.lib : memcpy_t2.obj (.text)
                  00000ebc    0000007a     driverlib.lib : adc.obj (.text:ADCSequenceStepConfigure)
                  00000f36    0000007a     rtsv7M4_T_le_v4SPD16_eabi.lib : memset_t2.obj (.text)
                  00000fb0    0000006c                                   : autoinit.obj (.text)
                  0000101c    0000006a                                   : copy_decompress_rle.obj (.text)
                  00001086    00000002     --HOLE-- [fill = 0]
                  00001088    00000068     driverlib.lib : interrupt.obj (.text:IntEnable)
                  000010f0    00000056     rtsv7M4_T_le_v4SPD16_eabi.lib : ltoa.obj (.text)
                  00001146    00000002     --HOLE-- [fill = 0]
                  00001148    00000050                                   : boot.obj (.text)
                  00001198    0000004c     driverlib.lib : i2c.obj (.text:I2CMasterInitExpClk)
                  000011e4    0000004c     rtsv7M4_T_le_v4SPD16_eabi.lib : cpy_tbl.obj (.text)
                  00001230    00000048     driverlib.lib : gpio.obj (.text:GPIOPinConfigure)
                  00001278    00000046                   : uart.obj (.text:UARTConfigSetExpClk)
                  000012be    00000002     --HOLE-- [fill = 0]
                  000012c0    00000044     rtsv7M4_T_le_v4SPD16_eabi.lib : exit.obj (.text)
                  00001304    00000040     driverlib.lib : uart.obj (.text:_UARTIntNumberGet)
                  00001344    0000003e                   : adc.obj (.text:ADCSequenceConfigure)
                  00001382    00000002     --HOLE-- [fill = 0]
                  00001384    00000034                   : interrupt.obj (.text:IntRegister)
                  000013b8    00000034                   : sysctl.obj (.text:SysCtlPeripheralEnable)
                  000013ec    0000002a                   : gpio.obj (.text:GPIODirModeSet)
                  00001416    00000002     --HOLE-- [fill = 0]
                  00001418    00000020                   : uart.obj (.text:UARTDisable)
                  00001438    00000018                   : gpio.obj (.text:GPIOPinTypeGPIOOutput)
                  00001450    00000018                   : uart.obj (.text:UARTIntRegister)
                  00001468    00000018     rtsv7M4_T_le_v4SPD16_eabi.lib : args_main.obj (.text)
                  00001480    00000014     driverlib.lib : uart.obj (.text:UARTEnable)
                  00001494    00000014     rtsv7M4_T_le_v4SPD16_eabi.lib : _lock.obj (.text)
                  000014a8    00000012     driverlib.lib : gpio.obj (.text:GPIOPinTypeADC)
                  000014ba    00000012                   : gpio.obj (.text:GPIOPinTypeI2C)
                  000014cc    00000012                   : gpio.obj (.text:GPIOPinTypeI2CSCL)
                  000014de    00000012                   : gpio.obj (.text:GPIOPinTypeTimer)
                  000014f0    00000012                   : gpio.obj (.text:GPIOPinTypeUART)
                  00001502    0000000e                   : adc.obj (.text:ADCSequenceEnable)
                  00001510    0000000e                   : uart.obj (.text:UARTCharGetNonBlocking)
                  0000151e    0000000e     rtsv7M4_T_le_v4SPD16_eabi.lib : copy_decompress_none.obj (.text:decompress:none)
                  0000152c    0000000c                                   : copy_zero_init.obj (.text:decompress:ZI)
                  00001538    0000000c     tm4c123gh6pm_startup_ccs.obj (.text)
                  00001544    0000000a     driverlib.lib : i2c.obj (.text:I2CMasterEnable)
                  0000154e    0000000a                   : uart.obj (.text:UARTCharPut)
                  00001558    0000000a                   : uart.obj (.text:UARTIntStatus)
                  00001562    00000008                   : i2c.obj (.text:I2CMasterBusy)
                  0000156a    00000008                   : i2c.obj (.text:I2CMasterSlaveAddrSet)
                  00001572    00000008                   : uart.obj (.text:UARTIntEnable)
                  0000157a    00000006                   : sysctl.obj (.text:SysCtlDelay)
                  00001580    00000006                   : uart.obj (.text:UARTClockSourceSet)
                  00001586    00000006                   : uart.obj (.text:UARTFIFOLevelSet)
                  0000158c    00000006     rtsv7M4_T_le_v4SPD16_eabi.lib : copy_decompress_rle.obj (.text:decompress:rle24)
                  00001592    00000004     driverlib.lib : i2c.obj (.text:I2CMasterControl)
                  00001596    00000004                   : i2c.obj (.text:I2CMasterDataGet)
                  0000159a    00000004                   : i2c.obj (.text:I2CMasterDataPut)
                  0000159e    00000004                   : uart.obj (.text:UARTIntClear)
                  000015a2    00000004     rtsv7M4_T_le_v4SPD16_eabi.lib : pre_init.obj (.text)

.const     0    000015a8    000001a1     
                  000015a8    00000090     driverlib.lib : gpio.obj (.const:g_pui32GPIOBaseAddrs)
                  00001638    00000070                   : interrupt.obj (.const)
                  000016a8    00000040                   : uart.obj (.const:g_ppui32UARTIntMap)
                  000016e8    00000040                   : uart.obj (.const:g_ppui32UARTIntMapSnowflake)
                  00001728    00000021     main.obj (.const:.string)

.cinit     0    00001750    00000038     
                  00001750    0000000f     (.cinit..data.load) [load image, compression = rle]
                  0000175f    00000001     --HOLE-- [fill = 0]
                  00001760    0000000c     (__TI_handler_table)
                  0000176c    00000004     --HOLE-- [fill = 0]
                  00001770    00000008     (.cinit..vtable.load) [load image, compression = zero_init]
                  00001778    00000010     (__TI_cinit_table)

.init_array 
*          0    00000000    00000000     UNINITIALIZED

.vtable    0    20000000    0000026c     UNINITIALIZED
                  20000000    0000026c     driverlib.lib : interrupt.obj (.vtable)

.stack     0    2000026c    00000200     UNINITIALIZED
                  2000026c    00000200     --HOLE--

.data      0    2000046c    00000018     UNINITIALIZED
                  2000046c    00000008     rtsv7M4_T_le_v4SPD16_eabi.lib : _lock.obj (.data)
                  20000474    00000008                                   : exit.obj (.data)
                  2000047c    00000004     main.obj (.data)
                  20000480    00000004     rtsv7M4_T_le_v4SPD16_eabi.lib : stkdepth_vars.obj (.data)

.TI.persistent 
*          0    2000046c    00000000     UNINITIALIZED


LINKER GENERATED COPY TABLES

__TI_cinit_table @ 00001778 records: 2, size/record: 8, table size: 16
	.data: load addr=00001750, load size=0000000f bytes, run addr=2000046c, run size=00000018 bytes, compression=rle
	.vtable: load addr=00001770, load size=00000008 bytes, run addr=20000000, run size=0000026c bytes, compression=zero_init


LINKER GENERATED HANDLER TABLE

__TI_handler_table @ 00001760 records: 3, size/record: 4, table size: 12
	index: 0, handler: __TI_zero_init
	index: 1, handler: __TI_decompress_rle24
	index: 2, handler: __TI_decompress_none


GLOBAL SYMBOLS: SORTED ALPHABETICALLY BY Name 

address   name                    
-------   ----                    
00000669  ADCInit                 
00001345  ADCSequenceConfigure    
00001503  ADCSequenceEnable       
00000ebd  ADCSequenceStepConfigure
000007ff  BTInit                  
000005bb  BTuart                  
000012c1  C$$EXIT                 
00000545  ColorInit               
00000319  ColorRead               
000003a1  ColorReadAll            
000002bf  ColorReadSingleMemory   
0000026d  ColorSend               
000013ed  GPIODirModeSet          
00000bf9  GPIOPadConfigSet        
00001231  GPIOPinConfigure        
000014a9  GPIOPinTypeADC          
00001439  GPIOPinTypeGPIOOutput   
000014bb  GPIOPinTypeI2C          
000014cd  GPIOPinTypeI2CSCL       
000014df  GPIOPinTypeTimer        
000014f1  GPIOPinTypeUART         
0000068d  I2CInit                 
00001563  I2CMasterBusy           
00001593  I2CMasterControl        
00001597  I2CMasterDataGet        
0000159b  I2CMasterDataPut        
00001545  I2CMasterEnable         
00001199  I2CMasterInitExpClk     
0000156b  I2CMasterSlaveAddrSet   
00001089  IntEnable               
00001385  IntRegister             
00000777  PCSendColor             
000007c9  PCSendString            
00000585  PCuart                  
00000a75  PortFunctionInit        
00001539  ResetISR                
UNDEFED   SHT$$INIT_ARRAY$$Base   
UNDEFED   SHT$$INIT_ARRAY$$Limit  
00000d2d  SysCtlClockSet          
0000157b  SysCtlDelay             
000013b9  SysCtlPeripheralEnable  
00001511  UARTCharGetNonBlocking  
0000154f  UARTCharPut             
00001581  UARTClockSourceSet      
00001279  UARTConfigSetExpClk     
00001419  UARTDisable             
00001481  UARTEnable              
00001587  UARTFIFOLevelSet        
000005f1  UARTInit                
0000159f  UARTIntClear            
00001573  UARTIntEnable           
00001451  UARTIntRegister         
00001559  UARTIntStatus           
000006a1  UInt2String             
2000046c  __STACK_END             
00000200  __STACK_SIZE            
2000046c  __STACK_TOP             
00001778  __TI_CINIT_Base         
00001788  __TI_CINIT_Limit        
00001760  __TI_Handler_Table_Base 
0000176c  __TI_Handler_Table_Limit
00000fb1  __TI_auto_init          
20000474  __TI_cleanup_ptr        
0000151f  __TI_decompress_none    
0000158d  __TI_decompress_rle24   
20000478  __TI_dtors_ptr          
00000000  __TI_static_base__      
0000152d  __TI_zero_init          
00000f37  __aeabi_memclr          
00000f37  __aeabi_memclr4         
00000f37  __aeabi_memclr8         
00000e21  __aeabi_memcpy          
00000e21  __aeabi_memcpy4         
00000e21  __aeabi_memcpy8         
00000f39  __aeabi_memset          
00000f39  __aeabi_memset4         
00000f39  __aeabi_memset8         
00000881  __aeabi_uldivmod        
ffffffff  __binit__               
ffffffff  __c_args__              
2000026c  __stack                 
00001469  _args_main              
00001149  _c_int00                
2000046c  _lock                   
000014a3  _nop                    
0000149b  _register_lock          
00001495  _register_unlock        
000015a3  _system_pre_init        
20000470  _unlock                 
000012c5  abort                   
ffffffff  binit                   
000011e5  copy_in                 
000012cd  exit                    
20000000  g_pfnRAMVectors         
00000000  g_pfnVectors            
000010f1  ltoa                    
00000801  main                    
20000480  main_func_sp            
00000e21  memcpy                  
00000f3f  memset                  
2000047c  u32DelayTime            


GLOBAL SYMBOLS: SORTED BY Symbol Address 

address   name                    
-------   ----                    
00000000  __TI_static_base__      
00000000  g_pfnVectors            
00000200  __STACK_SIZE            
0000026d  ColorSend               
000002bf  ColorReadSingleMemory   
00000319  ColorRead               
000003a1  ColorReadAll            
00000545  ColorInit               
00000585  PCuart                  
000005bb  BTuart                  
000005f1  UARTInit                
00000669  ADCInit                 
0000068d  I2CInit                 
000006a1  UInt2String             
00000777  PCSendColor             
000007c9  PCSendString            
000007ff  BTInit                  
00000801  main                    
00000881  __aeabi_uldivmod        
00000a75  PortFunctionInit        
00000bf9  GPIOPadConfigSet        
00000d2d  SysCtlClockSet          
00000e21  __aeabi_memcpy          
00000e21  __aeabi_memcpy4         
00000e21  __aeabi_memcpy8         
00000e21  memcpy                  
00000ebd  ADCSequenceStepConfigure
00000f37  __aeabi_memclr          
00000f37  __aeabi_memclr4         
00000f37  __aeabi_memclr8         
00000f39  __aeabi_memset          
00000f39  __aeabi_memset4         
00000f39  __aeabi_memset8         
00000f3f  memset                  
00000fb1  __TI_auto_init          
00001089  IntEnable               
000010f1  ltoa                    
00001149  _c_int00                
00001199  I2CMasterInitExpClk     
000011e5  copy_in                 
00001231  GPIOPinConfigure        
00001279  UARTConfigSetExpClk     
000012c1  C$$EXIT                 
000012c5  abort                   
000012cd  exit                    
00001345  ADCSequenceConfigure    
00001385  IntRegister             
000013b9  SysCtlPeripheralEnable  
000013ed  GPIODirModeSet          
00001419  UARTDisable             
00001439  GPIOPinTypeGPIOOutput   
00001451  UARTIntRegister         
00001469  _args_main              
00001481  UARTEnable              
00001495  _register_unlock        
0000149b  _register_lock          
000014a3  _nop                    
000014a9  GPIOPinTypeADC          
000014bb  GPIOPinTypeI2C          
000014cd  GPIOPinTypeI2CSCL       
000014df  GPIOPinTypeTimer        
000014f1  GPIOPinTypeUART         
00001503  ADCSequenceEnable       
00001511  UARTCharGetNonBlocking  
0000151f  __TI_decompress_none    
0000152d  __TI_zero_init          
00001539  ResetISR                
00001545  I2CMasterEnable         
0000154f  UARTCharPut             
00001559  UARTIntStatus           
00001563  I2CMasterBusy           
0000156b  I2CMasterSlaveAddrSet   
00001573  UARTIntEnable           
0000157b  SysCtlDelay             
00001581  UARTClockSourceSet      
00001587  UARTFIFOLevelSet        
0000158d  __TI_decompress_rle24   
00001593  I2CMasterControl        
00001597  I2CMasterDataGet        
0000159b  I2CMasterDataPut        
0000159f  UARTIntClear            
000015a3  _system_pre_init        
00001760  __TI_Handler_Table_Base 
0000176c  __TI_Handler_Table_Limit
00001778  __TI_CINIT_Base         
00001788  __TI_CINIT_Limit        
20000000  g_pfnRAMVectors         
2000026c  __stack                 
2000046c  __STACK_END             
2000046c  __STACK_TOP             
2000046c  _lock                   
20000470  _unlock                 
20000474  __TI_cleanup_ptr        
20000478  __TI_dtors_ptr          
2000047c  u32DelayTime            
20000480  main_func_sp            
ffffffff  __binit__               
ffffffff  __c_args__              
ffffffff  binit                   
UNDEFED   SHT$$INIT_ARRAY$$Base   
UNDEFED   SHT$$INIT_ARRAY$$Limit  

[101 symbols]
